Archive member included to satisfy reference by file (symbol)

c:/nxp/s32ds.3.6.0/s32ds/build_tools/gcc_v10.2/gcc-10.2-arm32-eabi/bin/../lib/gcc/arm-none-eabi/10.2.0/../../../../arm-none-eabi/lib/thumb/v7e-m+fp/hard\libc_nano.a(lib_a-memcpy-stub.o)
                              ./FreeRTOS/Source/queue.o (memcpy)
c:/nxp/s32ds.3.6.0/s32ds/build_tools/gcc_v10.2/gcc-10.2-arm32-eabi/bin/../lib/gcc/arm-none-eabi/10.2.0/../../../../arm-none-eabi/lib/thumb/v7e-m+fp/hard\libc_nano.a(lib_a-memmove.o)
                              ./RTD/src/Siul2_Port_Ip.o (memmove)
c:/nxp/s32ds.3.6.0/s32ds/build_tools/gcc_v10.2/gcc-10.2-arm32-eabi/bin/../lib/gcc/arm-none-eabi/10.2.0/../../../../arm-none-eabi/lib/thumb/v7e-m+fp/hard\libc_nano.a(lib_a-memset.o)
                              ./FreeRTOS/Source/stream_buffer.o (memset)
c:/nxp/s32ds.3.6.0/s32ds/build_tools/gcc_v10.2/gcc-10.2-arm32-eabi/bin/../lib/gcc/arm-none-eabi/10.2.0/../../../../arm-none-eabi/lib/thumb/v7e-m+fp/hard\libc_nano.a(lib_a-snprintf.o)
                              ./FreeRTOS/Source/tasks.o (snprintf)
c:/nxp/s32ds.3.6.0/s32ds/build_tools/gcc_v10.2/gcc-10.2-arm32-eabi/bin/../lib/gcc/arm-none-eabi/10.2.0/../../../../arm-none-eabi/lib/thumb/v7e-m+fp/hard\libc_nano.a(lib_a-strcpy.o)
                              ./FreeRTOS/Source/tasks.o (strcpy)
c:/nxp/s32ds.3.6.0/s32ds/build_tools/gcc_v10.2/gcc-10.2-arm32-eabi/bin/../lib/gcc/arm-none-eabi/10.2.0/../../../../arm-none-eabi/lib/thumb/v7e-m+fp/hard\libc_nano.a(lib_a-strlen.o)
                              ./FreeRTOS/Source/tasks.o (strlen)
c:/nxp/s32ds.3.6.0/s32ds/build_tools/gcc_v10.2/gcc-10.2-arm32-eabi/bin/../lib/gcc/arm-none-eabi/10.2.0/../../../../arm-none-eabi/lib/thumb/v7e-m+fp/hard\libc_nano.a(lib_a-impure.o)
                              c:/nxp/s32ds.3.6.0/s32ds/build_tools/gcc_v10.2/gcc-10.2-arm32-eabi/bin/../lib/gcc/arm-none-eabi/10.2.0/../../../../arm-none-eabi/lib/thumb/v7e-m+fp/hard\libc_nano.a(lib_a-snprintf.o) (_impure_ptr)
c:/nxp/s32ds.3.6.0/s32ds/build_tools/gcc_v10.2/gcc-10.2-arm32-eabi/bin/../lib/gcc/arm-none-eabi/10.2.0/../../../../arm-none-eabi/lib/thumb/v7e-m+fp/hard\libc_nano.a(lib_a-nano-svfprintf.o)
                              c:/nxp/s32ds.3.6.0/s32ds/build_tools/gcc_v10.2/gcc-10.2-arm32-eabi/bin/../lib/gcc/arm-none-eabi/10.2.0/../../../../arm-none-eabi/lib/thumb/v7e-m+fp/hard\libc_nano.a(lib_a-snprintf.o) (_svfprintf_r)
c:/nxp/s32ds.3.6.0/s32ds/build_tools/gcc_v10.2/gcc-10.2-arm32-eabi/bin/../lib/gcc/arm-none-eabi/10.2.0/../../../../arm-none-eabi/lib/thumb/v7e-m+fp/hard\libc_nano.a(lib_a-nano-vfprintf_i.o)
                              c:/nxp/s32ds.3.6.0/s32ds/build_tools/gcc_v10.2/gcc-10.2-arm32-eabi/bin/../lib/gcc/arm-none-eabi/10.2.0/../../../../arm-none-eabi/lib/thumb/v7e-m+fp/hard\libc_nano.a(lib_a-nano-svfprintf.o) (_printf_i)
c:/nxp/s32ds.3.6.0/s32ds/build_tools/gcc_v10.2/gcc-10.2-arm32-eabi/bin/../lib/gcc/arm-none-eabi/10.2.0/../../../../arm-none-eabi/lib/thumb/v7e-m+fp/hard\libc_nano.a(lib_a-memchr.o)
                              c:/nxp/s32ds.3.6.0/s32ds/build_tools/gcc_v10.2/gcc-10.2-arm32-eabi/bin/../lib/gcc/arm-none-eabi/10.2.0/../../../../arm-none-eabi/lib/thumb/v7e-m+fp/hard\libc_nano.a(lib_a-nano-svfprintf.o) (memchr)
c:/nxp/s32ds.3.6.0/s32ds/build_tools/gcc_v10.2/gcc-10.2-arm32-eabi/bin/../lib/gcc/arm-none-eabi/10.2.0/../../../../arm-none-eabi/lib/thumb/v7e-m+fp/hard\libc_nano.a(lib_a-nano-freer.o)
                              c:/nxp/s32ds.3.6.0/s32ds/build_tools/gcc_v10.2/gcc-10.2-arm32-eabi/bin/../lib/gcc/arm-none-eabi/10.2.0/../../../../arm-none-eabi/lib/thumb/v7e-m+fp/hard\libc_nano.a(lib_a-nano-svfprintf.o) (_free_r)
c:/nxp/s32ds.3.6.0/s32ds/build_tools/gcc_v10.2/gcc-10.2-arm32-eabi/bin/../lib/gcc/arm-none-eabi/10.2.0/../../../../arm-none-eabi/lib/thumb/v7e-m+fp/hard\libc_nano.a(lib_a-nano-mallocr.o)
                              c:/nxp/s32ds.3.6.0/s32ds/build_tools/gcc_v10.2/gcc-10.2-arm32-eabi/bin/../lib/gcc/arm-none-eabi/10.2.0/../../../../arm-none-eabi/lib/thumb/v7e-m+fp/hard\libc_nano.a(lib_a-nano-svfprintf.o) (_malloc_r)
c:/nxp/s32ds.3.6.0/s32ds/build_tools/gcc_v10.2/gcc-10.2-arm32-eabi/bin/../lib/gcc/arm-none-eabi/10.2.0/../../../../arm-none-eabi/lib/thumb/v7e-m+fp/hard\libc_nano.a(lib_a-nano-reallocr.o)
                              c:/nxp/s32ds.3.6.0/s32ds/build_tools/gcc_v10.2/gcc-10.2-arm32-eabi/bin/../lib/gcc/arm-none-eabi/10.2.0/../../../../arm-none-eabi/lib/thumb/v7e-m+fp/hard\libc_nano.a(lib_a-nano-svfprintf.o) (_realloc_r)
c:/nxp/s32ds.3.6.0/s32ds/build_tools/gcc_v10.2/gcc-10.2-arm32-eabi/bin/../lib/gcc/arm-none-eabi/10.2.0/../../../../arm-none-eabi/lib/thumb/v7e-m+fp/hard\libc_nano.a(lib_a-sbrkr.o)
                              c:/nxp/s32ds.3.6.0/s32ds/build_tools/gcc_v10.2/gcc-10.2-arm32-eabi/bin/../lib/gcc/arm-none-eabi/10.2.0/../../../../arm-none-eabi/lib/thumb/v7e-m+fp/hard\libc_nano.a(lib_a-nano-mallocr.o) (_sbrk_r)
[...]
Memory Configuration

Name             Origin             Length             Attributes
int_pflash       0x00400000         0x007d4000
int_dflash       0x10000000         0x00020000
int_itcm         0x00000000         0x00008000
int_dtcm         0x20000000         0x0000f000
int_stack_dtcm   0x2000f000         0x00001000
int_sram         0x20400000         0x0007ff00
int_sram_fls_rsv 0x2047ff00         0x00000100
int_sram_no_cacheable 0x20480000         0x0003bf00
int_sram_results 0x204bbf00         0x00000100
int_sram_shareable 0x204bc000         0x00004000
ram_rsvd2        0x204c0000         0x00000000
*default*        0x00000000         0xffffffff

Linker script and memory map

LOAD ./FreeRTOS/Source/croutine.o
LOAD ./FreeRTOS/Source/event_groups.o
LOAD ./FreeRTOS/Source/list.o
LOAD ./FreeRTOS/Source/queue.o
LOAD ./FreeRTOS/Source/stream_buffer.o
LOAD ./FreeRTOS/Source/tasks.o
LOAD ./FreeRTOS/Source/timers.o
LOAD ./FreeRTOS/Source/portable/GCC/ARM_CM7/r0p1/port.o
LOAD ./FreeRTOS/Source/portable/MemMang/heap_1.o
LOAD ./Project_Settings/Startup_Code/Vector_Table.o
LOAD ./Project_Settings/Startup_Code/exceptions.o
LOAD ./Project_Settings/Startup_Code/nvic.o
LOAD ./Project_Settings/Startup_Code/startup.o
LOAD ./Project_Settings/Startup_Code/startup_cm7.o
LOAD ./Project_Settings/Startup_Code/system.o
LOAD ./RTD/src/Clock_Ip.o
LOAD ./RTD/src/Clock_Ip_Data.o
LOAD ./RTD/src/Clock_Ip_Divider.o
LOAD ./RTD/src/Clock_Ip_DividerTrigger.o
LOAD ./RTD/src/Clock_Ip_ExtOsc.o
LOAD ./RTD/src/Clock_Ip_FracDiv.o
LOAD ./RTD/src/Clock_Ip_Frequency.o
LOAD ./RTD/src/Clock_Ip_Gate.o
LOAD ./RTD/src/Clock_Ip_IntOsc.o
LOAD ./RTD/src/Clock_Ip_Irq.o
LOAD ./RTD/src/Clock_Ip_Monitor.o
LOAD ./RTD/src/Clock_Ip_Pll.o
LOAD ./RTD/src/Clock_Ip_ProgFreqSwitch.o
LOAD ./RTD/src/Clock_Ip_Selector.o
LOAD ./RTD/src/Clock_Ip_Specific.o
LOAD ./RTD/src/Det.o
LOAD ./RTD/src/Det_stub.o
LOAD ./RTD/src/OsIf_Interrupts.o
LOAD ./RTD/src/OsIf_Timer.o
LOAD ./RTD/src/OsIf_Timer_System.o
LOAD ./RTD/src/OsIf_Timer_System_Internal_Systick.o
LOAD ./RTD/src/Osif_Software_Semaphore.o
LOAD ./RTD/src/SchM_Dio.o
LOAD ./RTD/src/SchM_Mcu.o
LOAD ./RTD/src/SchM_Port.o
LOAD ./RTD/src/Siul2_Dio_Ip.o
LOAD ./RTD/src/Siul2_Port_Ip.o
LOAD ./RTD/src/Tspc_Port_Ip.o
LOAD ./board/Siul2_Port_Ip_Cfg.o
LOAD ./board/Tspc_Port_Ip_Cfg.o
LOAD ./generate/src/Clock_Ip_Cfg.o
LOAD ./generate/src/OsIf_Cfg.o
LOAD ./src/main.o
LOAD ./src/uart.o
LOAD c:/nxp/s32ds.3.6.0/s32ds/build_tools/gcc_v10.2/gcc-10.2-arm32-eabi/bin/../lib/gcc/arm-none-eabi/10.2.0/../../../../arm-none-eabi/lib/thumb/v7e-m+fp/hard\libc_nano.a
LOAD c:/nxp/s32ds.3.6.0/s32ds/build_tools/gcc_v10.2/gcc-10.2-arm32-eabi/bin/../lib/gcc/arm-none-eabi/10.2.0/../../../../arm-none-eabi/lib/thumb/v7e-m+fp/hard\libm.a
LOAD c:/nxp/s32ds.3.6.0/s32ds/build_tools/gcc_v10.2/gcc-10.2-arm32-eabi/bin/../lib/gcc/arm-none-eabi/10.2.0/thumb/v7e-m+fp/hard\libgcc.a
LOAD c:/nxp/s32ds.3.6.0/s32ds/build_tools/gcc_v10.2/gcc-10.2-arm32-eabi/bin/../lib/gcc/arm-none-eabi/10.2.0/../../../../arm-none-eabi/lib/thumb/v7e-m+fp/hard\libc_nano.a
LOAD c:/nxp/s32ds.3.6.0/s32ds/build_tools/gcc_v10.2/gcc-10.2-arm32-eabi/bin/../lib/gcc/arm-none-eabi/10.2.0/../../../../arm-none-eabi/lib/thumb/v7e-m+fp/hard\libm.a
LOAD c:/nxp/s32ds.3.6.0/s32ds/build_tools/gcc_v10.2/gcc-10.2-arm32-eabi/bin/../lib/gcc/arm-none-eabi/10.2.0/thumb/v7e-m+fp/hard\libgcc.a
START GROUP
LOAD c:/nxp/s32ds.3.6.0/s32ds/build_tools/gcc_v10.2/gcc-10.2-arm32-eabi/bin/../lib/gcc/arm-none-eabi/10.2.0/thumb/v7e-m+fp/hard\libgcc.a
LOAD c:/nxp/s32ds.3.6.0/s32ds/build_tools/gcc_v10.2/gcc-10.2-arm32-eabi/bin/../lib/gcc/arm-none-eabi/10.2.0/../../../../arm-none-eabi/lib/thumb/v7e-m+fp/hard\libg_nano.a
LOAD c:/nxp/s32ds.3.6.0/s32ds/build_tools/gcc_v10.2/gcc-10.2-arm32-eabi/bin/../lib/gcc/arm-none-eabi/10.2.0/../../../../arm-none-eabi/lib/thumb/v7e-m+fp/hard\libc_nano.a
END GROUP
START GROUP
LOAD c:/nxp/s32ds.3.6.0/s32ds/build_tools/gcc_v10.2/gcc-10.2-arm32-eabi/bin/../lib/gcc/arm-none-eabi/10.2.0/thumb/v7e-m+fp/hard\libgcc.a
LOAD c:/nxp/s32ds.3.6.0/s32ds/build_tools/gcc_v10.2/gcc-10.2-arm32-eabi/bin/../lib/gcc/arm-none-eabi/10.2.0/../../../../arm-none-eabi/lib/thumb/v7e-m+fp/hard\libc_nano.a
LOAD c:/nxp/s32ds.3.6.0/s32ds/build_tools/gcc_v10.2/gcc-10.2-arm32-eabi/bin/../lib/gcc/arm-none-eabi/10.2.0/../../../../arm-none-eabi/lib/thumb/v7e-m+fp/hard\libnosys.a
END GROUP
START GROUP
LOAD c:/nxp/s32ds.3.6.0/s32ds/build_tools/gcc_v10.2/gcc-10.2-arm32-eabi/bin/../lib/gcc/arm-none-eabi/10.2.0/thumb/v7e-m+fp/hard\libgcc.a
LOAD c:/nxp/s32ds.3.6.0/s32ds/build_tools/gcc_v10.2/gcc-10.2-arm32-eabi/bin/../lib/gcc/arm-none-eabi/10.2.0/../../../../arm-none-eabi/lib/thumb/v7e-m+fp/hard\libc_nano.a
LOAD c:/nxp/s32ds.3.6.0/s32ds/build_tools/gcc_v10.2/gcc-10.2-arm32-eabi/bin/../lib/gcc/arm-none-eabi/10.2.0/../../../../arm-none-eabi/lib/thumb/v7e-m+fp/hard\libnosys.a
END GROUP
                0x00002000                HEAP_SIZE = DEFINED (__heap_size__)?__heap_size__:0x2000
                0x2040ffff                __STANDBY_RAM_LIMIT_END = 0x2040ffff

.pflash         0x00400000     0xb004
                0x00400000                . = ALIGN (0x2000)
                0x00400000                __text_start = .
                0x00400000                __interrupts_init_start = .
 *(.intc_vector)
 .intc_vector   0x00400000      0x408 ./Project_Settings/Startup_Code/Vector_Table.o
                0x00400000                VTABLE
                0x00400408                . = ALIGN (0x4)
                0x00400408                __interrupts_init_end = .
 *(.core_loop)
 .core_loop     0x00400408        0xc ./Project_Settings/Startup_Code/startup_cm7.o
                0x00400408                _core_loop
                0x00400414                . = ALIGN (0x4)
 *(.startup)
 *fill*         0x00400414        0xc 
 .startup       0x00400420      0x204 ./Project_Settings/Startup_Code/startup_cm7.o
                0x00400420                Reset_Handler
                0x00400420                _start
                0x004005a4                MCAL_LTB_TRACE_OFF
                0x004005a6                _end_of_eunit_test
                0x00400624                . = ALIGN (0x4)
 *(.systeminit)
                0x00400624                . = ALIGN (0x4)
 *(.text.startup)
 .text.startup  0x00400624       0x6c ./src/main.o
                0x00400624                main
                0x00400690                . = ALIGN (0x4)
 *(.text)
 .text          0x00400690        0x0 ./FreeRTOS/Source/croutine.o
 .text          0x00400690      0x3b0 ./FreeRTOS/Source/event_groups.o
                0x00400690                xEventGroupCreate
                0x004006aa                xEventGroupWaitBits
                0x004007ca                xEventGroupClearBits
                0x00400818                vEventGroupClearBitsCallback
                0x0040081c                xEventGroupClearBitsFromISR
                0x0040082c                xEventGroupGetBitsFromISR
                0x0040084c                xEventGroupSetBits
                0x004008da                xEventGroupSync
                0x004009c2                vEventGroupSetBitsCallback
                0x004009c6                vEventGroupDelete
                0x00400a22                xEventGroupSetBitsFromISR
                0x00400a34                uxEventGroupGetNumber
                0x00400a3a                vEventGroupSetNumber
 .text          0x00400a40       0x80 ./FreeRTOS/Source/list.o
                0x00400a40                vListInitialise
                0x00400a56                vListInitialiseItem
                0x00400a5c                vListInsertEnd
                0x00400a74                vListInsert
                0x00400aa2                uxListRemove
 .text          0x00400ac0      0xe04 ./FreeRTOS/Source/queue.o
                0x00400bda                xQueueGenericReset
                0x00400c7c                xQueueGenericCreate
                0x00400cd4                xQueueGetMutexHolder
                0x00400d06                xQueueGetMutexHolderFromISR
                0x00400d2a                xQueueCreateCountingSemaphore
                0x00400d58                xQueueGenericSend
                0x00400ece                xQueueCreateMutex
                0x00400ef2                xQueueGiveMutexRecursive
                0x00400f32                xQueueGenericSendFromISR
                0x00401028                xQueueGiveFromISR
                0x00401102                xQueueReceive
                0x0040124c                xQueueSemaphoreTake
                0x004013ca                xQueueTakeMutexRecursive
                0x00401412                xQueuePeek
                0x0040155c                xQueueReceiveFromISR
                0x0040162a                xQueuePeekFromISR
                0x004016b0                uxQueueMessagesWaiting
                0x004016de                uxQueueSpacesAvailable
                0x00401710                uxQueueMessagesWaitingFromISR
                0x0040172c                uxQueueGetQueueNumber
                0x00401730                vQueueSetQueueNumber
                0x00401734                ucQueueGetQueueType
                0x0040173a                uxQueueGetQueueItemSize
                0x0040173e                uxQueueGetQueueLength
                0x00401742                xQueueIsQueueEmptyFromISR
                0x00401764                xQueueIsQueueFullFromISR
                0x00401788                vQueueAddToRegistry
                0x004017dc                pcQueueGetName
                0x00401818                vQueueUnregisterQueue
                0x00401858                vQueueDelete
                0x0040187e                vQueueWaitForMessageRestricted
 .text          0x004018c4      0x934 ./FreeRTOS/Source/stream_buffer.o
                0x00401a92                xStreamBufferGenericCreate
                0x00401b40                vStreamBufferDelete
                0x00401b6a                xStreamBufferReset
                0x00401bba                xStreamBufferResetFromISR
                0x00401c1a                xStreamBufferSetTriggerLevel
                0x00401c46                xStreamBufferSpacesAvailable
                0x00401c7c                xStreamBufferBytesAvailable
                0x00401c96                xStreamBufferSend
                0x00401dd2                xStreamBufferSendFromISR
                0x00401e7a                xStreamBufferReceive
                0x00401f6a                xStreamBufferNextMessageLengthBytes
                0x00401fc4                xStreamBufferReceiveFromISR
                0x00402060                xStreamBufferIsEmpty
                0x00402084                xStreamBufferIsFull
                0x004020b8                xStreamBufferSendCompletedFromISR
                0x0040210e                xStreamBufferReceiveCompletedFromISR
                0x00402164                uxStreamBufferGetStreamBufferNotificationIndex
                0x00402180                vStreamBufferSetStreamBufferNotificationIndex
                0x004021e8                uxStreamBufferGetStreamBufferNumber
                0x004021ec                vStreamBufferSetStreamBufferNumber
                0x004021f0                ucStreamBufferGetStreamBufferType
 .text          0x004021f8     0x1c70 ./FreeRTOS/Source/tasks.o
                0x00402374                xTaskCreate
                0x00402518                vTaskDelete
                0x004025c4                eTaskGetState
                0x00402650                uxTaskPriorityGet
                0x00402670                uxTaskPriorityGetFromISR
                0x004026a4                uxTaskBasePriorityGet
                0x004026c4                uxTaskBasePriorityGetFromISR
                0x004026f8                vTaskPrioritySet
                0x004027d8                vTaskResume
                0x0040286c                xTaskResumeFromISR
                0x00402928                vTaskStartScheduler
                0x004029b8                vTaskEndScheduler
                0x004029f8                vTaskSuspendAll
                0x00402a0c                xTaskGetTickCount
                0x00402a18                xTaskGetTickCountFromISR
                0x00402a28                uxTaskGetNumberOfTasks
                0x00402a34                pcTaskGetName
                0x00402a5c                xTaskIncrementTick
                0x00402bac                xTaskResumeAll
                0x00402cd0                xTaskDelayUntil
                0x00402d78                vTaskDelay
                0x00402dcc                xTaskGetHandle
                0x00402e50                xTaskCatchUpTicks
                0x00402e94                xTaskAbortDelay
                0x00402f30                vTaskSwitchContext
                0x00402fa0                vTaskSuspend
                0x00403048                vTaskPlaceOnEventList
                0x00403080                vTaskPlaceOnUnorderedEventList
                0x004030f4                vTaskPlaceOnEventListRestricted
                0x00403154                xTaskRemoveFromEventList
                0x00403220                vTaskRemoveFromUnorderedEventList
                0x004032e0                vTaskSetTimeOutState
                0x00403318                vTaskInternalSetTimeOutState
                0x0040332c                xTaskCheckForTimeOut
                0x004033bc                vTaskMissedYield
                0x004033cc                uxTaskGetTaskNumber
                0x004033d2                vTaskSetTaskNumber
                0x004033d8                vTaskGetInfo
                0x004034aa                uxTaskGetSystemState
                0x00403548                uxTaskGetStackHighWaterMark
                0x00403564                xTaskGetCurrentTaskHandle
                0x00403570                xTaskGetCurrentTaskHandleForCore
                0x00403580                xTaskGetSchedulerState
                0x004035a0                xTaskPriorityInherit
                0x00403630                xTaskPriorityDisinherit
                0x004036cc                vTaskPriorityDisinheritAfterTimeout
                0x0040377c                vTaskListTasks
                0x00403864                uxTaskResetEventItemValue
                0x0040387c                pvTaskIncrementMutexHeldCount
                0x00403890                ulTaskGenericNotifyTake
                0x00403924                xTaskGenericNotifyWait
                0x004039e4                xTaskGenericNotify
                0x00403b10                xTaskGenericNotifyFromISR
                0x00403c84                vTaskGenericNotifyGiveFromISR
                0x00403dac                xTaskGenericNotifyStateClear
                0x00403df4                ulTaskGenericNotifyValueClear
                0x00403e38                vTaskResetState
 .text          0x00403e68      0x5fc ./FreeRTOS/Source/timers.o
                0x00404100                xTimerCreateTimerTask
                0x0040414c                xTimerCreate
                0x004041aa                xTimerGenericCommandFromTask
                0x0040420c                xTimerGenericCommandFromISR
                0x00404264                xTimerGetTimerDaemonTaskHandle
                0x00404288                xTimerGetPeriod
                0x004042a4                vTimerSetReloadMode
                0x004042e2                xTimerGetReloadMode
                0x00404316                uxTimerGetReloadMode
                0x0040431a                xTimerGetExpiryTime
                0x00404336                pcTimerGetName
                0x00404352                xTimerIsTimerActive
                0x00404386                pvTimerGetTimerID
                0x004043b4                vTimerSetTimerID
                0x004043e0                xTimerPendFunctionCallFromISR
                0x00404408                xTimerPendFunctionCall
                0x0040444c                uxTimerGetTimerNumber
                0x00404450                vTimerSetTimerNumber
                0x00404454                vTimerResetState
 .text          0x00404464      0x3e0 ./FreeRTOS/Source/portable/GCC/ARM_CM7/r0p1/port.o
                0x0040448c                PendSV_Handler
                0x00404500                vPortSVCHandler
                0x00404598                pxPortInitialiseStack
                0x004045bc                vPortEndScheduler
                0x004045e4                vPortEnterCritical
                0x0040462c                vPortExitCritical
                0x00404658                SysTick_Handler
                0x00404688                vPortSetupTimerInterrupt
                0x004046a0                xPortStartScheduler
                0x004047e0                vPortValidateInterruptPriority
 .text          0x00404844       0x98 ./FreeRTOS/Source/portable/MemMang/heap_1.o
                0x00404844                pvPortMalloc
                0x00404898                vPortFree
                0x004048b2                vPortInitialiseBlocks
                0x004048c0                xPortGetFreeHeapSize
                0x004048d0                vPortHeapResetState
 .text          0x004048dc        0x0 ./Project_Settings/Startup_Code/Vector_Table.o
 .text          0x004048dc        0x0 ./Project_Settings/Startup_Code/exceptions.o
 .text          0x004048dc        0x0 ./Project_Settings/Startup_Code/nvic.o
 .text          0x004048dc        0x0 ./Project_Settings/Startup_Code/startup.o
 .text          0x004048dc        0x0 ./Project_Settings/Startup_Code/startup_cm7.o
 .text          0x004048dc       0x10 ./Project_Settings/Startup_Code/system.o
                0x004048dc                Sys_GetCoreID
 .text          0x004048ec        0x0 ./RTD/src/Clock_Ip.o
 .text          0x004048ec        0x0 ./RTD/src/Clock_Ip_Data.o
 .text          0x004048ec        0x0 ./RTD/src/Clock_Ip_Divider.o
 .text          0x004048ec        0x0 ./RTD/src/Clock_Ip_DividerTrigger.o
 .text          0x004048ec        0x0 ./RTD/src/Clock_Ip_ExtOsc.o
 .text          0x004048ec        0x0 ./RTD/src/Clock_Ip_FracDiv.o
 .text          0x004048ec        0x0 ./RTD/src/Clock_Ip_Frequency.o
 .text          0x004048ec        0x0 ./RTD/src/Clock_Ip_Gate.o
 .text          0x004048ec        0x0 ./RTD/src/Clock_Ip_IntOsc.o
 .text          0x004048ec        0x0 ./RTD/src/Clock_Ip_Irq.o
 .text          0x004048ec        0x0 ./RTD/src/Clock_Ip_Monitor.o
 .text          0x004048ec        0x0 ./RTD/src/Clock_Ip_Pll.o
 .text          0x004048ec        0x0 ./RTD/src/Clock_Ip_ProgFreqSwitch.o
 .text          0x004048ec        0x0 ./RTD/src/Clock_Ip_Selector.o
 .text          0x004048ec        0x0 ./RTD/src/Clock_Ip_Specific.o
 .text          0x004048ec        0x0 ./RTD/src/Det.o
 .text          0x004048ec        0x0 ./RTD/src/Det_stub.o
 .text          0x004048ec        0x0 ./RTD/src/OsIf_Interrupts.o
 .text          0x004048ec        0x0 ./RTD/src/OsIf_Timer.o
 .text          0x004048ec        0x0 ./RTD/src/OsIf_Timer_System.o
 .text          0x004048ec        0x0 ./RTD/src/OsIf_Timer_System_Internal_Systick.o
 .text          0x004048ec        0x0 ./RTD/src/Osif_Software_Semaphore.o
 .text          0x004048ec        0x6 ./RTD/src/SchM_Dio.o
                0x004048ec                Dio_schm_read_msr
 .text          0x004048f2        0x6 ./RTD/src/SchM_Mcu.o
                0x004048f2                Mcu_schm_read_msr
 .text          0x004048f8        0x6 ./RTD/src/SchM_Port.o
                0x004048f8                Port_schm_read_msr
 .text          0x004048fe       0x14 ./RTD/src/Siul2_Dio_Ip.o
 .text          0x00404912       0x14 ./RTD/src/Siul2_Port_Ip.o
 .text          0x00404926        0x0 ./RTD/src/Tspc_Port_Ip.o
 .text          0x00404926        0x0 ./board/Siul2_Port_Ip_Cfg.o
 .text          0x00404926        0x0 ./board/Tspc_Port_Ip_Cfg.o
 .text          0x00404926        0x0 ./generate/src/Clock_Ip_Cfg.o
 .text          0x00404926        0x0 ./generate/src/OsIf_Cfg.o
 *fill*         0x00404926        0x2 
 .text          0x00404928       0x84 ./src/main.o
                0x00404928                SendTask
                0x00404960                ReceiveTask
 .text          0x004049ac       0x24 ./src/uart.o
                0x004049ac                UART_init
                0x004049bc                UART_printf
 .text          0x004049d0        0x0 c:/nxp/s32ds.3.6.0/s32ds/build_tools/gcc_v10.2/gcc-10.2-arm32-eabi/bin/../lib/gcc/arm-none-eabi/10.2.0/../../../../arm-none-eabi/lib/thumb/v7e-m+fp/hard\libc_nano.a(lib_a-memcpy-stub.o)
 .text          0x004049d0        0x0 c:/nxp/s32ds.3.6.0/s32ds/build_tools/gcc_v10.2/gcc-10.2-arm32-eabi/bin/../lib/gcc/arm-none-eabi/10.2.0/../../../../arm-none-eabi/lib/thumb/v7e-m+fp/hard\libc_nano.a(lib_a-memmove.o)
 .text          0x004049d0        0x0 c:/nxp/s32ds.3.6.0/s32ds/build_tools/gcc_v10.2/gcc-10.2-arm32-eabi/bin/../lib/gcc/arm-none-eabi/10.2.0/../../../../arm-none-eabi/lib/thumb/v7e-m+fp/hard\libc_nano.a(lib_a-memset.o)
 .text          0x004049d0        0x0 c:/nxp/s32ds.3.6.0/s32ds/build_tools/gcc_v10.2/gcc-10.2-arm32-eabi/bin/../lib/gcc/arm-none-eabi/10.2.0/../../../../arm-none-eabi/lib/thumb/v7e-m+fp/hard\libc_nano.a(lib_a-snprintf.o)
 .text          0x004049d0        0x0 c:/nxp/s32ds.3.6.0/s32ds/build_tools/gcc_v10.2/gcc-10.2-arm32-eabi/bin/../lib/gcc/arm-none-eabi/10.2.0/../../../../arm-none-eabi/lib/thumb/v7e-m+fp/hard\libc_nano.a(lib_a-strcpy.o)
 .text          0x004049d0       0x10 c:/nxp/s32ds.3.6.0/s32ds/build_tools/gcc_v10.2/gcc-10.2-arm32-eabi/bin/../lib/gcc/arm-none-eabi/10.2.0/../../../../arm-none-eabi/lib/thumb/v7e-m+fp/hard\libc_nano.a(lib_a-strlen.o)
                0x004049d0                strlen
 .text          0x004049e0        0x0 c:/nxp/s32ds.3.6.0/s32ds/build_tools/gcc_v10.2/gcc-10.2-arm32-eabi/bin/../lib/gcc/arm-none-eabi/10.2.0/../../../../arm-none-eabi/lib/thumb/v7e-m+fp/hard\libc_nano.a(lib_a-impure.o)
 .text          0x004049e0        0x0 c:/nxp/s32ds.3.6.0/s32ds/build_tools/gcc_v10.2/gcc-10.2-arm32-eabi/bin/../lib/gcc/arm-none-eabi/10.2.0/../../../../arm-none-eabi/lib/thumb/v7e-m+fp/hard\libc_nano.a(lib_a-nano-svfprintf.o)
 .text          0x004049e0        0x0 c:/nxp/s32ds.3.6.0/s32ds/build_tools/gcc_v10.2/gcc-10.2-arm32-eabi/bin/../lib/gcc/arm-none-eabi/10.2.0/../../../../arm-none-eabi/lib/thumb/v7e-m+fp/hard\libc_nano.a(lib_a-nano-vfprintf_i.o)
 .text          0x004049e0       0xa0 c:/nxp/s32ds.3.6.0/s32ds/build_tools/gcc_v10.2/gcc-10.2-arm32-eabi/bin/../lib/gcc/arm-none-eabi/10.2.0/../../../../arm-none-eabi/lib/thumb/v7e-m+fp/hard\libc_nano.a(lib_a-memchr.o)
                0x004049e0                memchr
 .text          0x00404a80        0x0 c:/nxp/s32ds.3.6.0/s32ds/build_tools/gcc_v10.2/gcc-10.2-arm32-eabi/bin/../lib/gcc/arm-none-eabi/10.2.0/../../../../arm-none-eabi/lib/thumb/v7e-m+fp/hard\libc_nano.a(lib_a-nano-freer.o)
 .text          0x00404a80        0x0 c:/nxp/s32ds.3.6.0/s32ds/build_tools/gcc_v10.2/gcc-10.2-arm32-eabi/bin/../lib/gcc/arm-none-eabi/10.2.0/../../../../arm-none-eabi/lib/thumb/v7e-m+fp/hard\libc_nano.a(lib_a-nano-mallocr.o)
 .text          0x00404a80        0x0 c:/nxp/s32ds.3.6.0/s32ds/build_tools/gcc_v10.2/gcc-10.2-arm32-eabi/bin/../lib/gcc/arm-none-eabi/10.2.0/../../../../arm-none-eabi/lib/thumb/v7e-m+fp/hard\libc_nano.a(lib_a-nano-reallocr.o)
 .text          0x00404a80        0x0 c:/nxp/s32ds.3.6.0/s32ds/build_tools/gcc_v10.2/gcc-10.2-arm32-eabi/bin/../lib/gcc/arm-none-eabi/10.2.0/../../../../arm-none-eabi/lib/thumb/v7e-m+fp/hard\libc_nano.a(lib_a-sbrkr.o)
 .text          0x00404a80        0x0 c:/nxp/s32ds.3.6.0/s32ds/build_tools/gcc_v10.2/gcc-10.2-arm32-eabi/bin/../lib/gcc/arm-none-eabi/10.2.0/../../../../arm-none-eabi/lib/thumb/v7e-m+fp/hard\libc_nano.a(lib_a-mlock.o)
 .text          0x00404a80        0x0 c:/nxp/s32ds.3.6.0/s32ds/build_tools/gcc_v10.2/gcc-10.2-arm32-eabi/bin/../lib/gcc/arm-none-eabi/10.2.0/../../../../arm-none-eabi/lib/thumb/v7e-m+fp/hard\libc_nano.a(lib_a-nano-msizer.o)
 .text          0x00404a80        0x0 c:/nxp/s32ds.3.6.0/s32ds/build_tools/gcc_v10.2/gcc-10.2-arm32-eabi/bin/../lib/gcc/arm-none-eabi/10.2.0/../../../../arm-none-eabi/lib/thumb/v7e-m+fp/hard\libc_nano.a(lib_a-reent.o)
 .text          0x00404a80        0x0 c:/nxp/s32ds.3.6.0/s32ds/build_tools/gcc_v10.2/gcc-10.2-arm32-eabi/bin/../lib/gcc/arm-none-eabi/10.2.0/../../../../arm-none-eabi/lib/thumb/v7e-m+fp/hard\libnosys.a(sbrk.o)
 *(.text*)
 .text.memcpy   0x00404a80       0x1c c:/nxp/s32ds.3.6.0/s32ds/build_tools/gcc_v10.2/gcc-10.2-arm32-eabi/bin/../lib/gcc/arm-none-eabi/10.2.0/../../../../arm-none-eabi/lib/thumb/v7e-m+fp/hard\libc_nano.a(lib_a-memcpy-stub.o)
                0x00404a80                memcpy
 .text.memmove  0x00404a9c       0x34 c:/nxp/s32ds.3.6.0/s32ds/build_tools/gcc_v10.2/gcc-10.2-arm32-eabi/bin/../lib/gcc/arm-none-eabi/10.2.0/../../../../arm-none-eabi/lib/thumb/v7e-m+fp/hard\libc_nano.a(lib_a-memmove.o)
                0x00404a9c                memmove
 .text.memset   0x00404ad0       0x10 c:/nxp/s32ds.3.6.0/s32ds/build_tools/gcc_v10.2/gcc-10.2-arm32-eabi/bin/../lib/gcc/arm-none-eabi/10.2.0/../../../../arm-none-eabi/lib/thumb/v7e-m+fp/hard\libc_nano.a(lib_a-memset.o)
                0x00404ad0                memset
 .text._snprintf_r
                0x00404ae0       0x5e c:/nxp/s32ds.3.6.0/s32ds/build_tools/gcc_v10.2/gcc-10.2-arm32-eabi/bin/../lib/gcc/arm-none-eabi/10.2.0/../../../../arm-none-eabi/lib/thumb/v7e-m+fp/hard\libc_nano.a(lib_a-snprintf.o)
                0x00404ae0                _snprintf_r
                0x00404ae0                _sniprintf_r
 *fill*         0x00404b3e        0x2 
 .text.snprintf
                0x00404b40       0x68 c:/nxp/s32ds.3.6.0/s32ds/build_tools/gcc_v10.2/gcc-10.2-arm32-eabi/bin/../lib/gcc/arm-none-eabi/10.2.0/../../../../arm-none-eabi/lib/thumb/v7e-m+fp/hard\libc_nano.a(lib_a-snprintf.o)
                0x00404b40                sniprintf
                0x00404b40                snprintf
 .text.strcpy   0x00404ba8       0x10 c:/nxp/s32ds.3.6.0/s32ds/build_tools/gcc_v10.2/gcc-10.2-arm32-eabi/bin/../lib/gcc/arm-none-eabi/10.2.0/../../../../arm-none-eabi/lib/thumb/v7e-m+fp/hard\libc_nano.a(lib_a-strcpy.o)
                0x00404ba8                strcpy
 .text.__ssputs_r
                0x00404bb8       0xb6 c:/nxp/s32ds.3.6.0/s32ds/build_tools/gcc_v10.2/gcc-10.2-arm32-eabi/bin/../lib/gcc/arm-none-eabi/10.2.0/../../../../arm-none-eabi/lib/thumb/v7e-m+fp/hard\libc_nano.a(lib_a-nano-svfprintf.o)
                0x00404bb8                __ssputs_r
 .text.__ssprint_r
                0x00404c6e       0xf6 c:/nxp/s32ds.3.6.0/s32ds/build_tools/gcc_v10.2/gcc-10.2-arm32-eabi/bin/../lib/gcc/arm-none-eabi/10.2.0/../../../../arm-none-eabi/lib/thumb/v7e-m+fp/hard\libc_nano.a(lib_a-nano-svfprintf.o)
                0x00404c6e                __ssprint_r
 .text._svfprintf_r
                0x00404d64      0x200 c:/nxp/s32ds.3.6.0/s32ds/build_tools/gcc_v10.2/gcc-10.2-arm32-eabi/bin/../lib/gcc/arm-none-eabi/10.2.0/../../../../arm-none-eabi/lib/thumb/v7e-m+fp/hard\libc_nano.a(lib_a-nano-svfprintf.o)
                0x00404d64                _svfiprintf_r
                0x00404d64                _svfprintf_r
 .text._printf_common
                0x00404f64       0xda c:/nxp/s32ds.3.6.0/s32ds/build_tools/gcc_v10.2/gcc-10.2-arm32-eabi/bin/../lib/gcc/arm-none-eabi/10.2.0/../../../../arm-none-eabi/lib/thumb/v7e-m+fp/hard\libc_nano.a(lib_a-nano-vfprintf_i.o)
                0x00404f64                _printf_common
 *fill*         0x0040503e        0x2 
 .text._printf_i
                0x00405040      0x24c c:/nxp/s32ds.3.6.0/s32ds/build_tools/gcc_v10.2/gcc-10.2-arm32-eabi/bin/../lib/gcc/arm-none-eabi/10.2.0/../../../../arm-none-eabi/lib/thumb/v7e-m+fp/hard\libc_nano.a(lib_a-nano-vfprintf_i.o)
                0x00405040                _printf_i
 .text._free_r  0x0040528c       0x98 c:/nxp/s32ds.3.6.0/s32ds/build_tools/gcc_v10.2/gcc-10.2-arm32-eabi/bin/../lib/gcc/arm-none-eabi/10.2.0/../../../../arm-none-eabi/lib/thumb/v7e-m+fp/hard\libc_nano.a(lib_a-nano-freer.o)
                0x0040528c                _free_r
 .text._malloc_r
                0x00405324       0xb4 c:/nxp/s32ds.3.6.0/s32ds/build_tools/gcc_v10.2/gcc-10.2-arm32-eabi/bin/../lib/gcc/arm-none-eabi/10.2.0/../../../../arm-none-eabi/lib/thumb/v7e-m+fp/hard\libc_nano.a(lib_a-nano-mallocr.o)
                0x00405324                _malloc_r
 .text._realloc_r
                0x004053d8       0x4c c:/nxp/s32ds.3.6.0/s32ds/build_tools/gcc_v10.2/gcc-10.2-arm32-eabi/bin/../lib/gcc/arm-none-eabi/10.2.0/../../../../arm-none-eabi/lib/thumb/v7e-m+fp/hard\libc_nano.a(lib_a-nano-reallocr.o)
                0x004053d8                _realloc_r
 .text._sbrk_r  0x00405424       0x20 c:/nxp/s32ds.3.6.0/s32ds/build_tools/gcc_v10.2/gcc-10.2-arm32-eabi/bin/../lib/gcc/arm-none-eabi/10.2.0/../../../../arm-none-eabi/lib/thumb/v7e-m+fp/hard\libc_nano.a(lib_a-sbrkr.o)
                0x00405424                _sbrk_r
 .text.__malloc_lock
                0x00405444        0x2 c:/nxp/s32ds.3.6.0/s32ds/build_tools/gcc_v10.2/gcc-10.2-arm32-eabi/bin/../lib/gcc/arm-none-eabi/10.2.0/../../../../arm-none-eabi/lib/thumb/v7e-m+fp/hard\libc_nano.a(lib_a-mlock.o)
                0x00405444                __malloc_lock
 .text.__malloc_unlock
                0x00405446        0x2 c:/nxp/s32ds.3.6.0/s32ds/build_tools/gcc_v10.2/gcc-10.2-arm32-eabi/bin/../lib/gcc/arm-none-eabi/10.2.0/../../../../arm-none-eabi/lib/thumb/v7e-m+fp/hard\libc_nano.a(lib_a-mlock.o)
                0x00405446                __malloc_unlock
 .text._malloc_usable_size_r
                0x00405448       0x10 c:/nxp/s32ds.3.6.0/s32ds/build_tools/gcc_v10.2/gcc-10.2-arm32-eabi/bin/../lib/gcc/arm-none-eabi/10.2.0/../../../../arm-none-eabi/lib/thumb/v7e-m+fp/hard\libc_nano.a(lib_a-nano-msizer.o)
                0x00405448                _malloc_usable_size_r
 .text.cleanup_glue
                0x00405458       0x1a c:/nxp/s32ds.3.6.0/s32ds/build_tools/gcc_v10.2/gcc-10.2-arm32-eabi/bin/../lib/gcc/arm-none-eabi/10.2.0/../../../../arm-none-eabi/lib/thumb/v7e-m+fp/hard\libc_nano.a(lib_a-reent.o)
                0x00405458                cleanup_glue
 *fill*         0x00405472        0x2 
 .text._reclaim_reent
                0x00405474       0xb8 c:/nxp/s32ds.3.6.0/s32ds/build_tools/gcc_v10.2/gcc-10.2-arm32-eabi/bin/../lib/gcc/arm-none-eabi/10.2.0/../../../../arm-none-eabi/lib/thumb/v7e-m+fp/hard\libc_nano.a(lib_a-reent.o)
                0x00405474                _reclaim_reent
 .text._sbrk    0x0040552c       0x1c c:/nxp/s32ds.3.6.0/s32ds/build_tools/gcc_v10.2/gcc-10.2-arm32-eabi/bin/../lib/gcc/arm-none-eabi/10.2.0/../../../../arm-none-eabi/lib/thumb/v7e-m+fp/hard\libnosys.a(sbrk.o)
                0x0040552c                _sbrk
                0x00405548                . = ALIGN (0x4)
 *(.mcal_text)
 .mcal_text     0x00405548       0x14 ./Project_Settings/Startup_Code/exceptions.o
                0x00405548                NMI_Handler
                0x0040554a                HardFault_Handler
                0x0040554c                MemManage_Handler
                0x0040554e                BusFault_Handler
                0x00405550                UsageFault_Handler
                0x00405552                SVC_Handler
                0x00405554                DebugMon_Handler
                0x0040555a                undefined_handler
 .mcal_text     0x0040555c       0x52 ./Project_Settings/Startup_Code/nvic.o
                0x0040555c                NVIC_SetPriorityGrouping
                0x00405570                NVIC_EnableIRQ
                0x00405588                NVIC_DisableIRQ
                0x004055a0                NVIC_SetPriority
 *fill*         0x004055ae        0x2 
 .mcal_text     0x004055b0       0xe8 ./Project_Settings/Startup_Code/startup.o
                0x004055b0                init_data_bss
                0x0040563c                init_data_bss_core2
 .mcal_text     0x00405698      0x324 ./Project_Settings/Startup_Code/system.o
                0x00405698                startup_go_to_user_mode
                0x0040569a                default_interrupt_routine
                0x0040569c                SystemInit
                0x004059a0                Enable_FPU
 .mcal_text     0x004059bc      0x88c ./RTD/src/Clock_Ip.o
                0x004059be                Clock_Ip_InitClock
                0x00405f6c                Clock_Ip_GetPllStatus
                0x00406010                Clock_Ip_DistributePll
                0x004060fc                Clock_Ip_Init
                0x00406120                Clock_Ip_DisableClockMonitor
                0x00406144                Clock_Ip_InstallNotificationsCallback
                0x00406150                Clock_Ip_DisableModuleClock
                0x00406178                Clock_Ip_EnableModuleClock
                0x004061a0                Clock_Ip_DisableFircInStandby
                0x004061b8                Clock_Ip_EnableFircInStandby
                0x004061d0                Clock_Ip_DisableSircInStandby
                0x004061e8                Clock_Ip_EnableSircInStandby
                0x00406200                Clock_Ip_ReportClockErrors
                0x0040620c                Clock_Ip_StartTimeout
                0x0040622c                Clock_Ip_TimeoutExpired
 .mcal_text     0x00406248      0x1dc ./RTD/src/Clock_Ip_Divider.o
 .mcal_text     0x00406424       0x98 ./RTD/src/Clock_Ip_DividerTrigger.o
 .mcal_text     0x004064bc      0x234 ./RTD/src/Clock_Ip_ExtOsc.o
 .mcal_text     0x004066f0        0x6 ./RTD/src/Clock_Ip_FracDiv.o
 .mcal_text     0x004066f6        0x2 ./RTD/src/Clock_Ip_Frequency.o
                0x004066f6                Clock_Ip_SetExternalSignalFrequency
 .mcal_text     0x004066f8      0x150 ./RTD/src/Clock_Ip_Gate.o
 .mcal_text     0x00406848      0x104 ./RTD/src/Clock_Ip_IntOsc.o
 .mcal_text     0x0040694c        0x4 ./RTD/src/Clock_Ip_Irq.o
                0x0040694c                Mcu_Cmu_ClockFail_IRQHandler
 .mcal_text     0x00406950      0x200 ./RTD/src/Clock_Ip_Monitor.o
                0x00406b0c                Clock_Ip_CMU_ClockFailInt
 .mcal_text     0x00406b50      0x1d4 ./RTD/src/Clock_Ip_Pll.o
 .mcal_text     0x00406d24      0x130 ./RTD/src/Clock_Ip_ProgFreqSwitch.o
 .mcal_text     0x00406e54      0x3dc ./RTD/src/Clock_Ip_Selector.o
                0x00407204                Clock_Ip_SetRtcRtccClksel_TrustedCall
 .mcal_text     0x00407230      0x3b0 ./RTD/src/Clock_Ip_Specific.o
                0x00407230                Clock_Ip_McMeEnterKey
                0x00407244                Clock_Ip_PowerClockIpModules
                0x0040752c                DisableFircInStandbyMode
                0x0040753c                EnableFircInStandbyMode
                0x00407558                DisableSircInStandbyMode
                0x00407568                EnableSircInStandbyMode
                0x00407584                Clock_Ip_Command
                0x004075d4                Clock_Ip_FLASH_SetFlashIWS
                0x004075d8                Clock_Ip_SetFlashWaitStates
                0x004075dc                Clock_Ip_SetRamWaitStates
 .mcal_text     0x004075e0      0x614 ./RTD/src/Det.o
                0x004075e0                Det_Start
                0x004075e2                Det_InitDataNode
                0x00407668                Det_LinkNodeToHead
                0x00407698                Det_DelAllNodesSameId
                0x00407796                Det_FreeNodesInLinkedList
                0x004078c2                Det_Init
                0x00407ac8                Det_ReportError
                0x00407b2c                Det_ReportRuntimeError
                0x00407b90                Det_ReportTransientFault
 .mcal_text     0x00407bf4      0x1f8 ./RTD/src/Det_stub.o
                0x00407bf4                Det_TestLastReportError
                0x00407c48                Det_TestLastReportRuntimeError
                0x00407c9c                Det_TestLastReportTransientFault
                0x00407cf0                Det_TestNoError
                0x00407d44                Det_TestNoRuntimeError
                0x00407d98                Det_TestNoTransientFault
 .mcal_text     0x00407dec       0x74 ./RTD/src/OsIf_Interrupts.o
                0x00407dec                OsIf_Interrupts_SuspendAllInterrupts
                0x00407e28                OsIf_Interrupts_ResumeAllInterrupts
 .mcal_text     0x00407e60       0x1e ./RTD/src/OsIf_Timer.o
                0x00407e60                OsIf_Init
                0x00407e68                OsIf_GetCounter
                0x00407e6c                OsIf_GetElapsed
                0x00407e74                OsIf_SetTimerFrequency
                0x00407e76                OsIf_MicrosToTicks
 *fill*         0x00407e7e        0x2 
 .mcal_text     0x00407e80       0x50 ./RTD/src/OsIf_Timer_System_Internal_Systick.o
                0x00407e80                OsIf_Timer_System_Internal_Init
                0x00407e98                OsIf_Timer_System_Internal_GetCounter
                0x00407ea4                OsIf_Timer_System_Internal_GetElapsed
 .mcal_text     0x00407ed0       0x4a ./RTD/src/Osif_Software_Semaphore.o
                0x00407ed0                Osif_Software_Semaphore_Lock
                0x00407ef4                Osif_Software_Semaphore_Unlock
 *fill*         0x00407f1a        0x2 
 .mcal_text     0x00407f1c       0xd8 ./RTD/src/SchM_Dio.o
                0x00407f1c                SchM_Enter_Dio_DIO_EXCLUSIVE_AREA_00
                0x00407f54                SchM_Exit_Dio_DIO_EXCLUSIVE_AREA_00
                0x00407f88                SchM_Enter_Dio_DIO_EXCLUSIVE_AREA_01
                0x00407fc0                SchM_Exit_Dio_DIO_EXCLUSIVE_AREA_01
 .mcal_text     0x00407ff4      0x144 ./RTD/src/SchM_Mcu.o
                0x00407ff4                SchM_Enter_Mcu_MCU_EXCLUSIVE_AREA_00
                0x0040802c                SchM_Exit_Mcu_MCU_EXCLUSIVE_AREA_00
                0x00408060                SchM_Enter_Mcu_MCU_EXCLUSIVE_AREA_01
                0x00408098                SchM_Exit_Mcu_MCU_EXCLUSIVE_AREA_01
                0x004080cc                SchM_Enter_Mcu_MCU_EXCLUSIVE_AREA_02
                0x00408104                SchM_Exit_Mcu_MCU_EXCLUSIVE_AREA_02
 .mcal_text     0x00408138      0xbd0 ./RTD/src/SchM_Port.o
                0x00408138                SchM_Enter_Port_PORT_EXCLUSIVE_AREA_00
                0x00408170                SchM_Exit_Port_PORT_EXCLUSIVE_AREA_00
                0x004081a4                SchM_Enter_Port_PORT_EXCLUSIVE_AREA_01
                0x004081dc                SchM_Exit_Port_PORT_EXCLUSIVE_AREA_01
                0x00408210                SchM_Enter_Port_PORT_EXCLUSIVE_AREA_02
                0x00408248                SchM_Exit_Port_PORT_EXCLUSIVE_AREA_02
                0x0040827c                SchM_Enter_Port_PORT_EXCLUSIVE_AREA_03
                0x004082b4                SchM_Exit_Port_PORT_EXCLUSIVE_AREA_03
                0x004082e8                SchM_Enter_Port_PORT_EXCLUSIVE_AREA_04
                0x00408320                SchM_Exit_Port_PORT_EXCLUSIVE_AREA_04
                0x00408354                SchM_Enter_Port_PORT_EXCLUSIVE_AREA_05
                0x0040838c                SchM_Exit_Port_PORT_EXCLUSIVE_AREA_05
                0x004083c0                SchM_Enter_Port_PORT_EXCLUSIVE_AREA_06
                0x004083f8                SchM_Exit_Port_PORT_EXCLUSIVE_AREA_06
                0x0040842c                SchM_Enter_Port_PORT_EXCLUSIVE_AREA_07
                0x00408464                SchM_Exit_Port_PORT_EXCLUSIVE_AREA_07
                0x00408498                SchM_Enter_Port_PORT_EXCLUSIVE_AREA_08
                0x004084d0                SchM_Exit_Port_PORT_EXCLUSIVE_AREA_08
                0x00408504                SchM_Enter_Port_PORT_EXCLUSIVE_AREA_09
                0x0040853c                SchM_Exit_Port_PORT_EXCLUSIVE_AREA_09
                0x00408570                SchM_Enter_Port_PORT_EXCLUSIVE_AREA_10
                0x004085a8                SchM_Exit_Port_PORT_EXCLUSIVE_AREA_10
                0x004085dc                SchM_Enter_Port_PORT_EXCLUSIVE_AREA_11
                0x00408614                SchM_Exit_Port_PORT_EXCLUSIVE_AREA_11
                0x00408648                SchM_Enter_Port_PORT_EXCLUSIVE_AREA_12
                0x00408680                SchM_Exit_Port_PORT_EXCLUSIVE_AREA_12
                0x004086b4                SchM_Enter_Port_PORT_EXCLUSIVE_AREA_13
                0x004086ec                SchM_Exit_Port_PORT_EXCLUSIVE_AREA_13
                0x00408720                SchM_Enter_Port_PORT_EXCLUSIVE_AREA_14
                0x00408758                SchM_Exit_Port_PORT_EXCLUSIVE_AREA_14
                0x0040878c                SchM_Enter_Port_PORT_EXCLUSIVE_AREA_15
                0x004087c4                SchM_Exit_Port_PORT_EXCLUSIVE_AREA_15
                0x004087f8                SchM_Enter_Port_PORT_EXCLUSIVE_AREA_16
                0x00408830                SchM_Exit_Port_PORT_EXCLUSIVE_AREA_16
                0x00408864                SchM_Enter_Port_PORT_EXCLUSIVE_AREA_17
                0x0040889c                SchM_Exit_Port_PORT_EXCLUSIVE_AREA_17
                0x004088d0                SchM_Enter_Port_PORT_EXCLUSIVE_AREA_18
                0x00408908                SchM_Exit_Port_PORT_EXCLUSIVE_AREA_18
                0x0040893c                SchM_Enter_Port_PORT_EXCLUSIVE_AREA_19
                0x00408974                SchM_Exit_Port_PORT_EXCLUSIVE_AREA_19
                0x004089a8                SchM_Enter_Port_PORT_EXCLUSIVE_AREA_20
                0x004089e0                SchM_Exit_Port_PORT_EXCLUSIVE_AREA_20
                0x00408a14                SchM_Enter_Port_PORT_EXCLUSIVE_AREA_21
                0x00408a4c                SchM_Exit_Port_PORT_EXCLUSIVE_AREA_21
                0x00408a80                SchM_Enter_Port_PORT_EXCLUSIVE_AREA_22
                0x00408ab8                SchM_Exit_Port_PORT_EXCLUSIVE_AREA_22
                0x00408aec                SchM_Enter_Port_PORT_EXCLUSIVE_AREA_23
                0x00408b24                SchM_Exit_Port_PORT_EXCLUSIVE_AREA_23
                0x00408b58                SchM_Enter_Port_PORT_EXCLUSIVE_AREA_24
                0x00408b90                SchM_Exit_Port_PORT_EXCLUSIVE_AREA_24
                0x00408bc4                SchM_Enter_Port_PORT_EXCLUSIVE_AREA_25
                0x00408bfc                SchM_Exit_Port_PORT_EXCLUSIVE_AREA_25
                0x00408c30                SchM_Enter_Port_PORT_EXCLUSIVE_AREA_26
                0x00408c68                SchM_Exit_Port_PORT_EXCLUSIVE_AREA_26
                0x00408c9c                SchM_Enter_Port_PORT_EXCLUSIVE_AREA_27
                0x00408cd4                SchM_Exit_Port_PORT_EXCLUSIVE_AREA_27
 .mcal_text     0x00408d08      0x1c8 ./RTD/src/Siul2_Dio_Ip.o
                0x00408d3e                Siul2_Dio_Ip_WritePin
                0x00408d92                Siul2_Dio_Ip_SetGPDO
                0x00408dac                Siul2_Dio_Ip_ClearGPDO
                0x00408dc8                Siul2_Dio_Ip_WritePins
                0x00408de0                Siul2_Dio_Ip_GetPinsOutput
                0x00408df8                Siul2_Dio_Ip_SetPins
                0x00408e16                Siul2_Dio_Ip_ClearPins
                0x00408e36                Siul2_Dio_Ip_TogglePins
                0x00408e54                Siul2_Dio_Ip_ReadPins
                0x00408e6e                Siul2_Dio_Ip_ReadPin
                0x00408ea0                Siul2_Dio_Ip_MaskedWritePins
 .mcal_text     0x00408ed0      0x458 ./RTD/src/Siul2_Port_Ip.o
                0x00409024                Siul2_Port_Ip_Init
                0x00409054                Siul2_Port_Ip_SetPullSel
                0x004090b0                Siul2_Port_Ip_SetOutputBuffer
                0x00409116                Siul2_Port_Ip_SetInputBuffer
                0x00409186                Siul2_Port_Ip_SetPinDirection
                0x004091fe                Siul2_Port_Ip_RevertPinConfiguration
                0x00409260                Siul2_Port_Ip_GetPinConfiguration
 .mcal_text     0x00409328      0x120 ./RTD/src/Tspc_Port_Ip.o
                0x00409328                Tspc_Port_Ip_EnableObeGroup
                0x00409358                Tspc_Port_Ip_DisableObeGroup
                0x00409388                Tspc_Port_Ip_MaskObeGroup
                0x004093a6                Tspc_Port_Ip_ConfigureObeGroup
                0x00409448                . = ALIGN (0x4)
 *(.acmcu_code_rom)
                0x00409448                . = ALIGN (0x4)
                0x00409448                __acfls_code_rom_start = .
 *(.acfls_code_rom)
 .acfls_code_rom
                0x00409448       0x58 ./RTD/src/Clock_Ip_Specific.o
                0x00409448                Clock_Ip_PRAMCSetRamIWS
 .acfls_code_rom.__stub
                0x004094a0        0x8 linker stubs
                0x004094a8                . = ALIGN (0x4)
                0x004094a8                __acfls_code_rom_end = .
                0x004094a8                __acmem_43_infls_code_rom_start = .
 *(.acmem_43_infls_code_rom)
                0x004094a8                . = ALIGN (0x4)
                0x004094a8                __acmem_43_infls_code_rom_end = .
 *(.init)
                0x004094a8                . = ALIGN (0x4)
 *(.fini)
                0x004094a8                . = ALIGN (0x4)
 *(.rodata)
 .rodata        0x004094a8        0x5 ./FreeRTOS/Source/tasks.o
 .rodata        0x004094ad        0x3 ./RTD/src/Clock_Ip_IntOsc.o
 .rodata        0x004094b0        0x4 ./RTD/src/Siul2_Port_Ip.o
                0x004094b0                Port_au32Siul2BaseAddr
 *(.rodata*)
 .rodata.str1.1
                0x004094b4       0x14 ./FreeRTOS/Source/tasks.o
 .rodata.str1.1
                0x004094c8        0xd ./FreeRTOS/Source/timers.o
 .rodata.str1.1
                0x004094d5       0x43 ./src/main.o
 .rodata._global_impure_ptr
                0x00409518        0x4 c:/nxp/s32ds.3.6.0/s32ds/build_tools/gcc_v10.2/gcc-10.2-arm32-eabi/bin/../lib/gcc/arm-none-eabi/10.2.0/../../../../arm-none-eabi/lib/thumb/v7e-m+fp/hard\libc_nano.a(lib_a-impure.o)
                0x00409518                _global_impure_ptr
 .rodata._svfprintf_r.str1.1
                0x0040951c       0x11 c:/nxp/s32ds.3.6.0/s32ds/build_tools/gcc_v10.2/gcc-10.2-arm32-eabi/bin/../lib/gcc/arm-none-eabi/10.2.0/../../../../arm-none-eabi/lib/thumb/v7e-m+fp/hard\libc_nano.a(lib_a-nano-svfprintf.o)
 .rodata._printf_i.str1.1
                0x0040952d       0x22 c:/nxp/s32ds.3.6.0/s32ds/build_tools/gcc_v10.2/gcc-10.2-arm32-eabi/bin/../lib/gcc/arm-none-eabi/10.2.0/../../../../arm-none-eabi/lib/thumb/v7e-m+fp/hard\libc_nano.a(lib_a-nano-vfprintf_i.o)
                0x00409550                . = ALIGN (0x4)
 *fill*         0x0040954f        0x1 
 *(.mcal_const_cfg)
 .mcal_const_cfg
                0x00409550       0xc0 ./board/Siul2_Port_Ip_Cfg.o
                0x00409550                g_pin_mux_InitConfigArr_PortContainer_0_BOARD_InitPeripherals
 .mcal_const_cfg
                0x00409610      0x6b4 ./generate/src/Clock_Ip_Cfg.o
                0x00409610                Clock_Ip_aClockConfig
                0x00409cc4                . = ALIGN (0x4)
 *(.mcal_const)
 .mcal_const    0x00409cc4     0x11ac ./RTD/src/Clock_Ip_Data.o
                0x00409cc4                Clock_Ip_axGateInfo
                0x0040a38c                Clock_Ip_axFeatureExtensions
                0x0040a5cc                Clock_Ip_aeHwDfsName
                0x0040a5d0                Clock_Ip_aeHwPllName
                0x0040a5d8                Clock_Ip_aeSourceTypeClockName
                0x0040a644                Clock_Ip_apxMcMeTriggerPartitions
                0x0040a654                Clock_Ip_apxMcMeGetPartitions
                0x0040a664                Clock_Ip_apxMcMeSetPartitions
                0x0040a674                Clock_Ip_axCmuInfo
                0x0040a6e4                Clock_Ip_aeCmuNames
                0x0040a700                Clock_Ip_apxCmu
                0x0040a71c                Clock_Ip_apxPll
                0x0040a72c                Clock_Ip_apxXosc
                0x0040a734                Clock_Ip_apxCgmPcfs
                0x0040a738                Clock_Ip_apxCgm
                0x0040a788                Clock_Ip_au16SelectorEntryRtcHardwareValue
                0x0040a7be                Clock_Ip_au16SelectorEntryHardwareValue
                0x0040a7f4                Clock_Ip_au8SoftwareMuxResetValue
                0x0040a890                Clock_Ip_au8ClockFeatures
                0x0040ae0c                Clock_Ip_au8CmuCallbackIndex
                0x0040ae16                Clock_Ip_au8PcfsCallbackIndex
                0x0040ae20                Clock_Ip_au8SelectorCallbackIndex
                0x0040ae2a                Clock_Ip_au8PllCallbackIndex
                0x0040ae34                Clock_Ip_au8FractionalDividerCallbackIndex
                0x0040ae3e                Clock_Ip_au8GateCallbackIndex
                0x0040ae48                Clock_Ip_au8IrcoscCallbackIndex
                0x0040ae52                Clock_Ip_au8XoscCallbackIndex
                0x0040ae5c                Clock_Ip_au8DividerTriggerCallbackIndex
                0x0040ae66                Clock_Ip_au8DividerCallbackIndex
 .mcal_const    0x0040ae70       0x14 ./RTD/src/Clock_Ip_Divider.o
                0x0040ae70                Clock_Ip_axDividerCallbacks
 .mcal_const    0x0040ae84       0x10 ./RTD/src/Clock_Ip_DividerTrigger.o
                0x0040ae84                Clock_Ip_axDividerTriggerCallbacks
 .mcal_const    0x0040ae94       0x30 ./RTD/src/Clock_Ip_ExtOsc.o
                0x0040ae94                Clock_Ip_axExtOscCallbacks
 .mcal_const    0x0040aec4        0xc ./RTD/src/Clock_Ip_FracDiv.o
                0x0040aec4                Clock_Ip_axFracDivCallbacks
 .mcal_const    0x0040aed0       0x10 ./RTD/src/Clock_Ip_Gate.o
                0x0040aed0                Clock_Ip_axGateCallbacks
 .mcal_const    0x0040aee0       0x30 ./RTD/src/Clock_Ip_IntOsc.o
                0x0040aee0                Clock_Ip_axIntOscCallbacks
 .mcal_const    0x0040af10       0x20 ./RTD/src/Clock_Ip_Monitor.o
                0x0040af10                Clock_Ip_axCmuCallbacks
 .mcal_const    0x0040af30       0x3c ./RTD/src/Clock_Ip_Pll.o
                0x0040af30                Clock_Ip_axPllCallbacks
 .mcal_const    0x0040af6c        0x8 ./RTD/src/Clock_Ip_ProgFreqSwitch.o
                0x0040af6c                Clock_Ip_axPcfsCallbacks
 .mcal_const    0x0040af74       0x28 ./RTD/src/Clock_Ip_Selector.o
                0x0040af74                Clock_Ip_axSelectorCallbacks
                0x0040af9c                . = ALIGN (0x4)
                0x0040af9c                __init_table = .
 *(.init_table)
 .init_table    0x0040af9c       0x4c ./Project_Settings/Startup_Code/startup_cm7.o
                0x0040afe8                . = ALIGN (0x4)
                0x0040afe8                __zero_table = .
 *(.zero_table)
 .zero_table    0x0040afe8       0x1c ./Project_Settings/Startup_Code/startup_cm7.o

.glue_7         0x0040b004        0x0
 .glue_7        0x0040b004        0x0 linker stubs

.glue_7t        0x0040b004        0x0
 .glue_7t       0x0040b004        0x0 linker stubs

.vfp11_veneer   0x0040b004        0x0
 .vfp11_veneer  0x0040b004        0x0 linker stubs

.v4_bx          0x0040b004        0x0
 .v4_bx         0x0040b004        0x0 linker stubs

.iplt           0x0040b004        0x0
 .iplt          0x0040b004        0x0 ./FreeRTOS/Source/event_groups.o

.boot_header    0x0040b004      0x100
 .boot_header   0x0040b004      0x100 ./Project_Settings/Startup_Code/startup_cm7.o

.rel.dyn        0x0040b104        0x0
 .rel.iplt      0x0040b104        0x0 ./FreeRTOS/Source/event_groups.o

.vectors
 *(.vectors)
                0x0040b104                . = ALIGN (0x4)
                0x0040b104                __text_end = .
                0x0040b104                __sram_data_rom = __text_end

.sram_bss       0x20400000     0x22d8
                0x20400000                . = ALIGN (0x8)
                0x20400000                __standby_ram_begin__ = .
 *(.standby_data)
                0x20400000                . = ALIGN (0x8)
                0x20400000                __standby_ram_end__ = .
                0x20400000                . = ALIGN (0x10)
                0x20400000                __sram_bss_start = .
 *(.bss)
 .bss           0x20400000        0x0 ./FreeRTOS/Source/croutine.o
 .bss           0x20400000        0x0 ./FreeRTOS/Source/event_groups.o
 .bss           0x20400000        0x0 ./FreeRTOS/Source/list.o
 .bss           0x20400000       0x10 ./FreeRTOS/Source/queue.o
                0x20400000                xQueueRegistry
 .bss           0x20400010        0x0 ./FreeRTOS/Source/stream_buffer.o
 .bss           0x20400010      0x104 ./FreeRTOS/Source/tasks.o
                0x2040001c                pxCurrentTCB
 .bss           0x20400114       0x3c ./FreeRTOS/Source/timers.o
 .bss           0x20400150        0xd ./FreeRTOS/Source/portable/GCC/ARM_CM7/r0p1/port.o
                0x20400150                svc_id
 *fill*         0x2040015d        0x3 
 .bss           0x20400160     0x2008 ./FreeRTOS/Source/portable/MemMang/heap_1.o
 .bss           0x20402168        0x0 ./Project_Settings/Startup_Code/Vector_Table.o
 .bss           0x20402168        0x0 ./Project_Settings/Startup_Code/exceptions.o
 .bss           0x20402168        0x0 ./Project_Settings/Startup_Code/nvic.o
 .bss           0x20402168        0x0 ./Project_Settings/Startup_Code/startup.o
 .bss           0x20402168        0x0 ./Project_Settings/Startup_Code/startup_cm7.o
 .bss           0x20402168       0x80 ./Project_Settings/Startup_Code/system.o
                0x20402168                rbar
                0x204021a8                rasr
 .bss           0x204021e8        0x0 ./RTD/src/Clock_Ip.o
 .bss           0x204021e8        0x0 ./RTD/src/Clock_Ip_Data.o
 .bss           0x204021e8        0x0 ./RTD/src/Clock_Ip_Divider.o
 .bss           0x204021e8        0x0 ./RTD/src/Clock_Ip_DividerTrigger.o
 .bss           0x204021e8        0x0 ./RTD/src/Clock_Ip_ExtOsc.o
 .bss           0x204021e8        0x0 ./RTD/src/Clock_Ip_FracDiv.o
 .bss           0x204021e8        0x0 ./RTD/src/Clock_Ip_Frequency.o
 .bss           0x204021e8        0x0 ./RTD/src/Clock_Ip_Gate.o
 .bss           0x204021e8        0x0 ./RTD/src/Clock_Ip_IntOsc.o
 .bss           0x204021e8        0x0 ./RTD/src/Clock_Ip_Irq.o
 .bss           0x204021e8        0x0 ./RTD/src/Clock_Ip_Monitor.o
 .bss           0x204021e8        0x0 ./RTD/src/Clock_Ip_Pll.o
 .bss           0x204021e8        0x0 ./RTD/src/Clock_Ip_ProgFreqSwitch.o
 .bss           0x204021e8        0x0 ./RTD/src/Clock_Ip_Selector.o
 .bss           0x204021e8        0x0 ./RTD/src/Clock_Ip_Specific.o
 .bss           0x204021e8        0x0 ./RTD/src/Det.o
 .bss           0x204021e8        0x0 ./RTD/src/Det_stub.o
 .bss           0x204021e8        0x0 ./RTD/src/OsIf_Interrupts.o
 .bss           0x204021e8        0x0 ./RTD/src/OsIf_Timer.o
 .bss           0x204021e8        0x0 ./RTD/src/OsIf_Timer_System.o
 .bss           0x204021e8        0x0 ./RTD/src/OsIf_Timer_System_Internal_Systick.o
 .bss           0x204021e8        0x0 ./RTD/src/Osif_Software_Semaphore.o
 .bss           0x204021e8        0x0 ./RTD/src/SchM_Dio.o
 .bss           0x204021e8        0x0 ./RTD/src/SchM_Mcu.o
 .bss           0x204021e8        0x0 ./RTD/src/SchM_Port.o
 .bss           0x204021e8        0x0 ./RTD/src/Siul2_Dio_Ip.o
 .bss           0x204021e8        0x0 ./RTD/src/Siul2_Port_Ip.o
 .bss           0x204021e8        0x0 ./RTD/src/Tspc_Port_Ip.o
 .bss           0x204021e8        0x0 ./board/Siul2_Port_Ip_Cfg.o
 .bss           0x204021e8        0x0 ./board/Tspc_Port_Ip_Cfg.o
 .bss           0x204021e8        0x0 ./generate/src/Clock_Ip_Cfg.o
 .bss           0x204021e8        0x0 ./generate/src/OsIf_Cfg.o
 .bss           0x204021e8        0x4 ./src/main.o
                0x204021e8                sem_handle
 .bss           0x204021ec        0x0 ./src/uart.o
 .bss           0x204021ec        0x0 c:/nxp/s32ds.3.6.0/s32ds/build_tools/gcc_v10.2/gcc-10.2-arm32-eabi/bin/../lib/gcc/arm-none-eabi/10.2.0/../../../../arm-none-eabi/lib/thumb/v7e-m+fp/hard\libc_nano.a(lib_a-memcpy-stub.o)
 .bss           0x204021ec        0x0 c:/nxp/s32ds.3.6.0/s32ds/build_tools/gcc_v10.2/gcc-10.2-arm32-eabi/bin/../lib/gcc/arm-none-eabi/10.2.0/../../../../arm-none-eabi/lib/thumb/v7e-m+fp/hard\libc_nano.a(lib_a-memmove.o)
 .bss           0x204021ec        0x0 c:/nxp/s32ds.3.6.0/s32ds/build_tools/gcc_v10.2/gcc-10.2-arm32-eabi/bin/../lib/gcc/arm-none-eabi/10.2.0/../../../../arm-none-eabi/lib/thumb/v7e-m+fp/hard\libc_nano.a(lib_a-memset.o)
 .bss           0x204021ec        0x0 c:/nxp/s32ds.3.6.0/s32ds/build_tools/gcc_v10.2/gcc-10.2-arm32-eabi/bin/../lib/gcc/arm-none-eabi/10.2.0/../../../../arm-none-eabi/lib/thumb/v7e-m+fp/hard\libc_nano.a(lib_a-snprintf.o)
 .bss           0x204021ec        0x0 c:/nxp/s32ds.3.6.0/s32ds/build_tools/gcc_v10.2/gcc-10.2-arm32-eabi/bin/../lib/gcc/arm-none-eabi/10.2.0/../../../../arm-none-eabi/lib/thumb/v7e-m+fp/hard\libc_nano.a(lib_a-strcpy.o)
 .bss           0x204021ec        0x0 c:/nxp/s32ds.3.6.0/s32ds/build_tools/gcc_v10.2/gcc-10.2-arm32-eabi/bin/../lib/gcc/arm-none-eabi/10.2.0/../../../../arm-none-eabi/lib/thumb/v7e-m+fp/hard\libc_nano.a(lib_a-strlen.o)
 .bss           0x204021ec        0x0 c:/nxp/s32ds.3.6.0/s32ds/build_tools/gcc_v10.2/gcc-10.2-arm32-eabi/bin/../lib/gcc/arm-none-eabi/10.2.0/../../../../arm-none-eabi/lib/thumb/v7e-m+fp/hard\libc_nano.a(lib_a-impure.o)
 .bss           0x204021ec        0x0 c:/nxp/s32ds.3.6.0/s32ds/build_tools/gcc_v10.2/gcc-10.2-arm32-eabi/bin/../lib/gcc/arm-none-eabi/10.2.0/../../../../arm-none-eabi/lib/thumb/v7e-m+fp/hard\libc_nano.a(lib_a-nano-svfprintf.o)
 .bss           0x204021ec        0x0 c:/nxp/s32ds.3.6.0/s32ds/build_tools/gcc_v10.2/gcc-10.2-arm32-eabi/bin/../lib/gcc/arm-none-eabi/10.2.0/../../../../arm-none-eabi/lib/thumb/v7e-m+fp/hard\libc_nano.a(lib_a-nano-vfprintf_i.o)
 .bss           0x204021ec        0x0 c:/nxp/s32ds.3.6.0/s32ds/build_tools/gcc_v10.2/gcc-10.2-arm32-eabi/bin/../lib/gcc/arm-none-eabi/10.2.0/../../../../arm-none-eabi/lib/thumb/v7e-m+fp/hard\libc_nano.a(lib_a-memchr.o)
 .bss           0x204021ec        0x0 c:/nxp/s32ds.3.6.0/s32ds/build_tools/gcc_v10.2/gcc-10.2-arm32-eabi/bin/../lib/gcc/arm-none-eabi/10.2.0/../../../../arm-none-eabi/lib/thumb/v7e-m+fp/hard\libc_nano.a(lib_a-nano-freer.o)
 .bss           0x204021ec        0x0 c:/nxp/s32ds.3.6.0/s32ds/build_tools/gcc_v10.2/gcc-10.2-arm32-eabi/bin/../lib/gcc/arm-none-eabi/10.2.0/../../../../arm-none-eabi/lib/thumb/v7e-m+fp/hard\libc_nano.a(lib_a-nano-mallocr.o)
 .bss           0x204021ec        0x0 c:/nxp/s32ds.3.6.0/s32ds/build_tools/gcc_v10.2/gcc-10.2-arm32-eabi/bin/../lib/gcc/arm-none-eabi/10.2.0/../../../../arm-none-eabi/lib/thumb/v7e-m+fp/hard\libc_nano.a(lib_a-nano-reallocr.o)
 .bss           0x204021ec        0x0 c:/nxp/s32ds.3.6.0/s32ds/build_tools/gcc_v10.2/gcc-10.2-arm32-eabi/bin/../lib/gcc/arm-none-eabi/10.2.0/../../../../arm-none-eabi/lib/thumb/v7e-m+fp/hard\libc_nano.a(lib_a-sbrkr.o)
 .bss           0x204021ec        0x0 c:/nxp/s32ds.3.6.0/s32ds/build_tools/gcc_v10.2/gcc-10.2-arm32-eabi/bin/../lib/gcc/arm-none-eabi/10.2.0/../../../../arm-none-eabi/lib/thumb/v7e-m+fp/hard\libc_nano.a(lib_a-mlock.o)
 .bss           0x204021ec        0x0 c:/nxp/s32ds.3.6.0/s32ds/build_tools/gcc_v10.2/gcc-10.2-arm32-eabi/bin/../lib/gcc/arm-none-eabi/10.2.0/../../../../arm-none-eabi/lib/thumb/v7e-m+fp/hard\libc_nano.a(lib_a-nano-msizer.o)
 .bss           0x204021ec        0x0 c:/nxp/s32ds.3.6.0/s32ds/build_tools/gcc_v10.2/gcc-10.2-arm32-eabi/bin/../lib/gcc/arm-none-eabi/10.2.0/../../../../arm-none-eabi/lib/thumb/v7e-m+fp/hard\libc_nano.a(lib_a-reent.o)
 .bss           0x204021ec        0x0 c:/nxp/s32ds.3.6.0/s32ds/build_tools/gcc_v10.2/gcc-10.2-arm32-eabi/bin/../lib/gcc/arm-none-eabi/10.2.0/../../../../arm-none-eabi/lib/thumb/v7e-m+fp/hard\libnosys.a(sbrk.o)
 *(.bss*)
 .bss.__malloc_free_list
                0x204021ec        0x4 c:/nxp/s32ds.3.6.0/s32ds/build_tools/gcc_v10.2/gcc-10.2-arm32-eabi/bin/../lib/gcc/arm-none-eabi/10.2.0/../../../../arm-none-eabi/lib/thumb/v7e-m+fp/hard\libc_nano.a(lib_a-nano-mallocr.o)
                0x204021ec                __malloc_free_list
 .bss.__malloc_sbrk_start
                0x204021f0        0x4 c:/nxp/s32ds.3.6.0/s32ds/build_tools/gcc_v10.2/gcc-10.2-arm32-eabi/bin/../lib/gcc/arm-none-eabi/10.2.0/../../../../arm-none-eabi/lib/thumb/v7e-m+fp/hard\libc_nano.a(lib_a-nano-mallocr.o)
                0x204021f0                __malloc_sbrk_start
 .bss.errno     0x204021f4        0x4 c:/nxp/s32ds.3.6.0/s32ds/build_tools/gcc_v10.2/gcc-10.2-arm32-eabi/bin/../lib/gcc/arm-none-eabi/10.2.0/../../../../arm-none-eabi/lib/thumb/v7e-m+fp/hard\libc_nano.a(lib_a-reent.o)
                0x204021f4                errno
 .bss.heap_end.0
                0x204021f8        0x4 c:/nxp/s32ds.3.6.0/s32ds/build_tools/gcc_v10.2/gcc-10.2-arm32-eabi/bin/../lib/gcc/arm-none-eabi/10.2.0/../../../../arm-none-eabi/lib/thumb/v7e-m+fp/hard\libnosys.a(sbrk.o)
                0x20402200                . = ALIGN (0x10)
 *fill*         0x204021fc        0x4 
 *(.mcal_bss)
 .mcal_bss      0x20402200        0x4 ./Project_Settings/Startup_Code/system.o
                0x20402200                RESET_CATCH_CORE
 .mcal_bss      0x20402204       0xa5 ./RTD/src/Clock_Ip.o
                0x20402208                Clock_Ip_FreqIds
                0x204022a4                Clock_Ip_pxConfig
 *fill*         0x204022a9        0x3 
 .mcal_bss      0x204022ac        0xc ./RTD/src/Clock_Ip_Monitor.o
 .mcal_bss      0x204022b8        0x4 ./RTD/src/Clock_Ip_ProgFreqSwitch.o
 .mcal_bss      0x204022bc        0xc ./RTD/src/Clock_Ip_Specific.o
 .mcal_bss      0x204022c8        0x8 ./RTD/src/OsIf_Interrupts.o
                0x204022c8                OsIf_InterruptNestingLevel
                0x204022cc                OsIf_SavedInterruptStatus
 .mcal_bss      0x204022d0        0x8 ./RTD/src/Siul2_Port_Ip.o
                0x204022d8                . = ALIGN (0x4)
                0x204022d8                __sram_bss_end = .

.sram_data      0x204022d8      0x100 load address 0x0040b104
                0x204022d8                . = ALIGN (0x4)
                0x204022d8                __sram_data_begin__ = .
                0x204022d8                . = ALIGN (0x4)
 *(.ramcode)
 .ramcode       0x204022d8       0x88 ./RTD/src/Clock_Ip_Specific.o
                0x20402360                . = ALIGN (0x4)
 *(.data)
 .data          0x20402360        0x0 ./FreeRTOS/Source/croutine.o
 .data          0x20402360        0x0 ./FreeRTOS/Source/event_groups.o
 .data          0x20402360        0x0 ./FreeRTOS/Source/list.o
 .data          0x20402360        0x0 ./FreeRTOS/Source/queue.o
 .data          0x20402360        0x0 ./FreeRTOS/Source/stream_buffer.o
 .data          0x20402360        0x4 ./FreeRTOS/Source/tasks.o
 .data          0x20402364        0x0 ./FreeRTOS/Source/timers.o
 .data          0x20402364        0x4 ./FreeRTOS/Source/portable/GCC/ARM_CM7/r0p1/port.o
 .data          0x20402368        0x0 ./FreeRTOS/Source/portable/MemMang/heap_1.o
 .data          0x20402368        0x0 ./Project_Settings/Startup_Code/Vector_Table.o
 .data          0x20402368        0x0 ./Project_Settings/Startup_Code/exceptions.o
 .data          0x20402368        0x0 ./Project_Settings/Startup_Code/nvic.o
 .data          0x20402368        0x0 ./Project_Settings/Startup_Code/startup.o
 .data          0x20402368        0x0 ./Project_Settings/Startup_Code/startup_cm7.o
 .data          0x20402368        0x0 ./Project_Settings/Startup_Code/system.o
 .data          0x20402368        0x4 ./RTD/src/Clock_Ip.o
 .data          0x2040236c        0x0 ./RTD/src/Clock_Ip_Data.o
 .data          0x2040236c        0x0 ./RTD/src/Clock_Ip_Divider.o
 .data          0x2040236c        0x0 ./RTD/src/Clock_Ip_DividerTrigger.o
 .data          0x2040236c        0x0 ./RTD/src/Clock_Ip_ExtOsc.o
 .data          0x2040236c        0x0 ./RTD/src/Clock_Ip_FracDiv.o
 .data          0x2040236c        0x0 ./RTD/src/Clock_Ip_Frequency.o
 .data          0x2040236c        0x0 ./RTD/src/Clock_Ip_Gate.o
 .data          0x2040236c        0x0 ./RTD/src/Clock_Ip_IntOsc.o
 .data          0x2040236c        0x0 ./RTD/src/Clock_Ip_Irq.o
 .data          0x2040236c        0x0 ./RTD/src/Clock_Ip_Monitor.o
 .data          0x2040236c        0x0 ./RTD/src/Clock_Ip_Pll.o
 .data          0x2040236c        0x0 ./RTD/src/Clock_Ip_ProgFreqSwitch.o
 .data          0x2040236c        0x0 ./RTD/src/Clock_Ip_Selector.o
 .data          0x2040236c        0x0 ./RTD/src/Clock_Ip_Specific.o
 .data          0x2040236c        0x0 ./RTD/src/Det.o
 .data          0x2040236c        0x0 ./RTD/src/Det_stub.o
 .data          0x2040236c        0x0 ./RTD/src/OsIf_Interrupts.o
 .data          0x2040236c        0x0 ./RTD/src/OsIf_Timer.o
 .data          0x2040236c        0x0 ./RTD/src/OsIf_Timer_System.o
 .data          0x2040236c        0x0 ./RTD/src/OsIf_Timer_System_Internal_Systick.o
 .data          0x2040236c        0x0 ./RTD/src/Osif_Software_Semaphore.o
 .data          0x2040236c        0x0 ./RTD/src/SchM_Dio.o
 .data          0x2040236c        0x0 ./RTD/src/SchM_Mcu.o
 .data          0x2040236c        0x0 ./RTD/src/SchM_Port.o
 .data          0x2040236c        0x0 ./RTD/src/Siul2_Dio_Ip.o
 .data          0x2040236c        0x0 ./RTD/src/Siul2_Port_Ip.o
 .data          0x2040236c        0x0 ./RTD/src/Tspc_Port_Ip.o
 .data          0x2040236c        0x0 ./board/Siul2_Port_Ip_Cfg.o
 .data          0x2040236c        0x0 ./board/Tspc_Port_Ip_Cfg.o
 .data          0x2040236c        0x0 ./generate/src/Clock_Ip_Cfg.o
 .data          0x2040236c        0x0 ./generate/src/OsIf_Cfg.o
 .data          0x2040236c        0x4 ./src/main.o
                0x2040236c                testResult
 .data          0x20402370        0x0 ./src/uart.o
 .data          0x20402370        0x0 c:/nxp/s32ds.3.6.0/s32ds/build_tools/gcc_v10.2/gcc-10.2-arm32-eabi/bin/../lib/gcc/arm-none-eabi/10.2.0/../../../../arm-none-eabi/lib/thumb/v7e-m+fp/hard\libc_nano.a(lib_a-memcpy-stub.o)
 .data          0x20402370        0x0 c:/nxp/s32ds.3.6.0/s32ds/build_tools/gcc_v10.2/gcc-10.2-arm32-eabi/bin/../lib/gcc/arm-none-eabi/10.2.0/../../../../arm-none-eabi/lib/thumb/v7e-m+fp/hard\libc_nano.a(lib_a-memmove.o)
 .data          0x20402370        0x0 c:/nxp/s32ds.3.6.0/s32ds/build_tools/gcc_v10.2/gcc-10.2-arm32-eabi/bin/../lib/gcc/arm-none-eabi/10.2.0/../../../../arm-none-eabi/lib/thumb/v7e-m+fp/hard\libc_nano.a(lib_a-memset.o)
 .data          0x20402370        0x0 c:/nxp/s32ds.3.6.0/s32ds/build_tools/gcc_v10.2/gcc-10.2-arm32-eabi/bin/../lib/gcc/arm-none-eabi/10.2.0/../../../../arm-none-eabi/lib/thumb/v7e-m+fp/hard\libc_nano.a(lib_a-snprintf.o)
 .data          0x20402370        0x0 c:/nxp/s32ds.3.6.0/s32ds/build_tools/gcc_v10.2/gcc-10.2-arm32-eabi/bin/../lib/gcc/arm-none-eabi/10.2.0/../../../../arm-none-eabi/lib/thumb/v7e-m+fp/hard\libc_nano.a(lib_a-strcpy.o)
 .data          0x20402370        0x0 c:/nxp/s32ds.3.6.0/s32ds/build_tools/gcc_v10.2/gcc-10.2-arm32-eabi/bin/../lib/gcc/arm-none-eabi/10.2.0/../../../../arm-none-eabi/lib/thumb/v7e-m+fp/hard\libc_nano.a(lib_a-strlen.o)
 .data          0x20402370        0x0 c:/nxp/s32ds.3.6.0/s32ds/build_tools/gcc_v10.2/gcc-10.2-arm32-eabi/bin/../lib/gcc/arm-none-eabi/10.2.0/../../../../arm-none-eabi/lib/thumb/v7e-m+fp/hard\libc_nano.a(lib_a-impure.o)
 .data          0x20402370        0x0 c:/nxp/s32ds.3.6.0/s32ds/build_tools/gcc_v10.2/gcc-10.2-arm32-eabi/bin/../lib/gcc/arm-none-eabi/10.2.0/../../../../arm-none-eabi/lib/thumb/v7e-m+fp/hard\libc_nano.a(lib_a-nano-svfprintf.o)
 .data          0x20402370        0x0 c:/nxp/s32ds.3.6.0/s32ds/build_tools/gcc_v10.2/gcc-10.2-arm32-eabi/bin/../lib/gcc/arm-none-eabi/10.2.0/../../../../arm-none-eabi/lib/thumb/v7e-m+fp/hard\libc_nano.a(lib_a-nano-vfprintf_i.o)
 .data          0x20402370        0x0 c:/nxp/s32ds.3.6.0/s32ds/build_tools/gcc_v10.2/gcc-10.2-arm32-eabi/bin/../lib/gcc/arm-none-eabi/10.2.0/../../../../arm-none-eabi/lib/thumb/v7e-m+fp/hard\libc_nano.a(lib_a-memchr.o)
 .data          0x20402370        0x0 c:/nxp/s32ds.3.6.0/s32ds/build_tools/gcc_v10.2/gcc-10.2-arm32-eabi/bin/../lib/gcc/arm-none-eabi/10.2.0/../../../../arm-none-eabi/lib/thumb/v7e-m+fp/hard\libc_nano.a(lib_a-nano-freer.o)
 .data          0x20402370        0x0 c:/nxp/s32ds.3.6.0/s32ds/build_tools/gcc_v10.2/gcc-10.2-arm32-eabi/bin/../lib/gcc/arm-none-eabi/10.2.0/../../../../arm-none-eabi/lib/thumb/v7e-m+fp/hard\libc_nano.a(lib_a-nano-mallocr.o)
 .data          0x20402370        0x0 c:/nxp/s32ds.3.6.0/s32ds/build_tools/gcc_v10.2/gcc-10.2-arm32-eabi/bin/../lib/gcc/arm-none-eabi/10.2.0/../../../../arm-none-eabi/lib/thumb/v7e-m+fp/hard\libc_nano.a(lib_a-nano-reallocr.o)
 .data          0x20402370        0x0 c:/nxp/s32ds.3.6.0/s32ds/build_tools/gcc_v10.2/gcc-10.2-arm32-eabi/bin/../lib/gcc/arm-none-eabi/10.2.0/../../../../arm-none-eabi/lib/thumb/v7e-m+fp/hard\libc_nano.a(lib_a-sbrkr.o)
 .data          0x20402370        0x0 c:/nxp/s32ds.3.6.0/s32ds/build_tools/gcc_v10.2/gcc-10.2-arm32-eabi/bin/../lib/gcc/arm-none-eabi/10.2.0/../../../../arm-none-eabi/lib/thumb/v7e-m+fp/hard\libc_nano.a(lib_a-mlock.o)
 .data          0x20402370        0x0 c:/nxp/s32ds.3.6.0/s32ds/build_tools/gcc_v10.2/gcc-10.2-arm32-eabi/bin/../lib/gcc/arm-none-eabi/10.2.0/../../../../arm-none-eabi/lib/thumb/v7e-m+fp/hard\libc_nano.a(lib_a-nano-msizer.o)
 .data          0x20402370        0x0 c:/nxp/s32ds.3.6.0/s32ds/build_tools/gcc_v10.2/gcc-10.2-arm32-eabi/bin/../lib/gcc/arm-none-eabi/10.2.0/../../../../arm-none-eabi/lib/thumb/v7e-m+fp/hard\libc_nano.a(lib_a-reent.o)
 .data          0x20402370        0x0 c:/nxp/s32ds.3.6.0/s32ds/build_tools/gcc_v10.2/gcc-10.2-arm32-eabi/bin/../lib/gcc/arm-none-eabi/10.2.0/../../../../arm-none-eabi/lib/thumb/v7e-m+fp/hard\libnosys.a(sbrk.o)
 *(.data*)
 .data._impure_ptr
                0x20402370        0x4 c:/nxp/s32ds.3.6.0/s32ds/build_tools/gcc_v10.2/gcc-10.2-arm32-eabi/bin/../lib/gcc/arm-none-eabi/10.2.0/../../../../arm-none-eabi/lib/thumb/v7e-m+fp/hard\libc_nano.a(lib_a-impure.o)
                0x20402370                _impure_ptr
 .data.impure_data
                0x20402374       0x60 c:/nxp/s32ds.3.6.0/s32ds/build_tools/gcc_v10.2/gcc-10.2-arm32-eabi/bin/../lib/gcc/arm-none-eabi/10.2.0/../../../../arm-none-eabi/lib/thumb/v7e-m+fp/hard\libc_nano.a(lib_a-impure.o)
                0x204023d4                . = ALIGN (0x4)
 *(.mcal_data)
 .mcal_data     0x204023d4        0x4 ./RTD/src/Siul2_Dio_Ip.o
                0x204023d4                Siul2_Dio_Ip_au32BaseAdresses
                0x204023d8                . = ALIGN (0x4)
                0x204023d8                __sram_data_end__ = .
                0x0040b204                __sram_data_rom_end = (__sram_data_rom + (__sram_data_end__ - __sram_data_begin__))

.heap           0x204023d8     0x2000 load address 0x0040b204
                0x00000000                . = (. + ALIGN (0x4))
                0x204023d8                _end = .
                0x204023d8                end = .
                0x204023d8                _heap_start = .
                0x00002000                . = (. + HEAP_SIZE)
 *fill*         0x204023d8     0x2000 
                0x204043d8                _heap_end = .

.acfls_code_ram
                0x2047ff00        0x0
                0x2047ff00                __acfls_code_ram_start = .
 *(.acfls_code_ram)
                0x2047ff00                __acfls_code_ram_end = .
                0x2047ff00                __acmem_43_infls_code_ram_start = .
 *(.acmem_43_infls_code_ram)
                0x2047ff00                __acmem_43_infls_code_ram_end = .
                0x0040b204                __non_cacheable_data_rom = __sram_data_rom_end

.non_cacheable_data
                0x20480000        0x4 load address 0x0040b204
                0x20480000                . = ALIGN (0x4)
                0x20480000                __non_cacheable_data_start__ = .
 *(.mcal_data_no_cacheable)
                0x20480000                . = ALIGN (0x4)
 *(.mcal_const_no_cacheable)
                0x20480000                . = ALIGN (0x4)
                0x20480000                HSE_LOOP_ADDR = .
                0x20480000        0x4 LONG 0x0
                0x20480004                __non_cacheable_data_end__ = .
                0x0040b208                __non_cacheable_data_rom_end = (__non_cacheable_data_rom + (__non_cacheable_data_end__ - __non_cacheable_data_start__))

.igot.plt       0x20480004        0x0 load address 0x0040b208
 .igot.plt      0x20480004        0x0 ./FreeRTOS/Source/event_groups.o

.non_cacheable_bss
                0x20480004      0x9a0 load address 0x0040b208
                0x20480010                . = ALIGN (0x10)
 *fill*         0x20480004        0xc 
                0x20480010                __non_cacheable_bss_start = .
 *(.mcal_bss_no_cacheable)
 .mcal_bss_no_cacheable
                0x20480010      0x574 ./RTD/src/Det.o
                0x20480010                Det_NextIdxList
                0x20480060                Det_RuntimeErrorId
                0x20480088                Det_aErrorState
                0x20480118                Det_Runtime_NextIdxList
                0x20480168                Det_aRuntimeErrorState
                0x204801f8                Det_ModuleId
                0x20480248                Det_numTransientEventErrors
                0x20480258                Det_TransientInstanceId
                0x20480280                Det_RuntimeModuleId
                0x204802d0                Det_TransientFaultId
                0x204802f8                Det_OverflowErrorFlag
                0x204802fc                Det_Transient_Head
                0x20480304                Det_RuntimeInstanceId
                0x2048032c                Det_ModuleState
                0x2048033c                Det_OverflowRuntimeErrorFlag
                0x20480340                Det_RuntimeApiId
                0x20480368                Det_OverflowTransientErrorFlag
                0x2048036c                Det_Head
                0x20480374                Det_numEventErrors
                0x20480384                Det_Runtime_Head
                0x2048038c                Det_Tail
                0x20480394                Det_InstanceId
                0x204803bc                Det_numRuntimeEventErrors
                0x204803cc                Det_Runtime_Tail
                0x204803d4                Det_TransientApiId
                0x204803fc                Det_ApiId
                0x20480424                Det_Transient_NextIdxList
                0x20480474                Det_aTransientErrorState
                0x20480504                Det_Transient_Tail
                0x2048050c                Det_ErrorId
                0x20480534                Det_TransientModuleId
 .mcal_bss_no_cacheable
                0x20480584       0x40 ./RTD/src/SchM_Dio.o
 .mcal_bss_no_cacheable
                0x204805c4       0x60 ./RTD/src/SchM_Mcu.o
 .mcal_bss_no_cacheable
                0x20480624      0x380 ./RTD/src/SchM_Port.o
                0x204809a4                . = ALIGN (0x4)
                0x204809a4                __non_cacheable_bss_end = .

.int_results    0x204bbf00      0x100
                0x204bbf00                . = ALIGN (0x4)
 *(.int_results)
                0x204bc000                . = (. + 0x100)
 *fill*         0x204bbf00      0x100 
                0x0040b208                __shareable_data_rom = __non_cacheable_data_rom_end

.shareable_data
                0x204bc000        0x0 load address 0x0040b208
                0x204bc000                . = ALIGN (0x4)
                0x204bc000                __shareable_data_start__ = .
 *(.mcal_shared_data)
                0x204bc000                . = ALIGN (0x4)
                0x204bc000                __shareable_data_end__ = .
                0x0040b208                __shareable_data_rom_end = (__shareable_data_rom + (__shareable_data_end__ - __shareable_data_start__))

.int_vector     0x20000000      0x408
                0x20000000                . = ALIGN (0x800)
                0x20000000                __interrupts_ram_start = .
                0x20000408                . = (. + (__interrupts_init_end - __interrupts_init_start))
 *fill*         0x20000000      0x408 
                0x20000408                . = ALIGN (0x4)
                0x20000408                __interrupts_ram_end = .
                0x0040b208                __tcm_data_rom = __shareable_data_rom_end

.data_tcm_data  0x20000408        0x0 load address 0x0040b208
                0x20000408                . = ALIGN (0x4)
                0x20000408                __dtcm_data_start__ = .
 *(.dtcm_data*)
                0x20000408                . = ALIGN (0x4)
                0x20000408                __dtcm_data_end__ = .
                0x0040b208                __tcm_data_rom_end = (__tcm_data_rom + (__dtcm_data_end__ - __dtcm_data_start__))

.bss_tcm_data   0x20000408        0x0
                0x20000408                . = ALIGN (0x4)
                0x20000408                __dtcm_bss_start__ = .
 *(.dtcm_bss*)
                0x20000408                . = ALIGN (0x4)
                0x20000408                __dtcm_bss_end__ = .
                0x0040b208                __tcm_code_rom_start = __tcm_data_rom_end

.itcm_text      0x00000000        0x0 load address 0x0040b208
                0x00000000                . = ALIGN (0x4)
                0x00000000                __itcm_start__ = .
 *(.itcm_text*)
                0x00000000                . = ALIGN (0x4)
                0x00000000                __itcm_end__ = .
                0x0040b208                __tcm_code_rom_end = (__tcm_code_rom_start + (__itcm_end__ - __itcm_start__))

.shareable_bss  0x204bc000        0x0
                0x204bc000                . = ALIGN (0x10)
                0x204bc000                __shareable_bss_start = .
 *(.mcal_shared_bss)
                0x204bc000                . = ALIGN (0x4)
                0x204bc000                __shareable_bss_end = .
                0x2000f000                __Stack_dtcm_end = ORIGIN (int_stack_dtcm)
                0x20010000                __Stack_dtcm_start = (ORIGIN (int_stack_dtcm) + LENGTH (int_stack_dtcm))
                0x20400000                __INT_SRAM_START = ORIGIN (int_sram)
                0x204c0000                __INT_SRAM_END = ORIGIN (ram_rsvd2)
                0x00000000                __INT_ITCM_START = ORIGIN (int_itcm)
                0x00008000                __INT_ITCM_END = (ORIGIN (int_itcm) + LENGTH (int_itcm))
                0x20000000                __INT_DTCM_START = ORIGIN (int_dtcm)
                0x20010000                __INT_DTCM_END = ((ORIGIN (int_dtcm) + LENGTH (int_dtcm)) + LENGTH (int_stack_dtcm))
                0x204bc000                __RAM_SHAREABLE_START = __shareable_data_start__
                0x0000000e                __RAM_SHAREABLE_SIZE = 0xe
                0x0040b208                __ROM_SHAREABLE_START = __shareable_data_rom
                0x0040b208                __ROM_SHAREABLE_END = __shareable_data_rom_end
                0x20480000                __RAM_NO_CACHEABLE_START = __non_cacheable_data_start__
                0x00000012                __RAM_NO_CACHEABLE_SIZE = 0x12
                0x0040b204                __ROM_NO_CACHEABLE_START = __non_cacheable_data_rom
                0x0040b208                __ROM_NO_CACHEABLE_END = __non_cacheable_data_rom_end
                0x204022d8                __RAM_CACHEABLE_START = __sram_data_begin__
                0x00000013                __RAM_CACHEABLE_SIZE = 0x13
                0x0040b104                __ROM_CACHEABLE_START = __sram_data_rom
                0x0040b204                __ROM_CACHEABLE_END = __sram_data_rom_end
                0x00400000                __ROM_CODE_START = ORIGIN (int_pflash)
                0x10000000                __ROM_DATA_START = ORIGIN (int_dflash)
                0x20400000                __BSS_SRAM_START = __sram_bss_start
                0x204022d8                __BSS_SRAM_END = __sram_bss_end
                0x000022d8                __BSS_SRAM_SIZE = (__sram_bss_end - __sram_bss_start)
                0x20480010                __BSS_SRAM_NC_START = __non_cacheable_bss_start
                0x00000994                __BSS_SRAM_NC_SIZE = (__non_cacheable_bss_end - __non_cacheable_bss_start)
                0x204809a4                __BSS_SRAM_NC_END = __non_cacheable_bss_end
                0x204bc000                __BSS_SRAM_SH_START = __shareable_bss_start
                0x00000000                __BSS_SRAM_SH_SIZE = (__shareable_bss_end - __shareable_bss_start)
                0x204bc000                __BSS_SRAM_SH_END = __shareable_bss_end
                0x20000000                __RAM_INTERRUPT_START = __interrupts_ram_start
                0x00400000                __INIT_INTERRUPT_START = __interrupts_init_start
                0x00400408                __INIT_INTERRUPT_END = __interrupts_init_end
                0x00000000                __RAM_ITCM_START = __itcm_start__
                0x0040b208                __ROM_ITCM_START = __tcm_code_rom_start
                0x0040b208                __ROM_ITCM_END = __tcm_code_rom_end
                0x20000408                __RAM_DTCM_DATA_START = __dtcm_data_start__
                0x0040b208                __ROM_DTCM_DATA_START = __tcm_data_rom
                0x0040b208                __ROM_DTCM_END = __tcm_data_rom_end
                0x0040af9c                __INIT_TABLE = __init_table
                0x0040afe8                __ZERO_TABLE = __zero_table
                0x00000001                __RAM_INIT = 0x1
                0x00000001                __ITCM_INIT = 0x1
                0x00000001                __DTCM_INIT = 0x1
                0x00409448                Fls_ACEraseRomStart = __acfls_code_rom_start
                0x004094a8                Fls_ACEraseRomEnd = __acfls_code_rom_end
                0x00000018                Fls_ACEraseSize = ((__acfls_code_rom_end - __acfls_code_rom_start) / 0x4)
                0x00409448                Fls_ACWriteRomStart = __acfls_code_rom_start
                0x004094a8                Fls_ACWriteRomEnd = __acfls_code_rom_end
                0x00000018                Fls_ACWriteSize = ((__acfls_code_rom_end - __acfls_code_rom_start) / 0x4)
                0x2047ff00                _ERASE_FUNC_ADDRESS_ = __acfls_code_ram_start
                0x2047ff00                _WRITE_FUNC_ADDRESS_ = __acfls_code_ram_start
                0x004094a8                Mem_43_INFLS_ACEraseRomStart = __acmem_43_infls_code_rom_start
                0x004094a8                Mem_43_INFLS_ACEraseRomEnd = __acmem_43_infls_code_rom_end
                0x00000000                Mem_43_INFLS_ACEraseSize = (((__acmem_43_infls_code_rom_end - __acmem_43_infls_code_rom_start) + 0x3) / 0x4)
                0x004094a8                Mem_43_INFLS_ACWriteRomStart = __acmem_43_infls_code_rom_start
                0x004094a8                Mem_43_INFLS_ACWriteRomEnd = __acmem_43_infls_code_rom_end
                0x00000000                Mem_43_INFLS_ACWriteSize = (((__acmem_43_infls_code_rom_end - __acmem_43_infls_code_rom_start) + 0x3) / 0x4)
                0x2047ff00                _MEM_43_INFLS_ERASE_FUNC_ADDRESS_ = __acmem_43_infls_code_ram_start
                0x2047ff00                _MEM_43_INFLS_WRITE_FUNC_ADDRESS_ = __acmem_43_infls_code_ram_start
                0x00400000                __ENTRY_VTABLE = __INIT_INTERRUPT_START
                0x00400000                __CORE0_VTOR = __INIT_INTERRUPT_START
                0x00400000                __CORE1_VTOR = __INIT_INTERRUPT_START
                0x00400000                __CORE2_VTOR = __INIT_INTERRUPT_START
                0x00400000                __CORE3_VTOR = __INIT_INTERRUPT_START
                0x00000003                __INDEX_COPY_CORE2 = 0x3
                0x00000001                ASSERT ((__standby_ram_end__ <= __STANDBY_RAM_LIMIT_END), Memory for standby ram overflow)
OUTPUT(FreeRTOS_Example_S32K358.elf elf32-littlearm)
LOAD linker stubs

.debug_info     0x00000000    0x26860
 .debug_info    0x00000000       0x6f ./FreeRTOS/Source/croutine.o
 .debug_info    0x0000006f      0xeee ./FreeRTOS/Source/event_groups.o
 .debug_info    0x00000f5d      0x2d8 ./FreeRTOS/Source/list.o
 .debug_info    0x00001235     0x25c9 ./FreeRTOS/Source/queue.o
 .debug_info    0x000037fe     0x1f84 ./FreeRTOS/Source/stream_buffer.o
 .debug_info    0x00005782     0x3f63 ./FreeRTOS/Source/tasks.o
 .debug_info    0x000096e5     0x1705 ./FreeRTOS/Source/timers.o
 .debug_info    0x0000adea      0x675 ./FreeRTOS/Source/portable/GCC/ARM_CM7/r0p1/port.o
 .debug_info    0x0000b45f      0x202 ./FreeRTOS/Source/portable/MemMang/heap_1.o
 .debug_info    0x0000b661      0x139 ./Project_Settings/Startup_Code/exceptions.o
 .debug_info    0x0000b79a      0x76c ./Project_Settings/Startup_Code/nvic.o
 .debug_info    0x0000bf06      0x333 ./Project_Settings/Startup_Code/startup.o
 .debug_info    0x0000c239       0x22 ./Project_Settings/Startup_Code/startup_cm7.o
 .debug_info    0x0000c25b      0xd5b ./Project_Settings/Startup_Code/system.o
 .debug_info    0x0000cfb6     0x200b ./RTD/src/Clock_Ip.o
 .debug_info    0x0000efc1     0x1828 ./RTD/src/Clock_Ip_Data.o
 .debug_info    0x000107e9     0x100c ./RTD/src/Clock_Ip_Divider.o
 .debug_info    0x000117f5      0x85f ./RTD/src/Clock_Ip_DividerTrigger.o
 .debug_info    0x00012054      0xba7 ./RTD/src/Clock_Ip_ExtOsc.o
 .debug_info    0x00012bfb      0x609 ./RTD/src/Clock_Ip_FracDiv.o
 .debug_info    0x00013204      0x493 ./RTD/src/Clock_Ip_Frequency.o
 .debug_info    0x00013697      0xa3c ./RTD/src/Clock_Ip_Gate.o
 .debug_info    0x000140d3      0xe59 ./RTD/src/Clock_Ip_IntOsc.o
 .debug_info    0x00014f2c       0xb2 ./RTD/src/Clock_Ip_Irq.o
 .debug_info    0x00014fde     0x1472 ./RTD/src/Clock_Ip_Monitor.o
 .debug_info    0x00016450      0xc72 ./RTD/src/Clock_Ip_Pll.o
 .debug_info    0x000170c2     0x101e ./RTD/src/Clock_Ip_ProgFreqSwitch.o
 .debug_info    0x000180e0     0x1093 ./RTD/src/Clock_Ip_Selector.o
 .debug_info    0x00019173     0x1c21 ./RTD/src/Clock_Ip_Specific.o
 .debug_info    0x0001ad94      0xe5c ./RTD/src/Det.o
 .debug_info    0x0001bbf0      0x612 ./RTD/src/Det_stub.o
 .debug_info    0x0001c202      0x2cb ./RTD/src/OsIf_Interrupts.o
 .debug_info    0x0001c4cd      0x2c3 ./RTD/src/OsIf_Timer.o
 .debug_info    0x0001c790       0x7d ./RTD/src/OsIf_Timer_System.o
 .debug_info    0x0001c80d      0x19c ./RTD/src/OsIf_Timer_System_Internal_Systick.o
 .debug_info    0x0001c9a9      0x154 ./RTD/src/Osif_Software_Semaphore.o
 .debug_info    0x0001cafd      0x2dc ./RTD/src/SchM_Dio.o
 .debug_info    0x0001cdd9      0x3bb ./RTD/src/SchM_Mcu.o
 .debug_info    0x0001d194     0x1982 ./RTD/src/SchM_Port.o
 .debug_info    0x0001eb16      0xb06 ./RTD/src/Siul2_Dio_Ip.o
 .debug_info    0x0001f61c     0x33c0 ./RTD/src/Siul2_Port_Ip.o
 .debug_info    0x000229dc      0x478 ./RTD/src/Tspc_Port_Ip.o
 .debug_info    0x00022e54     0x260d ./board/Siul2_Port_Ip_Cfg.o
 .debug_info    0x00025461       0x76 ./board/Tspc_Port_Ip_Cfg.o
 .debug_info    0x000254d7      0xe72 ./generate/src/Clock_Ip_Cfg.o
 .debug_info    0x00026349       0x7d ./generate/src/OsIf_Cfg.o
 .debug_info    0x000263c6      0x3c5 ./src/main.o
 .debug_info    0x0002678b       0xd5 ./src/uart.o

.debug_abbrev   0x00000000     0x54cd
 .debug_abbrev  0x00000000       0x29 ./FreeRTOS/Source/croutine.o
 .debug_abbrev  0x00000029      0x2c3 ./FreeRTOS/Source/event_groups.o
 .debug_abbrev  0x000002ec      0x102 ./FreeRTOS/Source/list.o
 .debug_abbrev  0x000003ee      0x342 ./FreeRTOS/Source/queue.o
 .debug_abbrev  0x00000730      0x2f2 ./FreeRTOS/Source/stream_buffer.o
 .debug_abbrev  0x00000a22      0x44b ./FreeRTOS/Source/tasks.o
 .debug_abbrev  0x00000e6d      0x3b2 ./FreeRTOS/Source/timers.o
 .debug_abbrev  0x0000121f      0x2cc ./FreeRTOS/Source/portable/GCC/ARM_CM7/r0p1/port.o
 .debug_abbrev  0x000014eb      0x18f ./FreeRTOS/Source/portable/MemMang/heap_1.o
 .debug_abbrev  0x0000167a       0x47 ./Project_Settings/Startup_Code/exceptions.o
 .debug_abbrev  0x000016c1      0x111 ./Project_Settings/Startup_Code/nvic.o
 .debug_abbrev  0x000017d2      0x11d ./Project_Settings/Startup_Code/startup.o
 .debug_abbrev  0x000018ef       0x12 ./Project_Settings/Startup_Code/startup_cm7.o
 .debug_abbrev  0x00001901      0x227 ./Project_Settings/Startup_Code/system.o
 .debug_abbrev  0x00001b28      0x3af ./RTD/src/Clock_Ip.o
 .debug_abbrev  0x00001ed7      0x14c ./RTD/src/Clock_Ip_Data.o
 .debug_abbrev  0x00002023      0x26c ./RTD/src/Clock_Ip_Divider.o
 .debug_abbrev  0x0000228f      0x1b0 ./RTD/src/Clock_Ip_DividerTrigger.o
 .debug_abbrev  0x0000243f      0x2b5 ./RTD/src/Clock_Ip_ExtOsc.o
 .debug_abbrev  0x000026f4      0x154 ./RTD/src/Clock_Ip_FracDiv.o
 .debug_abbrev  0x00002848       0x83 ./RTD/src/Clock_Ip_Frequency.o
 .debug_abbrev  0x000028cb      0x1dc ./RTD/src/Clock_Ip_Gate.o
 .debug_abbrev  0x00002aa7      0x25d ./RTD/src/Clock_Ip_IntOsc.o
 .debug_abbrev  0x00002d04       0x6a ./RTD/src/Clock_Ip_Irq.o
 .debug_abbrev  0x00002d6e      0x2cb ./RTD/src/Clock_Ip_Monitor.o
 .debug_abbrev  0x00003039      0x2a8 ./RTD/src/Clock_Ip_Pll.o
 .debug_abbrev  0x000032e1      0x1aa ./RTD/src/Clock_Ip_ProgFreqSwitch.o
 .debug_abbrev  0x0000348b      0x30e ./RTD/src/Clock_Ip_Selector.o
 .debug_abbrev  0x00003799      0x342 ./RTD/src/Clock_Ip_Specific.o
 .debug_abbrev  0x00003adb      0x278 ./RTD/src/Det.o
 .debug_abbrev  0x00003d53      0x162 ./RTD/src/Det_stub.o
 .debug_abbrev  0x00003eb5      0x19e ./RTD/src/OsIf_Interrupts.o
 .debug_abbrev  0x00004053      0x1ad ./RTD/src/OsIf_Timer.o
 .debug_abbrev  0x00004200       0x29 ./RTD/src/OsIf_Timer_System.o
 .debug_abbrev  0x00004229      0x134 ./RTD/src/OsIf_Timer_System_Internal_Systick.o
 .debug_abbrev  0x0000435d       0xc5 ./RTD/src/Osif_Software_Semaphore.o
 .debug_abbrev  0x00004422      0x132 ./RTD/src/SchM_Dio.o
 .debug_abbrev  0x00004554      0x132 ./RTD/src/SchM_Mcu.o
 .debug_abbrev  0x00004686      0x132 ./RTD/src/SchM_Port.o
 .debug_abbrev  0x000047b8      0x32c ./RTD/src/Siul2_Dio_Ip.o
 .debug_abbrev  0x00004ae4      0x385 ./RTD/src/Siul2_Port_Ip.o
 .debug_abbrev  0x00004e69      0x1cc ./RTD/src/Tspc_Port_Ip.o
 .debug_abbrev  0x00005035      0x146 ./board/Siul2_Port_Ip_Cfg.o
 .debug_abbrev  0x0000517b       0x29 ./board/Tspc_Port_Ip_Cfg.o
 .debug_abbrev  0x000051a4      0x103 ./generate/src/Clock_Ip_Cfg.o
 .debug_abbrev  0x000052a7       0x29 ./generate/src/OsIf_Cfg.o
 .debug_abbrev  0x000052d0      0x167 ./src/main.o
 .debug_abbrev  0x00005437       0x96 ./src/uart.o

.debug_aranges  0x00000000      0xc18
 .debug_aranges
                0x00000000       0x18 ./FreeRTOS/Source/croutine.o
 .debug_aranges
                0x00000018       0x20 ./FreeRTOS/Source/event_groups.o
 .debug_aranges
                0x00000038       0x20 ./FreeRTOS/Source/list.o
 .debug_aranges
                0x00000058       0x20 ./FreeRTOS/Source/queue.o
 .debug_aranges
                0x00000078       0x20 ./FreeRTOS/Source/stream_buffer.o
 .debug_aranges
                0x00000098       0x20 ./FreeRTOS/Source/tasks.o
 .debug_aranges
                0x000000b8       0x20 ./FreeRTOS/Source/timers.o
 .debug_aranges
                0x000000d8       0x20 ./FreeRTOS/Source/portable/GCC/ARM_CM7/r0p1/port.o
 .debug_aranges
                0x000000f8       0x20 ./FreeRTOS/Source/portable/MemMang/heap_1.o
 .debug_aranges
                0x00000118       0x68 ./Project_Settings/Startup_Code/exceptions.o
 .debug_aranges
                0x00000180       0x38 ./Project_Settings/Startup_Code/nvic.o
 .debug_aranges
                0x000001b8       0x28 ./Project_Settings/Startup_Code/startup.o
 .debug_aranges
                0x000001e0       0x28 ./Project_Settings/Startup_Code/startup_cm7.o
 .debug_aranges
                0x00000208       0x40 ./Project_Settings/Startup_Code/system.o
 .debug_aranges
                0x00000248       0x98 ./RTD/src/Clock_Ip.o
 .debug_aranges
                0x000002e0       0x18 ./RTD/src/Clock_Ip_Data.o
 .debug_aranges
                0x000002f8       0x40 ./RTD/src/Clock_Ip_Divider.o
 .debug_aranges
                0x00000338       0x30 ./RTD/src/Clock_Ip_DividerTrigger.o
 .debug_aranges
                0x00000368       0x58 ./RTD/src/Clock_Ip_ExtOsc.o
 .debug_aranges
                0x000003c0       0x28 ./RTD/src/Clock_Ip_FracDiv.o
 .debug_aranges
                0x000003e8       0x20 ./RTD/src/Clock_Ip_Frequency.o
 .debug_aranges
                0x00000408       0x38 ./RTD/src/Clock_Ip_Gate.o
 .debug_aranges
                0x00000440       0x60 ./RTD/src/Clock_Ip_IntOsc.o
 .debug_aranges
                0x000004a0       0x20 ./RTD/src/Clock_Ip_Irq.o
 .debug_aranges