Archive member included to satisfy reference by file (symbol)

c:/nxp/s32ds.3.6.0/s32ds/build_tools/gcc_v10.2/gcc-10.2-arm32-eabi/bin/../lib/gcc/arm-none-eabi/10.2.0/../../../../arm-none-eabi/lib/thumb/v7e-m+fp/hard\libc_nano.a(lib_a-memset.o)
                              ./Project_Settings/Startup_Code/startup.o (memset)
c:/nxp/s32ds.3.6.0/s32ds/build_tools/gcc_v10.2/gcc-10.2-arm32-eabi/bin/../lib/gcc/arm-none-eabi/10.2.0/../../../../arm-none-eabi/lib/thumb/v7e-m+fp/hard\libc_nano.a(lib_a-snprintf.o)
                              ./src/uart.o (snprintf)
c:/nxp/s32ds.3.6.0/s32ds/build_tools/gcc_v10.2/gcc-10.2-arm32-eabi/bin/../lib/gcc/arm-none-eabi/10.2.0/../../../../arm-none-eabi/lib/thumb/v7e-m+fp/hard\libc_nano.a(lib_a-impure.o)
                              c:/nxp/s32ds.3.6.0/s32ds/build_tools/gcc_v10.2/gcc-10.2-arm32-eabi/bin/../lib/gcc/arm-none-eabi/10.2.0/../../../../arm-none-eabi/lib/thumb/v7e-m+fp/hard\libc_nano.a(lib_a-snprintf.o) (_impure_ptr)
c:/nxp/s32ds.3.6.0/s32ds/build_tools/gcc_v10.2/gcc-10.2-arm32-eabi/bin/../lib/gcc/arm-none-eabi/10.2.0/../../../../arm-none-eabi/lib/thumb/v7e-m+fp/hard\libc_nano.a(lib_a-nano-svfprintf.o)
                              c:/nxp/s32ds.3.6.0/s32ds/build_tools/gcc_v10.2/gcc-10.2-arm32-eabi/bin/../lib/gcc/arm-none-eabi/10.2.0/../../../../arm-none-eabi/lib/thumb/v7e-m+fp/hard\libc_nano.a(lib_a-snprintf.o) (_svfprintf_r)
c:/nxp/s32ds.3.6.0/s32ds/build_tools/gcc_v10.2/gcc-10.2-arm32-eabi/bin/../lib/gcc/arm-none-eabi/10.2.0/../../../../arm-none-eabi/lib/thumb/v7e-m+fp/hard\libc_nano.a(lib_a-nano-vfprintf_i.o)
                              c:/nxp/s32ds.3.6.0/s32ds/build_tools/gcc_v10.2/gcc-10.2-arm32-eabi/bin/../lib/gcc/arm-none-eabi/10.2.0/../../../../arm-none-eabi/lib/thumb/v7e-m+fp/hard\libc_nano.a(lib_a-nano-svfprintf.o) (_printf_i)
c:/nxp/s32ds.3.6.0/s32ds/build_tools/gcc_v10.2/gcc-10.2-arm32-eabi/bin/../lib/gcc/arm-none-eabi/10.2.0/../../../../arm-none-eabi/lib/thumb/v7e-m+fp/hard\libc_nano.a(lib_a-memchr.o)
                              c:/nxp/s32ds.3.6.0/s32ds/build_tools/gcc_v10.2/gcc-10.2-arm32-eabi/bin/../lib/gcc/arm-none-eabi/10.2.0/../../../../arm-none-eabi/lib/thumb/v7e-m+fp/hard\libc_nano.a(lib_a-nano-svfprintf.o) (memchr)
c:/nxp/s32ds.3.6.0/s32ds/build_tools/gcc_v10.2/gcc-10.2-arm32-eabi/bin/../lib/gcc/arm-none-eabi/10.2.0/../../../../arm-none-eabi/lib/thumb/v7e-m+fp/hard\libc_nano.a(lib_a-memcpy-stub.o)
                              c:/nxp/s32ds.3.6.0/s32ds/build_tools/gcc_v10.2/gcc-10.2-arm32-eabi/bin/../lib/gcc/arm-none-eabi/10.2.0/../../../../arm-none-eabi/lib/thumb/v7e-m+fp/hard\libc_nano.a(lib_a-nano-svfprintf.o) (memcpy)
c:/nxp/s32ds.3.6.0/s32ds/build_tools/gcc_v10.2/gcc-10.2-arm32-eabi/bin/../lib/gcc/arm-none-eabi/10.2.0/../../../../arm-none-eabi/lib/thumb/v7e-m+fp/hard\libc_nano.a(lib_a-memmove.o)
                              c:/nxp/s32ds.3.6.0/s32ds/build_tools/gcc_v10.2/gcc-10.2-arm32-eabi/bin/../lib/gcc/arm-none-eabi/10.2.0/../../../../arm-none-eabi/lib/thumb/v7e-m+fp/hard\libc_nano.a(lib_a-nano-svfprintf.o) (memmove)
c:/nxp/s32ds.3.6.0/s32ds/build_tools/gcc_v10.2/gcc-10.2-arm32-eabi/bin/../lib/gcc/arm-none-eabi/10.2.0/../../../../arm-none-eabi/lib/thumb/v7e-m+fp/hard\libc_nano.a(lib_a-nano-freer.o)
                              c:/nxp/s32ds.3.6.0/s32ds/build_tools/gcc_v10.2/gcc-10.2-arm32-eabi/bin/../lib/gcc/arm-none-eabi/10.2.0/../../../../arm-none-eabi/lib/thumb/v7e-m+fp/hard\libc_nano.a(lib_a-nano-svfprintf.o) (_free_r)
c:/nxp/s32ds.3.6.0/s32ds/build_tools/gcc_v10.2/gcc-10.2-arm32-eabi/bin/../lib/gcc/arm-none-eabi/10.2.0/../../../../arm-none-eabi/lib/thumb/v7e-m+fp/hard\libc_nano.a(lib_a-nano-mallocr.o)
                              c:/nxp/s32ds.3.6.0/s32ds/build_tools/gcc_v10.2/gcc-10.2-arm32-eabi/bin/../lib/gcc/arm-none-eabi/10.2.0/../../../../arm-none-eabi/lib/thumb/v7e-m+fp/hard\libc_nano.a(lib_a-nano-svfprintf.o) (_malloc_r)
c:/nxp/s32ds.3.6.0/s32ds/build_tools/gcc_v10.2/gcc-10.2-arm32-eabi/bin/../lib/gcc/arm-none-eabi/10.2.0/../../../../arm-none-eabi/lib/thumb/v7e-m+fp/hard\libc_nano.a(lib_a-nano-reallocr.o)
                              c:/nxp/s32ds.3.6.0/s32ds/build_tools/gcc_v10.2/gcc-10.2-arm32-eabi/bin/../lib/gcc/arm-none-eabi/10.2.0/../../../../arm-none-eabi/lib/thumb/v7e-m+fp/hard\libc_nano.a(lib_a-nano-svfprintf.o) (_realloc_r)
c:/nxp/s32ds.3.6.0/s32ds/build_tools/gcc_v10.2/gcc-10.2-arm32-eabi/bin/../lib/gcc/arm-none-eabi/10.2.0/../../../../arm-none-eabi/lib/thumb/v7e-m+fp/hard\libc_nano.a(lib_a-sbrkr.o)
                              c:/nxp/s32ds.3.6.0/s32ds/build_tools/gcc_v10.2/gcc-10.2-arm32-eabi/bin/../lib/gcc/arm-none-eabi/10.2.0/../../../../arm-none-eabi/lib/thumb/v7e-m+fp/hard\libc_nano.a(lib_a-nano-mallocr.o) (_sbrk_r)
c:/nxp/s32ds.3.6.0/s32ds/build_tools/gcc_v10.2/gcc-10.2-arm32-eabi/bin/../lib/gcc/arm-none-eabi/10.2.0/../../../../arm-none-eabi/lib/thumb/v7e-m+fp/hard\libc_nano.a(lib_a-mlock.o)
                              c:/nxp/s32ds.3.6.0/s32ds/build_tools/gcc_v10.2/gcc-10.2-arm32-eabi/bin/../lib/gcc/arm-none-eabi/10.2.0/../../../../arm-none-eabi/lib/thumb/v7e-m+fp/hard\libc_nano.a(lib_a-nano-freer.o) (__malloc_lock)
c:/nxp/s32ds.3.6.0/s32ds/build_tools/gcc_v10.2/gcc-10.2-arm32-eabi/bin/../lib/gcc/arm-none-eabi/10.2.0/../../../../arm-none-eabi/lib/thumb/v7e-m+fp/hard\libc_nano.a(lib_a-nano-msizer.o)
                              c:/nxp/s32ds.3.6.0/s32ds/build_tools/gcc_v10.2/gcc-10.2-arm32-eabi/bin/../lib/gcc/arm-none-eabi/10.2.0/../../../../arm-none-eabi/lib/thumb/v7e-m+fp/hard\libc_nano.a(lib_a-nano-reallocr.o) (_malloc_usable_size_r)
c:/nxp/s32ds.3.6.0/s32ds/build_tools/gcc_v10.2/gcc-10.2-arm32-eabi/bin/../lib/gcc/arm-none-eabi/10.2.0/../../../../arm-none-eabi/lib/thumb/v7e-m+fp/hard\libc_nano.a(lib_a-reent.o)
                              c:/nxp/s32ds.3.6.0/s32ds/build_tools/gcc_v10.2/gcc-10.2-arm32-eabi/bin/../lib/gcc/arm-none-eabi/10.2.0/../../../../arm-none-eabi/lib/thumb/v7e-m+fp/hard\libc_nano.a(lib_a-sbrkr.o) (errno)
c:/nxp/s32ds.3.6.0/s32ds/build_tools/gcc_v10.2/gcc-10.2-arm32-eabi/bin/../lib/gcc/arm-none-eabi/10.2.0/../../../../arm-none-eabi/lib/thumb/v7e-m+fp/hard\libnosys.a(sbrk.o)
                              c:/nxp/s32ds.3.6.0/s32ds/build_tools/gcc_v10.2/gcc-10.2-arm32-eabi/bin/../lib/gcc/arm-none-eabi/10.2.0/../../../../arm-none-eabi/lib/thumb/v7e-m+fp/hard\libc_nano.a(lib_a-sbrkr.o) (_sbrk)

Discarded input sections

 .group         0x00000000        0xc ./Project_Settings/Startup_Code/exceptions.o
 .group         0x00000000        0xc ./Project_Settings/Startup_Code/exceptions.o
 .group         0x00000000        0xc ./Project_Settings/Startup_Code/exceptions.o
 .group         0x00000000        0xc ./Project_Settings/Startup_Code/exceptions.o
 .group         0x00000000        0xc ./Project_Settings/Startup_Code/exceptions.o
 .group         0x00000000        0xc ./Project_Settings/Startup_Code/exceptions.o
 .group         0x00000000        0xc ./Project_Settings/Startup_Code/exceptions.o
 .group         0x00000000        0xc ./Project_Settings/Startup_Code/exceptions.o
 .group         0x00000000        0xc ./Project_Settings/Startup_Code/exceptions.o
 .group         0x00000000        0xc ./Project_Settings/Startup_Code/exceptions.o
 .group         0x00000000        0xc ./Project_Settings/Startup_Code/exceptions.o
 .group         0x00000000        0xc ./Project_Settings/Startup_Code/exceptions.o
 .group         0x00000000        0xc ./Project_Settings/Startup_Code/exceptions.o
 .group         0x00000000        0xc ./Project_Settings/Startup_Code/exceptions.o
 .group         0x00000000        0xc ./Project_Settings/Startup_Code/exceptions.o
 .group         0x00000000        0xc ./Project_Settings/Startup_Code/exceptions.o
 .group         0x00000000        0xc ./Project_Settings/Startup_Code/exceptions.o
 .group         0x00000000        0xc ./Project_Settings/Startup_Code/exceptions.o
 .group         0x00000000        0xc ./Project_Settings/Startup_Code/exceptions.o
 .group         0x00000000        0xc ./Project_Settings/Startup_Code/exceptions.o
 .group         0x00000000        0xc ./Project_Settings/Startup_Code/exceptions.o
 .group         0x00000000        0xc ./Project_Settings/Startup_Code/exceptions.o
 .group         0x00000000        0xc ./Project_Settings/Startup_Code/exceptions.o
 .group         0x00000000        0xc ./Project_Settings/Startup_Code/exceptions.o
 .group         0x00000000        0xc ./Project_Settings/Startup_Code/exceptions.o
 .group         0x00000000        0xc ./Project_Settings/Startup_Code/nvic.o
 .group         0x00000000        0xc ./Project_Settings/Startup_Code/nvic.o
 .group         0x00000000        0xc ./Project_Settings/Startup_Code/nvic.o
 .group         0x00000000        0xc ./Project_Settings/Startup_Code/nvic.o
 .group         0x00000000        0xc ./Project_Settings/Startup_Code/nvic.o
 .group         0x00000000        0xc ./Project_Settings/Startup_Code/nvic.o
 .group         0x00000000        0xc ./Project_Settings/Startup_Code/nvic.o
 .group         0x00000000        0xc ./Project_Settings/Startup_Code/nvic.o
 .group         0x00000000        0xc ./Project_Settings/Startup_Code/nvic.o
 .group         0x00000000        0xc ./Project_Settings/Startup_Code/nvic.o
 .group         0x00000000        0xc ./Project_Settings/Startup_Code/nvic.o
 .group         0x00000000        0xc ./Project_Settings/Startup_Code/nvic.o
 .group         0x00000000        0xc ./Project_Settings/Startup_Code/nvic.o
 .group         0x00000000        0xc ./Project_Settings/Startup_Code/nvic.o
 .group         0x00000000        0xc ./Project_Settings/Startup_Code/nvic.o
 .group         0x00000000        0xc ./Project_Settings/Startup_Code/nvic.o
 .group         0x00000000        0xc ./Project_Settings/Startup_Code/nvic.o
 .group         0x00000000        0xc ./Project_Settings/Startup_Code/nvic.o
 .group         0x00000000        0xc ./Project_Settings/Startup_Code/nvic.o
 .group         0x00000000        0xc ./Project_Settings/Startup_Code/nvic.o
 .group         0x00000000        0xc ./Project_Settings/Startup_Code/nvic.o
 .group         0x00000000        0xc ./Project_Settings/Startup_Code/nvic.o
 .group         0x00000000        0xc ./Project_Settings/Startup_Code/nvic.o
 .group         0x00000000        0xc ./Project_Settings/Startup_Code/nvic.o
 .group         0x00000000        0xc ./Project_Settings/Startup_Code/nvic.o
 .group         0x00000000        0xc ./Project_Settings/Startup_Code/nvic.o
 .group         0x00000000        0xc ./Project_Settings/Startup_Code/nvic.o
 .group         0x00000000        0xc ./Project_Settings/Startup_Code/nvic.o
 .group         0x00000000        0xc ./Project_Settings/Startup_Code/nvic.o
 .group         0x00000000        0xc ./Project_Settings/Startup_Code/nvic.o
 .group         0x00000000        0xc ./Project_Settings/Startup_Code/nvic.o
 .group         0x00000000        0xc ./Project_Settings/Startup_Code/nvic.o
 .group         0x00000000        0xc ./Project_Settings/Startup_Code/nvic.o
 .group         0x00000000        0xc ./Project_Settings/Startup_Code/nvic.o
 .group         0x00000000        0xc ./Project_Settings/Startup_Code/nvic.o
 .group         0x00000000        0xc ./Project_Settings/Startup_Code/nvic.o
 .group         0x00000000        0xc ./Project_Settings/Startup_Code/nvic.o
 .group         0x00000000        0xc ./Project_Settings/Startup_Code/nvic.o
 .group         0x00000000        0xc ./Project_Settings/Startup_Code/nvic.o
 .group         0x00000000        0xc ./Project_Settings/Startup_Code/nvic.o
 .group         0x00000000        0xc ./Project_Settings/Startup_Code/nvic.o
 .group         0x00000000        0xc ./Project_Settings/Startup_Code/nvic.o
 .group         0x00000000        0xc ./Project_Settings/Startup_Code/nvic.o
 .group         0x00000000        0xc ./Project_Settings/Startup_Code/nvic.o
 .group         0x00000000        0xc ./Project_Settings/Startup_Code/nvic.o
 .group         0x00000000        0xc ./Project_Settings/Startup_Code/nvic.o
 .group         0x00000000        0xc ./Project_Settings/Startup_Code/nvic.o
 .group         0x00000000        0xc ./Project_Settings/Startup_Code/nvic.o
 .group         0x00000000        0xc ./Project_Settings/Startup_Code/nvic.o
 .group         0x00000000        0xc ./Project_Settings/Startup_Code/nvic.o
 .group         0x00000000        0xc ./Project_Settings/Startup_Code/nvic.o
 .group         0x00000000        0xc ./Project_Settings/Startup_Code/nvic.o
 .group         0x00000000        0xc ./Project_Settings/Startup_Code/nvic.o
 .group         0x00000000        0xc ./Project_Settings/Startup_Code/nvic.o
 .group         0x00000000        0xc ./Project_Settings/Startup_Code/nvic.o
 .group         0x00000000        0xc ./Project_Settings/Startup_Code/nvic.o
 .group         0x00000000        0xc ./Project_Settings/Startup_Code/nvic.o
 .group         0x00000000        0xc ./Project_Settings/Startup_Code/nvic.o
 .group         0x00000000        0xc ./Project_Settings/Startup_Code/nvic.o
 .group         0x00000000        0xc ./Project_Settings/Startup_Code/nvic.o
 .group         0x00000000        0xc ./Project_Settings/Startup_Code/nvic.o
 .group         0x00000000        0xc ./Project_Settings/Startup_Code/nvic.o
 .group         0x00000000        0xc ./Project_Settings/Startup_Code/nvic.o
 .group         0x00000000        0xc ./Project_Settings/Startup_Code/nvic.o
 .group         0x00000000        0xc ./Project_Settings/Startup_Code/nvic.o
 .group         0x00000000        0xc ./Project_Settings/Startup_Code/nvic.o
 .group         0x00000000        0xc ./Project_Settings/Startup_Code/nvic.o
 .group         0x00000000        0xc ./Project_Settings/Startup_Code/nvic.o
 .group         0x00000000        0xc ./Project_Settings/Startup_Code/nvic.o
 .group         0x00000000        0xc ./Project_Settings/Startup_Code/nvic.o
 .group         0x00000000        0xc ./Project_Settings/Startup_Code/nvic.o
 .group         0x00000000        0xc ./Project_Settings/Startup_Code/nvic.o
 .group         0x00000000        0xc ./Project_Settings/Startup_Code/nvic.o
 .group         0x00000000        0xc ./Project_Settings/Startup_Code/nvic.o
 .group         0x00000000        0xc ./Project_Settings/Startup_Code/nvic.o
 .group         0x00000000        0xc ./Project_Settings/Startup_Code/nvic.o
 .group         0x00000000        0xc ./Project_Settings/Startup_Code/nvic.o
 .group         0x00000000        0xc ./Project_Settings/Startup_Code/nvic.o
 .group         0x00000000        0xc ./Project_Settings/Startup_Code/nvic.o
 .group         0x00000000        0xc ./Project_Settings/Startup_Code/nvic.o
 .group         0x00000000        0xc ./Project_Settings/Startup_Code/nvic.o
 .group         0x00000000        0xc ./Project_Settings/Startup_Code/nvic.o
 .group         0x00000000        0xc ./Project_Settings/Startup_Code/nvic.o
 .group         0x00000000        0xc ./Project_Settings/Startup_Code/nvic.o
 .group         0x00000000        0xc ./Project_Settings/Startup_Code/nvic.o
 .group         0x00000000        0xc ./Project_Settings/Startup_Code/nvic.o
 .group         0x00000000        0xc ./Project_Settings/Startup_Code/nvic.o
 .group         0x00000000        0xc ./Project_Settings/Startup_Code/nvic.o
 .group         0x00000000        0xc ./Project_Settings/Startup_Code/nvic.o
 .group         0x00000000        0xc ./Project_Settings/Startup_Code/nvic.o
 .group         0x00000000        0xc ./Project_Settings/Startup_Code/nvic.o
 .debug_macro   0x00000000      0xa90 ./Project_Settings/Startup_Code/nvic.o
 .debug_macro   0x00000000       0x88 ./Project_Settings/Startup_Code/nvic.o
 .debug_macro   0x00000000      0x97b ./Project_Settings/Startup_Code/nvic.o
 .debug_macro   0x00000000       0x3a ./Project_Settings/Startup_Code/nvic.o
 .debug_macro   0x00000000       0xcc ./Project_Settings/Startup_Code/nvic.o
 .debug_macro   0x00000000       0x6e ./Project_Settings/Startup_Code/nvic.o
 .debug_macro   0x00000000       0x4c ./Project_Settings/Startup_Code/nvic.o
 .debug_macro   0x00000000       0x94 ./Project_Settings/Startup_Code/nvic.o
 .debug_macro   0x00000000       0xc8 ./Project_Settings/Startup_Code/nvic.o
 .debug_macro   0x00000000      0x11e ./Project_Settings/Startup_Code/nvic.o
 .debug_macro   0x00000000       0x52 ./Project_Settings/Startup_Code/nvic.o
 .debug_macro   0x00000000       0x16 ./Project_Settings/Startup_Code/nvic.o
 .debug_macro   0x00000000       0x22 ./Project_Settings/Startup_Code/nvic.o
 .debug_macro   0x00000000       0x56 ./Project_Settings/Startup_Code/nvic.o
 .debug_macro   0x00000000       0x51 ./Project_Settings/Startup_Code/nvic.o
 .debug_macro   0x00000000      0x103 ./Project_Settings/Startup_Code/nvic.o
 .debug_macro   0x00000000       0x6a ./Project_Settings/Startup_Code/nvic.o
 .debug_macro   0x00000000      0x1df ./Project_Settings/Startup_Code/nvic.o
 .debug_macro   0x00000000       0x7c ./Project_Settings/Startup_Code/nvic.o
 .debug_macro   0x00000000      0x130 ./Project_Settings/Startup_Code/nvic.o
 .debug_macro   0x00000000       0x6a ./Project_Settings/Startup_Code/nvic.o
 .debug_macro   0x00000000       0x5f ./Project_Settings/Startup_Code/nvic.o
 .debug_macro   0x00000000       0x57 ./Project_Settings/Startup_Code/nvic.o
 .debug_macro   0x00000000       0x50 ./Project_Settings/Startup_Code/nvic.o
 .debug_macro   0x00000000       0x50 ./Project_Settings/Startup_Code/nvic.o
 .group         0x00000000        0xc ./Project_Settings/Startup_Code/startup.o
 .group         0x00000000        0xc ./Project_Settings/Startup_Code/startup.o
 .group         0x00000000        0xc ./Project_Settings/Startup_Code/startup.o
 .group         0x00000000        0xc ./Project_Settings/Startup_Code/startup.o
 .group         0x00000000        0xc ./Project_Settings/Startup_Code/startup.o
 .group         0x00000000        0xc ./Project_Settings/Startup_Code/startup.o
 .group         0x00000000        0xc ./Project_Settings/Startup_Code/startup.o
 .group         0x00000000        0xc ./Project_Settings/Startup_Code/startup.o
 .debug_macro   0x00000000      0xa90 ./Project_Settings/Startup_Code/startup.o
 .debug_macro   0x00000000       0x88 ./Project_Settings/Startup_Code/startup.o
 .debug_macro   0x00000000      0x97b ./Project_Settings/Startup_Code/startup.o
 .debug_macro   0x00000000       0x3a ./Project_Settings/Startup_Code/startup.o
 .debug_macro   0x00000000       0xcc ./Project_Settings/Startup_Code/startup.o
 .debug_macro   0x00000000       0x6e ./Project_Settings/Startup_Code/startup.o
 .debug_macro   0x00000000       0x50 ./Project_Settings/Startup_Code/startup.o
 .debug_macro   0x00000000       0x50 ./Project_Settings/Startup_Code/startup.o
 .group         0x00000000        0xc ./Project_Settings/Startup_Code/system.o
 .group         0x00000000        0xc ./Project_Settings/Startup_Code/system.o
 .group         0x00000000        0xc ./Project_Settings/Startup_Code/system.o
 .group         0x00000000        0xc ./Project_Settings/Startup_Code/system.o
 .group         0x00000000        0xc ./Project_Settings/Startup_Code/system.o
 .group         0x00000000        0xc ./Project_Settings/Startup_Code/system.o
 .group         0x00000000        0xc ./Project_Settings/Startup_Code/system.o
 .group         0x00000000        0xc ./Project_Settings/Startup_Code/system.o
 .group         0x00000000        0xc ./Project_Settings/Startup_Code/system.o
 .group         0x00000000        0xc ./Project_Settings/Startup_Code/system.o
 .group         0x00000000        0xc ./Project_Settings/Startup_Code/system.o
 .group         0x00000000        0xc ./Project_Settings/Startup_Code/system.o
 .group         0x00000000        0xc ./Project_Settings/Startup_Code/system.o
 .group         0x00000000        0xc ./Project_Settings/Startup_Code/system.o
 .group         0x00000000        0xc ./Project_Settings/Startup_Code/system.o
 .group         0x00000000        0xc ./Project_Settings/Startup_Code/system.o
 .group         0x00000000        0xc ./Project_Settings/Startup_Code/system.o
 .group         0x00000000        0xc ./Project_Settings/Startup_Code/system.o
 .group         0x00000000        0xc ./Project_Settings/Startup_Code/system.o
 .group         0x00000000        0xc ./Project_Settings/Startup_Code/system.o
 .group         0x00000000        0xc ./Project_Settings/Startup_Code/system.o
 .group         0x00000000        0xc ./Project_Settings/Startup_Code/system.o
 .group         0x00000000        0xc ./Project_Settings/Startup_Code/system.o
 .group         0x00000000        0xc ./Project_Settings/Startup_Code/system.o
 .group         0x00000000        0xc ./Project_Settings/Startup_Code/system.o
 .group         0x00000000        0xc ./Project_Settings/Startup_Code/system.o
 .group         0x00000000        0xc ./Project_Settings/Startup_Code/system.o
 .group         0x00000000        0xc ./Project_Settings/Startup_Code/system.o
 .group         0x00000000        0xc ./Project_Settings/Startup_Code/system.o
 .group         0x00000000        0xc ./Project_Settings/Startup_Code/system.o
 .group         0x00000000        0xc ./Project_Settings/Startup_Code/system.o
 .debug_macro   0x00000000      0xa90 ./Project_Settings/Startup_Code/system.o
 .debug_macro   0x00000000       0x88 ./Project_Settings/Startup_Code/system.o
 .debug_macro   0x00000000      0x97b ./Project_Settings/Startup_Code/system.o
 .debug_macro   0x00000000       0x3a ./Project_Settings/Startup_Code/system.o
 .debug_macro   0x00000000       0xcc ./Project_Settings/Startup_Code/system.o
 .debug_macro   0x00000000       0x6e ./Project_Settings/Startup_Code/system.o
 .debug_macro   0x00000000       0x4c ./Project_Settings/Startup_Code/system.o
 .debug_macro   0x00000000       0x94 ./Project_Settings/Startup_Code/system.o
 .debug_macro   0x00000000       0xc8 ./Project_Settings/Startup_Code/system.o
 .debug_macro   0x00000000      0x11e ./Project_Settings/Startup_Code/system.o
 .debug_macro   0x00000000       0x52 ./Project_Settings/Startup_Code/system.o
 .debug_macro   0x00000000       0x16 ./Project_Settings/Startup_Code/system.o
 .debug_macro   0x00000000       0x22 ./Project_Settings/Startup_Code/system.o
 .debug_macro   0x00000000       0x56 ./Project_Settings/Startup_Code/system.o
 .debug_macro   0x00000000       0x51 ./Project_Settings/Startup_Code/system.o
 .debug_macro   0x00000000      0x103 ./Project_Settings/Startup_Code/system.o
 .debug_macro   0x00000000       0x6a ./Project_Settings/Startup_Code/system.o
 .debug_macro   0x00000000      0x1df ./Project_Settings/Startup_Code/system.o
 .debug_macro   0x00000000       0x7c ./Project_Settings/Startup_Code/system.o
 .debug_macro   0x00000000      0x130 ./Project_Settings/Startup_Code/system.o
 .debug_macro   0x00000000       0x6a ./Project_Settings/Startup_Code/system.o
 .debug_macro   0x00000000       0x5f ./Project_Settings/Startup_Code/system.o
 .debug_macro   0x00000000       0x57 ./Project_Settings/Startup_Code/system.o
 .debug_macro   0x00000000      0xcd9 ./Project_Settings/Startup_Code/system.o
 .debug_macro   0x00000000      0x392 ./Project_Settings/Startup_Code/system.o
 .debug_macro   0x00000000     0x1517 ./Project_Settings/Startup_Code/system.o
 .debug_macro   0x00000000       0x50 ./Project_Settings/Startup_Code/system.o
 .debug_macro   0x00000000       0x50 ./Project_Settings/Startup_Code/system.o
 .group         0x00000000        0xc ./src/main.o
 .group         0x00000000        0xc ./src/main.o
 .group         0x00000000        0xc ./src/main.o
 .group         0x00000000        0xc ./src/main.o
 .group         0x00000000        0xc ./src/main.o
 .group         0x00000000        0xc ./src/main.o
 .group         0x00000000        0xc ./src/main.o
 .group         0x00000000        0xc ./src/main.o
 .group         0x00000000        0xc ./src/main.o
 .group         0x00000000        0xc ./src/main.o
 .group         0x00000000        0xc ./src/main.o
 .group         0x00000000        0xc ./src/main.o
 .group         0x00000000        0xc ./src/main.o
 .group         0x00000000        0xc ./src/main.o
 .group         0x00000000        0xc ./src/main.o
 .group         0x00000000        0xc ./src/main.o
 .group         0x00000000        0xc ./src/main.o
 .group         0x00000000        0xc ./src/main.o
 .group         0x00000000        0xc ./src/main.o
 .group         0x00000000        0xc ./src/main.o
 .group         0x00000000        0xc ./src/main.o
 .group         0x00000000        0xc ./src/main.o
 .group         0x00000000        0xc ./src/main.o
 .group         0x00000000        0xc ./src/main.o
 .group         0x00000000        0xc ./src/main.o
 .group         0x00000000        0xc ./src/main.o
 .debug_macro   0x00000000      0xa90 ./src/main.o
 .debug_macro   0x00000000       0x22 ./src/main.o
 .debug_macro   0x00000000       0x56 ./src/main.o
 .debug_macro   0x00000000       0x51 ./src/main.o
 .debug_macro   0x00000000      0x103 ./src/main.o
 .debug_macro   0x00000000       0x6a ./src/main.o
 .debug_macro   0x00000000      0x1df ./src/main.o
 .group         0x00000000        0xc ./src/uart.o
 .group         0x00000000        0xc ./src/uart.o
 .group         0x00000000        0xc ./src/uart.o
 .group         0x00000000        0xc ./src/uart.o
 .group         0x00000000        0xc ./src/uart.o
 .group         0x00000000        0xc ./src/uart.o
 .group         0x00000000        0xc ./src/uart.o
 .group         0x00000000        0xc ./src/uart.o
 .group         0x00000000        0xc ./src/uart.o
 .group         0x00000000        0xc ./src/uart.o
 .group         0x00000000        0xc ./src/uart.o
 .group         0x00000000        0xc ./src/uart.o
 .group         0x00000000        0xc ./src/uart.o
 .group         0x00000000        0xc ./src/uart.o
 .group         0x00000000        0xc ./src/uart.o
 .group         0x00000000        0xc ./src/uart.o
 .group         0x00000000        0xc ./src/uart.o
 .group         0x00000000        0xc ./src/uart.o
 .group         0x00000000        0xc ./src/uart.o
 .group         0x00000000        0xc ./src/uart.o
 .group         0x00000000        0xc ./src/uart.o
 .group         0x00000000        0xc ./src/uart.o
 .group         0x00000000        0xc ./src/uart.o
 .group         0x00000000        0xc ./src/uart.o
 .group         0x00000000        0xc ./src/uart.o
 .group         0x00000000        0xc ./src/uart.o
 .debug_macro   0x00000000      0xa90 ./src/uart.o
 .debug_macro   0x00000000       0x22 ./src/uart.o
 .debug_macro   0x00000000       0x56 ./src/uart.o
 .debug_macro   0x00000000       0x51 ./src/uart.o
 .debug_macro   0x00000000      0x103 ./src/uart.o
 .debug_macro   0x00000000       0x6a ./src/uart.o
 .debug_macro   0x00000000      0x1df ./src/uart.o
 .debug_macro   0x00000000       0x58 ./src/uart.o
 .debug_macro   0x00000000       0x18 ./src/uart.o
 .debug_macro   0x00000000       0x35 ./src/uart.o
 .debug_macro   0x00000000       0x34 ./src/uart.o
 .debug_macro   0x00000000       0x16 ./src/uart.o
 .debug_macro   0x00000000       0x97 ./src/uart.o
 .debug_macro   0x00000000      0x356 ./src/uart.o
 .debug_macro   0x00000000       0xf6 ./src/uart.o
 .debug_macro   0x00000000       0x10 ./src/uart.o
 .debug_macro   0x00000000       0x16 ./src/uart.o
 .debug_macro   0x00000000       0x43 ./src/uart.o
 .debug_macro   0x00000000       0x34 ./src/uart.o
 .debug_macro   0x00000000       0x10 ./src/uart.o
 .debug_macro   0x00000000       0x52 ./src/uart.o
 .debug_macro   0x00000000      0x182 ./src/uart.o
 .debug_macro   0x00000000       0xbe ./src/uart.o
 .debug_macro   0x00000000       0x16 ./src/uart.o
 .debug_macro   0x00000000      0x129 ./src/uart.o
 .debug_macro   0x00000000       0x22 ./src/uart.o

Memory Configuration

Name             Origin             Length             Attributes
int_pflash       0x00400000         0x007d4000
int_dflash       0x10000000         0x00020000
int_itcm         0x00000000         0x00008000
int_dtcm         0x20000000         0x0000f000
int_stack_dtcm   0x2000f000         0x00001000
int_sram         0x20400000         0x0007ff00
int_sram_fls_rsv 0x2047ff00         0x00000100
int_sram_no_cacheable 0x20480000         0x0003bf00
int_sram_results 0x204bbf00         0x00000100
int_sram_shareable 0x204bc000         0x00004000
ram_rsvd2        0x204c0000         0x00000000
*default*        0x00000000         0xffffffff

Linker script and memory map

LOAD ./Project_Settings/Startup_Code/Vector_Table.o
LOAD ./Project_Settings/Startup_Code/exceptions.o
LOAD ./Project_Settings/Startup_Code/nvic.o
LOAD ./Project_Settings/Startup_Code/startup.o
LOAD ./Project_Settings/Startup_Code/startup_cm7.o
LOAD ./Project_Settings/Startup_Code/system.o
LOAD ./src/main.o
LOAD ./src/uart.o
LOAD c:/nxp/s32ds.3.6.0/s32ds/build_tools/gcc_v10.2/gcc-10.2-arm32-eabi/bin/../lib/gcc/arm-none-eabi/10.2.0/../../../../arm-none-eabi/lib/thumb/v7e-m+fp/hard\libc_nano.a
LOAD c:/nxp/s32ds.3.6.0/s32ds/build_tools/gcc_v10.2/gcc-10.2-arm32-eabi/bin/../lib/gcc/arm-none-eabi/10.2.0/../../../../arm-none-eabi/lib/thumb/v7e-m+fp/hard\libm.a
LOAD c:/nxp/s32ds.3.6.0/s32ds/build_tools/gcc_v10.2/gcc-10.2-arm32-eabi/bin/../lib/gcc/arm-none-eabi/10.2.0/thumb/v7e-m+fp/hard\libgcc.a
LOAD c:/nxp/s32ds.3.6.0/s32ds/build_tools/gcc_v10.2/gcc-10.2-arm32-eabi/bin/../lib/gcc/arm-none-eabi/10.2.0/../../../../arm-none-eabi/lib/thumb/v7e-m+fp/hard\libc_nano.a
LOAD c:/nxp/s32ds.3.6.0/s32ds/build_tools/gcc_v10.2/gcc-10.2-arm32-eabi/bin/../lib/gcc/arm-none-eabi/10.2.0/../../../../arm-none-eabi/lib/thumb/v7e-m+fp/hard\libm.a
LOAD c:/nxp/s32ds.3.6.0/s32ds/build_tools/gcc_v10.2/gcc-10.2-arm32-eabi/bin/../lib/gcc/arm-none-eabi/10.2.0/thumb/v7e-m+fp/hard\libgcc.a
START GROUP
LOAD c:/nxp/s32ds.3.6.0/s32ds/build_tools/gcc_v10.2/gcc-10.2-arm32-eabi/bin/../lib/gcc/arm-none-eabi/10.2.0/thumb/v7e-m+fp/hard\libgcc.a
LOAD c:/nxp/s32ds.3.6.0/s32ds/build_tools/gcc_v10.2/gcc-10.2-arm32-eabi/bin/../lib/gcc/arm-none-eabi/10.2.0/../../../../arm-none-eabi/lib/thumb/v7e-m+fp/hard\libg_nano.a
LOAD c:/nxp/s32ds.3.6.0/s32ds/build_tools/gcc_v10.2/gcc-10.2-arm32-eabi/bin/../lib/gcc/arm-none-eabi/10.2.0/../../../../arm-none-eabi/lib/thumb/v7e-m+fp/hard\libc_nano.a
END GROUP
START GROUP
LOAD c:/nxp/s32ds.3.6.0/s32ds/build_tools/gcc_v10.2/gcc-10.2-arm32-eabi/bin/../lib/gcc/arm-none-eabi/10.2.0/thumb/v7e-m+fp/hard\libgcc.a
LOAD c:/nxp/s32ds.3.6.0/s32ds/build_tools/gcc_v10.2/gcc-10.2-arm32-eabi/bin/../lib/gcc/arm-none-eabi/10.2.0/../../../../arm-none-eabi/lib/thumb/v7e-m+fp/hard\libc_nano.a
LOAD c:/nxp/s32ds.3.6.0/s32ds/build_tools/gcc_v10.2/gcc-10.2-arm32-eabi/bin/../lib/gcc/arm-none-eabi/10.2.0/../../../../arm-none-eabi/lib/thumb/v7e-m+fp/hard\libnosys.a
END GROUP
START GROUP
LOAD c:/nxp/s32ds.3.6.0/s32ds/build_tools/gcc_v10.2/gcc-10.2-arm32-eabi/bin/../lib/gcc/arm-none-eabi/10.2.0/thumb/v7e-m+fp/hard\libgcc.a
LOAD c:/nxp/s32ds.3.6.0/s32ds/build_tools/gcc_v10.2/gcc-10.2-arm32-eabi/bin/../lib/gcc/arm-none-eabi/10.2.0/../../../../arm-none-eabi/lib/thumb/v7e-m+fp/hard\libc_nano.a
LOAD c:/nxp/s32ds.3.6.0/s32ds/build_tools/gcc_v10.2/gcc-10.2-arm32-eabi/bin/../lib/gcc/arm-none-eabi/10.2.0/../../../../arm-none-eabi/lib/thumb/v7e-m+fp/hard\libnosys.a
END GROUP
                0x00002000                HEAP_SIZE = DEFINED (__heap_size__)?__heap_size__:0x2000
                0x2040ffff                __STANDBY_RAM_LIMIT_END = 0x2040ffff

.pflash         0x00400000     0x1750
                0x00400000                . = ALIGN (0x2000)
                0x00400000                __text_start = .
                0x00400000                __interrupts_init_start = .
 *(.intc_vector)
 .intc_vector   0x00400000      0x408 ./Project_Settings/Startup_Code/Vector_Table.o
                0x00400000                VTABLE
                0x00400408                . = ALIGN (0x4)
                0x00400408                __interrupts_init_end = .
 *(.core_loop)
 .core_loop     0x00400408        0xc ./Project_Settings/Startup_Code/startup_cm7.o
                0x00400408                _core_loop
                0x00400414                . = ALIGN (0x4)
 *(.startup)
 *fill*         0x00400414        0xc 
 .startup       0x00400420      0x204 ./Project_Settings/Startup_Code/startup_cm7.o
                0x00400420                Reset_Handler
                0x00400420                _start
                0x004005a4                MCAL_LTB_TRACE_OFF
                0x004005a6                _end_of_eunit_test
                0x00400624                . = ALIGN (0x4)
 *(.systeminit)
                0x00400624                . = ALIGN (0x4)
 *(.text.startup)
 .text.startup  0x00400624       0x14 ./src/main.o
                0x00400624                main
                0x00400638                . = ALIGN (0x4)
 *(.text)
 .text          0x00400638        0x0 ./Project_Settings/Startup_Code/Vector_Table.o
 .text          0x00400638        0x0 ./Project_Settings/Startup_Code/exceptions.o
 .text          0x00400638        0x0 ./Project_Settings/Startup_Code/nvic.o
 .text          0x00400638        0x0 ./Project_Settings/Startup_Code/startup.o
 .text          0x00400638        0x0 ./Project_Settings/Startup_Code/startup_cm7.o
 .text          0x00400638       0x10 ./Project_Settings/Startup_Code/system.o
                0x00400638                Sys_GetCoreID
 .text          0x00400648        0x0 ./src/main.o
 .text          0x00400648       0x80 ./src/uart.o
                0x00400648                UART_init
                0x00400664                UART_printf
                0x00400678                UART_scanf
 .text          0x004006c8        0x0 c:/nxp/s32ds.3.6.0/s32ds/build_tools/gcc_v10.2/gcc-10.2-arm32-eabi/bin/../lib/gcc/arm-none-eabi/10.2.0/../../../../arm-none-eabi/lib/thumb/v7e-m+fp/hard\libc_nano.a(lib_a-memset.o)
 .text          0x004006c8        0x0 c:/nxp/s32ds.3.6.0/s32ds/build_tools/gcc_v10.2/gcc-10.2-arm32-eabi/bin/../lib/gcc/arm-none-eabi/10.2.0/../../../../arm-none-eabi/lib/thumb/v7e-m+fp/hard\libc_nano.a(lib_a-snprintf.o)
 .text          0x004006c8        0x0 c:/nxp/s32ds.3.6.0/s32ds/build_tools/gcc_v10.2/gcc-10.2-arm32-eabi/bin/../lib/gcc/arm-none-eabi/10.2.0/../../../../arm-none-eabi/lib/thumb/v7e-m+fp/hard\libc_nano.a(lib_a-impure.o)
 .text          0x004006c8        0x0 c:/nxp/s32ds.3.6.0/s32ds/build_tools/gcc_v10.2/gcc-10.2-arm32-eabi/bin/../lib/gcc/arm-none-eabi/10.2.0/../../../../arm-none-eabi/lib/thumb/v7e-m+fp/hard\libc_nano.a(lib_a-nano-svfprintf.o)
 .text          0x004006c8        0x0 c:/nxp/s32ds.3.6.0/s32ds/build_tools/gcc_v10.2/gcc-10.2-arm32-eabi/bin/../lib/gcc/arm-none-eabi/10.2.0/../../../../arm-none-eabi/lib/thumb/v7e-m+fp/hard\libc_nano.a(lib_a-nano-vfprintf_i.o)
 *fill*         0x004006c8        0x8 
 .text          0x004006d0       0xa0 c:/nxp/s32ds.3.6.0/s32ds/build_tools/gcc_v10.2/gcc-10.2-arm32-eabi/bin/../lib/gcc/arm-none-eabi/10.2.0/../../../../arm-none-eabi/lib/thumb/v7e-m+fp/hard\libc_nano.a(lib_a-memchr.o)
                0x004006d0                memchr
 .text          0x00400770        0x0 c:/nxp/s32ds.3.6.0/s32ds/build_tools/gcc_v10.2/gcc-10.2-arm32-eabi/bin/../lib/gcc/arm-none-eabi/10.2.0/../../../../arm-none-eabi/lib/thumb/v7e-m+fp/hard\libc_nano.a(lib_a-memcpy-stub.o)
 .text          0x00400770        0x0 c:/nxp/s32ds.3.6.0/s32ds/build_tools/gcc_v10.2/gcc-10.2-arm32-eabi/bin/../lib/gcc/arm-none-eabi/10.2.0/../../../../arm-none-eabi/lib/thumb/v7e-m+fp/hard\libc_nano.a(lib_a-memmove.o)
 .text          0x00400770        0x0 c:/nxp/s32ds.3.6.0/s32ds/build_tools/gcc_v10.2/gcc-10.2-arm32-eabi/bin/../lib/gcc/arm-none-eabi/10.2.0/../../../../arm-none-eabi/lib/thumb/v7e-m+fp/hard\libc_nano.a(lib_a-nano-freer.o)
 .text          0x00400770        0x0 c:/nxp/s32ds.3.6.0/s32ds/build_tools/gcc_v10.2/gcc-10.2-arm32-eabi/bin/../lib/gcc/arm-none-eabi/10.2.0/../../../../arm-none-eabi/lib/thumb/v7e-m+fp/hard\libc_nano.a(lib_a-nano-mallocr.o)
 .text          0x00400770        0x0 c:/nxp/s32ds.3.6.0/s32ds/build_tools/gcc_v10.2/gcc-10.2-arm32-eabi/bin/../lib/gcc/arm-none-eabi/10.2.0/../../../../arm-none-eabi/lib/thumb/v7e-m+fp/hard\libc_nano.a(lib_a-nano-reallocr.o)
 .text          0x00400770        0x0 c:/nxp/s32ds.3.6.0/s32ds/build_tools/gcc_v10.2/gcc-10.2-arm32-eabi/bin/../lib/gcc/arm-none-eabi/10.2.0/../../../../arm-none-eabi/lib/thumb/v7e-m+fp/hard\libc_nano.a(lib_a-sbrkr.o)
 .text          0x00400770        0x0 c:/nxp/s32ds.3.6.0/s32ds/build_tools/gcc_v10.2/gcc-10.2-arm32-eabi/bin/../lib/gcc/arm-none-eabi/10.2.0/../../../../arm-none-eabi/lib/thumb/v7e-m+fp/hard\libc_nano.a(lib_a-mlock.o)
 .text          0x00400770        0x0 c:/nxp/s32ds.3.6.0/s32ds/build_tools/gcc_v10.2/gcc-10.2-arm32-eabi/bin/../lib/gcc/arm-none-eabi/10.2.0/../../../../arm-none-eabi/lib/thumb/v7e-m+fp/hard\libc_nano.a(lib_a-nano-msizer.o)
 .text          0x00400770        0x0 c:/nxp/s32ds.3.6.0/s32ds/build_tools/gcc_v10.2/gcc-10.2-arm32-eabi/bin/../lib/gcc/arm-none-eabi/10.2.0/../../../../arm-none-eabi/lib/thumb/v7e-m+fp/hard\libc_nano.a(lib_a-reent.o)
 .text          0x00400770        0x0 c:/nxp/s32ds.3.6.0/s32ds/build_tools/gcc_v10.2/gcc-10.2-arm32-eabi/bin/../lib/gcc/arm-none-eabi/10.2.0/../../../../arm-none-eabi/lib/thumb/v7e-m+fp/hard\libnosys.a(sbrk.o)
 *(.text*)
 .text.memset   0x00400770       0x10 c:/nxp/s32ds.3.6.0/s32ds/build_tools/gcc_v10.2/gcc-10.2-arm32-eabi/bin/../lib/gcc/arm-none-eabi/10.2.0/../../../../arm-none-eabi/lib/thumb/v7e-m+fp/hard\libc_nano.a(lib_a-memset.o)
                0x00400770                memset
 .text._snprintf_r
                0x00400780       0x5e c:/nxp/s32ds.3.6.0/s32ds/build_tools/gcc_v10.2/gcc-10.2-arm32-eabi/bin/../lib/gcc/arm-none-eabi/10.2.0/../../../../arm-none-eabi/lib/thumb/v7e-m+fp/hard\libc_nano.a(lib_a-snprintf.o)
                0x00400780                _snprintf_r
                0x00400780                _sniprintf_r
 *fill*         0x004007de        0x2 
 .text.snprintf
                0x004007e0       0x68 c:/nxp/s32ds.3.6.0/s32ds/build_tools/gcc_v10.2/gcc-10.2-arm32-eabi/bin/../lib/gcc/arm-none-eabi/10.2.0/../../../../arm-none-eabi/lib/thumb/v7e-m+fp/hard\libc_nano.a(lib_a-snprintf.o)
                0x004007e0                sniprintf
                0x004007e0                snprintf
 .text.__ssputs_r
                0x00400848       0xb6 c:/nxp/s32ds.3.6.0/s32ds/build_tools/gcc_v10.2/gcc-10.2-arm32-eabi/bin/../lib/gcc/arm-none-eabi/10.2.0/../../../../arm-none-eabi/lib/thumb/v7e-m+fp/hard\libc_nano.a(lib_a-nano-svfprintf.o)
                0x00400848                __ssputs_r
 .text.__ssprint_r
                0x004008fe       0xf6 c:/nxp/s32ds.3.6.0/s32ds/build_tools/gcc_v10.2/gcc-10.2-arm32-eabi/bin/../lib/gcc/arm-none-eabi/10.2.0/../../../../arm-none-eabi/lib/thumb/v7e-m+fp/hard\libc_nano.a(lib_a-nano-svfprintf.o)
                0x004008fe                __ssprint_r
 .text._svfprintf_r
                0x004009f4      0x200 c:/nxp/s32ds.3.6.0/s32ds/build_tools/gcc_v10.2/gcc-10.2-arm32-eabi/bin/../lib/gcc/arm-none-eabi/10.2.0/../../../../arm-none-eabi/lib/thumb/v7e-m+fp/hard\libc_nano.a(lib_a-nano-svfprintf.o)
                0x004009f4                _svfiprintf_r
                0x004009f4                _svfprintf_r
 .text._printf_common
                0x00400bf4       0xda c:/nxp/s32ds.3.6.0/s32ds/build_tools/gcc_v10.2/gcc-10.2-arm32-eabi/bin/../lib/gcc/arm-none-eabi/10.2.0/../../../../arm-none-eabi/lib/thumb/v7e-m+fp/hard\libc_nano.a(lib_a-nano-vfprintf_i.o)
                0x00400bf4                _printf_common
 *fill*         0x00400cce        0x2 
 .text._printf_i
                0x00400cd0      0x24c c:/nxp/s32ds.3.6.0/s32ds/build_tools/gcc_v10.2/gcc-10.2-arm32-eabi/bin/../lib/gcc/arm-none-eabi/10.2.0/../../../../arm-none-eabi/lib/thumb/v7e-m+fp/hard\libc_nano.a(lib_a-nano-vfprintf_i.o)
                0x00400cd0                _printf_i
 .text.memcpy   0x00400f1c       0x1c c:/nxp/s32ds.3.6.0/s32ds/build_tools/gcc_v10.2/gcc-10.2-arm32-eabi/bin/../lib/gcc/arm-none-eabi/10.2.0/../../../../arm-none-eabi/lib/thumb/v7e-m+fp/hard\libc_nano.a(lib_a-memcpy-stub.o)
                0x00400f1c                memcpy
 .text.memmove  0x00400f38       0x34 c:/nxp/s32ds.3.6.0/s32ds/build_tools/gcc_v10.2/gcc-10.2-arm32-eabi/bin/../lib/gcc/arm-none-eabi/10.2.0/../../../../arm-none-eabi/lib/thumb/v7e-m+fp/hard\libc_nano.a(lib_a-memmove.o)
                0x00400f38                memmove
 .text._free_r  0x00400f6c       0x98 c:/nxp/s32ds.3.6.0/s32ds/build_tools/gcc_v10.2/gcc-10.2-arm32-eabi/bin/../lib/gcc/arm-none-eabi/10.2.0/../../../../arm-none-eabi/lib/thumb/v7e-m+fp/hard\libc_nano.a(lib_a-nano-freer.o)
                0x00400f6c                _free_r
 .text._malloc_r
                0x00401004       0xb4 c:/nxp/s32ds.3.6.0/s32ds/build_tools/gcc_v10.2/gcc-10.2-arm32-eabi/bin/../lib/gcc/arm-none-eabi/10.2.0/../../../../arm-none-eabi/lib/thumb/v7e-m+fp/hard\libc_nano.a(lib_a-nano-mallocr.o)
                0x00401004                _malloc_r
 .text._realloc_r
                0x004010b8       0x4c c:/nxp/s32ds.3.6.0/s32ds/build_tools/gcc_v10.2/gcc-10.2-arm32-eabi/bin/../lib/gcc/arm-none-eabi/10.2.0/../../../../arm-none-eabi/lib/thumb/v7e-m+fp/hard\libc_nano.a(lib_a-nano-reallocr.o)
                0x004010b8                _realloc_r
 .text._sbrk_r  0x00401104       0x20 c:/nxp/s32ds.3.6.0/s32ds/build_tools/gcc_v10.2/gcc-10.2-arm32-eabi/bin/../lib/gcc/arm-none-eabi/10.2.0/../../../../arm-none-eabi/lib/thumb/v7e-m+fp/hard\libc_nano.a(lib_a-sbrkr.o)
                0x00401104                _sbrk_r
 .text.__malloc_lock
                0x00401124        0x2 c:/nxp/s32ds.3.6.0/s32ds/build_tools/gcc_v10.2/gcc-10.2-arm32-eabi/bin/../lib/gcc/arm-none-eabi/10.2.0/../../../../arm-none-eabi/lib/thumb/v7e-m+fp/hard\libc_nano.a(lib_a-mlock.o)
                0x00401124                __malloc_lock
 .text.__malloc_unlock
                0x00401126        0x2 c:/nxp/s32ds.3.6.0/s32ds/build_tools/gcc_v10.2/gcc-10.2-arm32-eabi/bin/../lib/gcc/arm-none-eabi/10.2.0/../../../../arm-none-eabi/lib/thumb/v7e-m+fp/hard\libc_nano.a(lib_a-mlock.o)
                0x00401126                __malloc_unlock
 .text._malloc_usable_size_r
                0x00401128       0x10 c:/nxp/s32ds.3.6.0/s32ds/build_tools/gcc_v10.2/gcc-10.2-arm32-eabi/bin/../lib/gcc/arm-none-eabi/10.2.0/../../../../arm-none-eabi/lib/thumb/v7e-m+fp/hard\libc_nano.a(lib_a-nano-msizer.o)
                0x00401128                _malloc_usable_size_r
 .text.cleanup_glue
                0x00401138       0x1a c:/nxp/s32ds.3.6.0/s32ds/build_tools/gcc_v10.2/gcc-10.2-arm32-eabi/bin/../lib/gcc/arm-none-eabi/10.2.0/../../../../arm-none-eabi/lib/thumb/v7e-m+fp/hard\libc_nano.a(lib_a-reent.o)
                0x00401138                cleanup_glue
 *fill*         0x00401152        0x2 
 .text._reclaim_reent
                0x00401154       0xb8 c:/nxp/s32ds.3.6.0/s32ds/build_tools/gcc_v10.2/gcc-10.2-arm32-eabi/bin/../lib/gcc/arm-none-eabi/10.2.0/../../../../arm-none-eabi/lib/thumb/v7e-m+fp/hard\libc_nano.a(lib_a-reent.o)
                0x00401154                _reclaim_reent
 .text._sbrk    0x0040120c       0x1c c:/nxp/s32ds.3.6.0/s32ds/build_tools/gcc_v10.2/gcc-10.2-arm32-eabi/bin/../lib/gcc/arm-none-eabi/10.2.0/../../../../arm-none-eabi/lib/thumb/v7e-m+fp/hard\libnosys.a(sbrk.o)
                0x0040120c                _sbrk
                0x00401228                . = ALIGN (0x4)
 *(.mcal_text)
 .mcal_text     0x00401228       0x14 ./Project_Settings/Startup_Code/exceptions.o
                0x00401228                NMI_Handler
                0x0040122a                HardFault_Handler
                0x0040122c                MemManage_Handler
                0x0040122e                BusFault_Handler
                0x00401230                UsageFault_Handler
                0x00401232                SVC_Handler
                0x00401234                DebugMon_Handler
                0x00401236                PendSV_Handler
                0x00401238                SysTick_Handler
                0x0040123a                undefined_handler
 .mcal_text     0x0040123c       0x52 ./Project_Settings/Startup_Code/nvic.o
                0x0040123c                NVIC_SetPriorityGrouping
                0x00401250                NVIC_EnableIRQ
                0x00401268                NVIC_DisableIRQ
                0x00401280                NVIC_SetPriority
 *fill*         0x0040128e        0x2 
 .mcal_text     0x00401290       0xe8 ./Project_Settings/Startup_Code/startup.o
                0x00401290                init_data_bss
                0x0040131c                init_data_bss_core2
 .mcal_text     0x00401378      0x324 ./Project_Settings/Startup_Code/system.o
                0x00401378                startup_go_to_user_mode
                0x0040137a                default_interrupt_routine
                0x0040137c                SystemInit
                0x00401680                Enable_FPU
                0x0040169c                . = ALIGN (0x4)
 *(.acmcu_code_rom)
                0x0040169c                . = ALIGN (0x4)
                0x0040169c                __acfls_code_rom_start = .
 *(.acfls_code_rom)
                0x0040169c                . = ALIGN (0x4)
                0x0040169c                __acfls_code_rom_end = .
                0x0040169c                __acmem_43_infls_code_rom_start = .
 *(.acmem_43_infls_code_rom)
                0x0040169c                . = ALIGN (0x4)
                0x0040169c                __acmem_43_infls_code_rom_end = .
 *(.init)
                0x0040169c                . = ALIGN (0x4)
 *(.fini)
                0x0040169c                . = ALIGN (0x4)
 *(.rodata)
 *(.rodata*)
 .rodata.str1.1
                0x0040169c       0x11 ./src/main.o
 .rodata.str1.1
                0x004016ad        0x3 ./src/uart.o
 .rodata._global_impure_ptr
                0x004016b0        0x4 c:/nxp/s32ds.3.6.0/s32ds/build_tools/gcc_v10.2/gcc-10.2-arm32-eabi/bin/../lib/gcc/arm-none-eabi/10.2.0/../../../../arm-none-eabi/lib/thumb/v7e-m+fp/hard\libc_nano.a(lib_a-impure.o)
                0x004016b0                _global_impure_ptr
 .rodata._svfprintf_r.str1.1
                0x004016b4       0x11 c:/nxp/s32ds.3.6.0/s32ds/build_tools/gcc_v10.2/gcc-10.2-arm32-eabi/bin/../lib/gcc/arm-none-eabi/10.2.0/../../../../arm-none-eabi/lib/thumb/v7e-m+fp/hard\libc_nano.a(lib_a-nano-svfprintf.o)
 .rodata._printf_i.str1.1
                0x004016c5       0x22 c:/nxp/s32ds.3.6.0/s32ds/build_tools/gcc_v10.2/gcc-10.2-arm32-eabi/bin/../lib/gcc/arm-none-eabi/10.2.0/../../../../arm-none-eabi/lib/thumb/v7e-m+fp/hard\libc_nano.a(lib_a-nano-vfprintf_i.o)
                0x004016e8                . = ALIGN (0x4)
 *fill*         0x004016e7        0x1 
 *(.mcal_const_cfg)
                0x004016e8                . = ALIGN (0x4)
 *(.mcal_const)
                0x004016e8                . = ALIGN (0x4)
                0x004016e8                __init_table = .
 *(.init_table)
 .init_table    0x004016e8       0x4c ./Project_Settings/Startup_Code/startup_cm7.o
                0x00401734                . = ALIGN (0x4)
                0x00401734                __zero_table = .
 *(.zero_table)
 .zero_table    0x00401734       0x1c ./Project_Settings/Startup_Code/startup_cm7.o

.glue_7         0x00401750        0x0
 .glue_7        0x00401750        0x0 linker stubs

.glue_7t        0x00401750        0x0
 .glue_7t       0x00401750        0x0 linker stubs

.vfp11_veneer   0x00401750        0x0
 .vfp11_veneer  0x00401750        0x0 linker stubs

.v4_bx          0x00401750        0x0
 .v4_bx         0x00401750        0x0 linker stubs

.iplt           0x00401750        0x0
 .iplt          0x00401750        0x0 ./Project_Settings/Startup_Code/Vector_Table.o

.boot_header    0x00401750      0x100
 .boot_header   0x00401750      0x100 ./Project_Settings/Startup_Code/startup_cm7.o

.rel.dyn        0x00401850        0x0
 .rel.iplt      0x00401850        0x0 ./Project_Settings/Startup_Code/Vector_Table.o
                0x00401850                . = ALIGN (0x4)
                0x00401850                __text_end = .
                0x00401850                __sram_data_rom = __text_end

.sram_bss       0x20400000       0x94
                0x20400000                . = ALIGN (0x8)
                0x20400000                __standby_ram_begin__ = .
 *(.standby_data)
                0x20400000                . = ALIGN (0x8)
                0x20400000                __standby_ram_end__ = .
                0x20400000                . = ALIGN (0x10)
                0x20400000                __sram_bss_start = .
 *(.bss)
 .bss           0x20400000        0x0 ./Project_Settings/Startup_Code/Vector_Table.o
 .bss           0x20400000        0x0 ./Project_Settings/Startup_Code/exceptions.o
 .bss           0x20400000        0x0 ./Project_Settings/Startup_Code/nvic.o
 .bss           0x20400000        0x0 ./Project_Settings/Startup_Code/startup.o
 .bss           0x20400000        0x0 ./Project_Settings/Startup_Code/startup_cm7.o
 .bss           0x20400000       0x80 ./Project_Settings/Startup_Code/system.o
                0x20400000                rbar
                0x20400040                rasr
 .bss           0x20400080        0x0 ./src/main.o
 .bss           0x20400080        0x0 ./src/uart.o
 .bss           0x20400080        0x0 c:/nxp/s32ds.3.6.0/s32ds/build_tools/gcc_v10.2/gcc-10.2-arm32-eabi/bin/../lib/gcc/arm-none-eabi/10.2.0/../../../../arm-none-eabi/lib/thumb/v7e-m+fp/hard\libc_nano.a(lib_a-memset.o)
 .bss           0x20400080        0x0 c:/nxp/s32ds.3.6.0/s32ds/build_tools/gcc_v10.2/gcc-10.2-arm32-eabi/bin/../lib/gcc/arm-none-eabi/10.2.0/../../../../arm-none-eabi/lib/thumb/v7e-m+fp/hard\libc_nano.a(lib_a-snprintf.o)
 .bss           0x20400080        0x0 c:/nxp/s32ds.3.6.0/s32ds/build_tools/gcc_v10.2/gcc-10.2-arm32-eabi/bin/../lib/gcc/arm-none-eabi/10.2.0/../../../../arm-none-eabi/lib/thumb/v7e-m+fp/hard\libc_nano.a(lib_a-impure.o)
 .bss           0x20400080        0x0 c:/nxp/s32ds.3.6.0/s32ds/build_tools/gcc_v10.2/gcc-10.2-arm32-eabi/bin/../lib/gcc/arm-none-eabi/10.2.0/../../../../arm-none-eabi/lib/thumb/v7e-m+fp/hard\libc_nano.a(lib_a-nano-svfprintf.o)
 .bss           0x20400080        0x0 c:/nxp/s32ds.3.6.0/s32ds/build_tools/gcc_v10.2/gcc-10.2-arm32-eabi/bin/../lib/gcc/arm-none-eabi/10.2.0/../../../../arm-none-eabi/lib/thumb/v7e-m+fp/hard\libc_nano.a(lib_a-nano-vfprintf_i.o)
 .bss           0x20400080        0x0 c:/nxp/s32ds.3.6.0/s32ds/build_tools/gcc_v10.2/gcc-10.2-arm32-eabi/bin/../lib/gcc/arm-none-eabi/10.2.0/../../../../arm-none-eabi/lib/thumb/v7e-m+fp/hard\libc_nano.a(lib_a-memchr.o)
 .bss           0x20400080        0x0 c:/nxp/s32ds.3.6.0/s32ds/build_tools/gcc_v10.2/gcc-10.2-arm32-eabi/bin/../lib/gcc/arm-none-eabi/10.2.0/../../../../arm-none-eabi/lib/thumb/v7e-m+fp/hard\libc_nano.a(lib_a-memcpy-stub.o)
 .bss           0x20400080        0x0 c:/nxp/s32ds.3.6.0/s32ds/build_tools/gcc_v10.2/gcc-10.2-arm32-eabi/bin/../lib/gcc/arm-none-eabi/10.2.0/../../../../arm-none-eabi/lib/thumb/v7e-m+fp/hard\libc_nano.a(lib_a-memmove.o)
 .bss           0x20400080        0x0 c:/nxp/s32ds.3.6.0/s32ds/build_tools/gcc_v10.2/gcc-10.2-arm32-eabi/bin/../lib/gcc/arm-none-eabi/10.2.0/../../../../arm-none-eabi/lib/thumb/v7e-m+fp/hard\libc_nano.a(lib_a-nano-freer.o)
 .bss           0x20400080        0x0 c:/nxp/s32ds.3.6.0/s32ds/build_tools/gcc_v10.2/gcc-10.2-arm32-eabi/bin/../lib/gcc/arm-none-eabi/10.2.0/../../../../arm-none-eabi/lib/thumb/v7e-m+fp/hard\libc_nano.a(lib_a-nano-mallocr.o)
 .bss           0x20400080        0x0 c:/nxp/s32ds.3.6.0/s32ds/build_tools/gcc_v10.2/gcc-10.2-arm32-eabi/bin/../lib/gcc/arm-none-eabi/10.2.0/../../../../arm-none-eabi/lib/thumb/v7e-m+fp/hard\libc_nano.a(lib_a-nano-reallocr.o)
 .bss           0x20400080        0x0 c:/nxp/s32ds.3.6.0/s32ds/build_tools/gcc_v10.2/gcc-10.2-arm32-eabi/bin/../lib/gcc/arm-none-eabi/10.2.0/../../../../arm-none-eabi/lib/thumb/v7e-m+fp/hard\libc_nano.a(lib_a-sbrkr.o)
 .bss           0x20400080        0x0 c:/nxp/s32ds.3.6.0/s32ds/build_tools/gcc_v10.2/gcc-10.2-arm32-eabi/bin/../lib/gcc/arm-none-eabi/10.2.0/../../../../arm-none-eabi/lib/thumb/v7e-m+fp/hard\libc_nano.a(lib_a-mlock.o)
 .bss           0x20400080        0x0 c:/nxp/s32ds.3.6.0/s32ds/build_tools/gcc_v10.2/gcc-10.2-arm32-eabi/bin/../lib/gcc/arm-none-eabi/10.2.0/../../../../arm-none-eabi/lib/thumb/v7e-m+fp/hard\libc_nano.a(lib_a-nano-msizer.o)
 .bss           0x20400080        0x0 c:/nxp/s32ds.3.6.0/s32ds/build_tools/gcc_v10.2/gcc-10.2-arm32-eabi/bin/../lib/gcc/arm-none-eabi/10.2.0/../../../../arm-none-eabi/lib/thumb/v7e-m+fp/hard\libc_nano.a(lib_a-reent.o)
 .bss           0x20400080        0x0 c:/nxp/s32ds.3.6.0/s32ds/build_tools/gcc_v10.2/gcc-10.2-arm32-eabi/bin/../lib/gcc/arm-none-eabi/10.2.0/../../../../arm-none-eabi/lib/thumb/v7e-m+fp/hard\libnosys.a(sbrk.o)
 *(.bss*)
 .bss.__malloc_free_list
                0x20400080        0x4 c:/nxp/s32ds.3.6.0/s32ds/build_tools/gcc_v10.2/gcc-10.2-arm32-eabi/bin/../lib/gcc/arm-none-eabi/10.2.0/../../../../arm-none-eabi/lib/thumb/v7e-m+fp/hard\libc_nano.a(lib_a-nano-mallocr.o)
                0x20400080                __malloc_free_list
 .bss.__malloc_sbrk_start
                0x20400084        0x4 c:/nxp/s32ds.3.6.0/s32ds/build_tools/gcc_v10.2/gcc-10.2-arm32-eabi/bin/../lib/gcc/arm-none-eabi/10.2.0/../../../../arm-none-eabi/lib/thumb/v7e-m+fp/hard\libc_nano.a(lib_a-nano-mallocr.o)
                0x20400084                __malloc_sbrk_start
 .bss.errno     0x20400088        0x4 c:/nxp/s32ds.3.6.0/s32ds/build_tools/gcc_v10.2/gcc-10.2-arm32-eabi/bin/../lib/gcc/arm-none-eabi/10.2.0/../../../../arm-none-eabi/lib/thumb/v7e-m+fp/hard\libc_nano.a(lib_a-reent.o)
                0x20400088                errno
 .bss.heap_end.0
                0x2040008c        0x4 c:/nxp/s32ds.3.6.0/s32ds/build_tools/gcc_v10.2/gcc-10.2-arm32-eabi/bin/../lib/gcc/arm-none-eabi/10.2.0/../../../../arm-none-eabi/lib/thumb/v7e-m+fp/hard\libnosys.a(sbrk.o)
                0x20400090                . = ALIGN (0x10)
 *(.mcal_bss)
 .mcal_bss      0x20400090        0x4 ./Project_Settings/Startup_Code/system.o
                0x20400090                RESET_CATCH_CORE
                0x20400094                . = ALIGN (0x4)
                0x20400094                __sram_bss_end = .

.sram_data      0x20400094       0x64 load address 0x00401850
                0x20400094                . = ALIGN (0x4)
                0x20400094                __sram_data_begin__ = .
                0x20400094                . = ALIGN (0x4)
 *(.ramcode)
                0x20400094                . = ALIGN (0x4)
 *(.data)
 .data          0x20400094        0x0 ./Project_Settings/Startup_Code/Vector_Table.o
 .data          0x20400094        0x0 ./Project_Settings/Startup_Code/exceptions.o
 .data          0x20400094        0x0 ./Project_Settings/Startup_Code/nvic.o
 .data          0x20400094        0x0 ./Project_Settings/Startup_Code/startup.o
 .data          0x20400094        0x0 ./Project_Settings/Startup_Code/startup_cm7.o
 .data          0x20400094        0x0 ./Project_Settings/Startup_Code/system.o
 .data          0x20400094        0x0 ./src/main.o
 .data          0x20400094        0x0 ./src/uart.o
 .data          0x20400094        0x0 c:/nxp/s32ds.3.6.0/s32ds/build_tools/gcc_v10.2/gcc-10.2-arm32-eabi/bin/../lib/gcc/arm-none-eabi/10.2.0/../../../../arm-none-eabi/lib/thumb/v7e-m+fp/hard\libc_nano.a(lib_a-memset.o)
 .data          0x20400094        0x0 c:/nxp/s32ds.3.6.0/s32ds/build_tools/gcc_v10.2/gcc-10.2-arm32-eabi/bin/../lib/gcc/arm-none-eabi/10.2.0/../../../../arm-none-eabi/lib/thumb/v7e-m+fp/hard\libc_nano.a(lib_a-snprintf.o)
 .data          0x20400094        0x0 c:/nxp/s32ds.3.6.0/s32ds/build_tools/gcc_v10.2/gcc-10.2-arm32-eabi/bin/../lib/gcc/arm-none-eabi/10.2.0/../../../../arm-none-eabi/lib/thumb/v7e-m+fp/hard\libc_nano.a(lib_a-impure.o)
 .data          0x20400094        0x0 c:/nxp/s32ds.3.6.0/s32ds/build_tools/gcc_v10.2/gcc-10.2-arm32-eabi/bin/../lib/gcc/arm-none-eabi/10.2.0/../../../../arm-none-eabi/lib/thumb/v7e-m+fp/hard\libc_nano.a(lib_a-nano-svfprintf.o)
 .data          0x20400094        0x0 c:/nxp/s32ds.3.6.0/s32ds/build_tools/gcc_v10.2/gcc-10.2-arm32-eabi/bin/../lib/gcc/arm-none-eabi/10.2.0/../../../../arm-none-eabi/lib/thumb/v7e-m+fp/hard\libc_nano.a(lib_a-nano-vfprintf_i.o)
 .data          0x20400094        0x0 c:/nxp/s32ds.3.6.0/s32ds/build_tools/gcc_v10.2/gcc-10.2-arm32-eabi/bin/../lib/gcc/arm-none-eabi/10.2.0/../../../../arm-none-eabi/lib/thumb/v7e-m+fp/hard\libc_nano.a(lib_a-memchr.o)
 .data          0x20400094        0x0 c:/nxp/s32ds.3.6.0/s32ds/build_tools/gcc_v10.2/gcc-10.2-arm32-eabi/bin/../lib/gcc/arm-none-eabi/10.2.0/../../../../arm-none-eabi/lib/thumb/v7e-m+fp/hard\libc_nano.a(lib_a-memcpy-stub.o)
 .data          0x20400094        0x0 c:/nxp/s32ds.3.6.0/s32ds/build_tools/gcc_v10.2/gcc-10.2-arm32-eabi/bin/../lib/gcc/arm-none-eabi/10.2.0/../../../../arm-none-eabi/lib/thumb/v7e-m+fp/hard\libc_nano.a(lib_a-memmove.o)
 .data          0x20400094        0x0 c:/nxp/s32ds.3.6.0/s32ds/build_tools/gcc_v10.2/gcc-10.2-arm32-eabi/bin/../lib/gcc/arm-none-eabi/10.2.0/../../../../arm-none-eabi/lib/thumb/v7e-m+fp/hard\libc_nano.a(lib_a-nano-freer.o)
 .data          0x20400094        0x0 c:/nxp/s32ds.3.6.0/s32ds/build_tools/gcc_v10.2/gcc-10.2-arm32-eabi/bin/../lib/gcc/arm-none-eabi/10.2.0/../../../../arm-none-eabi/lib/thumb/v7e-m+fp/hard\libc_nano.a(lib_a-nano-mallocr.o)
 .data          0x20400094        0x0 c:/nxp/s32ds.3.6.0/s32ds/build_tools/gcc_v10.2/gcc-10.2-arm32-eabi/bin/../lib/gcc/arm-none-eabi/10.2.0/../../../../arm-none-eabi/lib/thumb/v7e-m+fp/hard\libc_nano.a(lib_a-nano-reallocr.o)
 .data          0x20400094        0x0 c:/nxp/s32ds.3.6.0/s32ds/build_tools/gcc_v10.2/gcc-10.2-arm32-eabi/bin/../lib/gcc/arm-none-eabi/10.2.0/../../../../arm-none-eabi/lib/thumb/v7e-m+fp/hard\libc_nano.a(lib_a-sbrkr.o)
 .data          0x20400094        0x0 c:/nxp/s32ds.3.6.0/s32ds/build_tools/gcc_v10.2/gcc-10.2-arm32-eabi/bin/../lib/gcc/arm-none-eabi/10.2.0/../../../../arm-none-eabi/lib/thumb/v7e-m+fp/hard\libc_nano.a(lib_a-mlock.o)
 .data          0x20400094        0x0 c:/nxp/s32ds.3.6.0/s32ds/build_tools/gcc_v10.2/gcc-10.2-arm32-eabi/bin/../lib/gcc/arm-none-eabi/10.2.0/../../../../arm-none-eabi/lib/thumb/v7e-m+fp/hard\libc_nano.a(lib_a-nano-msizer.o)
 .data          0x20400094        0x0 c:/nxp/s32ds.3.6.0/s32ds/build_tools/gcc_v10.2/gcc-10.2-arm32-eabi/bin/../lib/gcc/arm-none-eabi/10.2.0/../../../../arm-none-eabi/lib/thumb/v7e-m+fp/hard\libc_nano.a(lib_a-reent.o)
 .data          0x20400094        0x0 c:/nxp/s32ds.3.6.0/s32ds/build_tools/gcc_v10.2/gcc-10.2-arm32-eabi/bin/../lib/gcc/arm-none-eabi/10.2.0/../../../../arm-none-eabi/lib/thumb/v7e-m+fp/hard\libnosys.a(sbrk.o)
 *(.data*)
 .data._impure_ptr
                0x20400094        0x4 c:/nxp/s32ds.3.6.0/s32ds/build_tools/gcc_v10.2/gcc-10.2-arm32-eabi/bin/../lib/gcc/arm-none-eabi/10.2.0/../../../../arm-none-eabi/lib/thumb/v7e-m+fp/hard\libc_nano.a(lib_a-impure.o)
                0x20400094                _impure_ptr
 .data.impure_data
                0x20400098       0x60 c:/nxp/s32ds.3.6.0/s32ds/build_tools/gcc_v10.2/gcc-10.2-arm32-eabi/bin/../lib/gcc/arm-none-eabi/10.2.0/../../../../arm-none-eabi/lib/thumb/v7e-m+fp/hard\libc_nano.a(lib_a-impure.o)
                0x204000f8                . = ALIGN (0x4)
 *(.mcal_data)
                0x204000f8                . = ALIGN (0x4)
                0x204000f8                __sram_data_end__ = .
                0x004018b4                __sram_data_rom_end = (__sram_data_rom + (__sram_data_end__ - __sram_data_begin__))

.heap           0x204000f8     0x2000 load address 0x004018b4
                0x00000000                . = (. + ALIGN (0x4))
                0x204000f8                _end = .
                0x204000f8                end = .
                0x204000f8                _heap_start = .
                0x00002000                . = (. + HEAP_SIZE)
 *fill*         0x204000f8     0x2000 
                0x204020f8                _heap_end = .

.acfls_code_ram
                0x2047ff00        0x0
                0x2047ff00                __acfls_code_ram_start = .
 *(.acfls_code_ram)
                0x2047ff00                __acfls_code_ram_end = .
                0x2047ff00                __acmem_43_infls_code_ram_start = .
 *(.acmem_43_infls_code_ram)
                0x2047ff00                __acmem_43_infls_code_ram_end = .
                0x004018b4                __non_cacheable_data_rom = __sram_data_rom_end

.non_cacheable_data
                0x20480000        0x4 load address 0x004018b4
                0x20480000                . = ALIGN (0x4)
                0x20480000                __non_cacheable_data_start__ = .
 *(.mcal_data_no_cacheable)
                0x20480000                . = ALIGN (0x4)
 *(.mcal_const_no_cacheable)
                0x20480000                . = ALIGN (0x4)
                0x20480000                HSE_LOOP_ADDR = .
                0x20480000        0x4 LONG 0x0
                0x20480004                __non_cacheable_data_end__ = .
                0x004018b8                __non_cacheable_data_rom_end = (__non_cacheable_data_rom + (__non_cacheable_data_end__ - __non_cacheable_data_start__))

.igot.plt       0x20480004        0x0 load address 0x004018b8
 .igot.plt      0x20480004        0x0 ./Project_Settings/Startup_Code/Vector_Table.o

.non_cacheable_bss
                0x20480004        0xc load address 0x004018b8
                0x20480010                . = ALIGN (0x10)
 *fill*         0x20480004        0xc 
                0x20480010                __non_cacheable_bss_start = .
 *(.mcal_bss_no_cacheable)
                0x20480010                . = ALIGN (0x4)
                0x20480010                __non_cacheable_bss_end = .

.int_results    0x204bbf00      0x100
                0x204bbf00                . = ALIGN (0x4)
 *(.int_results)
                0x204bc000                . = (. + 0x100)
 *fill*         0x204bbf00      0x100 
                0x004018b8                __shareable_data_rom = __non_cacheable_data_rom_end

.shareable_data
                0x204bc000        0x0 load address 0x004018b8
                0x204bc000                . = ALIGN (0x4)
                0x204bc000                __shareable_data_start__ = .
 *(.mcal_shared_data)
                0x204bc000                . = ALIGN (0x4)
                0x204bc000                __shareable_data_end__ = .
                0x004018b8                __shareable_data_rom_end = (__shareable_data_rom + (__shareable_data_end__ - __shareable_data_start__))

.int_vector     0x20000000      0x408
                0x20000000                . = ALIGN (0x800)
                0x20000000                __interrupts_ram_start = .
                0x20000408                . = (. + (__interrupts_init_end - __interrupts_init_start))
 *fill*         0x20000000      0x408 
                0x20000408                . = ALIGN (0x4)
                0x20000408                __interrupts_ram_end = .
                0x004018b8                __tcm_data_rom = __shareable_data_rom_end

.data_tcm_data  0x20000408        0x0 load address 0x004018b8
                0x20000408                . = ALIGN (0x4)
                0x20000408                __dtcm_data_start__ = .
 *(.dtcm_data*)
                0x20000408                . = ALIGN (0x4)
                0x20000408                __dtcm_data_end__ = .
                0x004018b8                __tcm_data_rom_end = (__tcm_data_rom + (__dtcm_data_end__ - __dtcm_data_start__))

.bss_tcm_data   0x20000408        0x0
                0x20000408                . = ALIGN (0x4)
                0x20000408                __dtcm_bss_start__ = .
 *(.dtcm_bss*)
                0x20000408                . = ALIGN (0x4)
                0x20000408                __dtcm_bss_end__ = .
                0x004018b8                __tcm_code_rom_start = __tcm_data_rom_end

.itcm_text      0x00000000        0x0 load address 0x004018b8
                0x00000000                . = ALIGN (0x4)
                0x00000000                __itcm_start__ = .
 *(.itcm_text*)
                0x00000000                . = ALIGN (0x4)
                0x00000000                __itcm_end__ = .
                0x004018b8                __tcm_code_rom_end = (__tcm_code_rom_start + (__itcm_end__ - __itcm_start__))

.shareable_bss  0x204bc000        0x0
                0x204bc000                . = ALIGN (0x10)
                0x204bc000                __shareable_bss_start = .
 *(.mcal_shared_bss)
                0x204bc000                . = ALIGN (0x4)
                0x204bc000                __shareable_bss_end = .
                0x2000f000                __Stack_dtcm_end = ORIGIN (int_stack_dtcm)
                0x20010000                __Stack_dtcm_start = (ORIGIN (int_stack_dtcm) + LENGTH (int_stack_dtcm))
                0x20400000                __INT_SRAM_START = ORIGIN (int_sram)
                0x204c0000                __INT_SRAM_END = ORIGIN (ram_rsvd2)
                0x00000000                __INT_ITCM_START = ORIGIN (int_itcm)
                0x00008000                __INT_ITCM_END = (ORIGIN (int_itcm) + LENGTH (int_itcm))
                0x20000000                __INT_DTCM_START = ORIGIN (int_dtcm)
                0x20010000                __INT_DTCM_END = ((ORIGIN (int_dtcm) + LENGTH (int_dtcm)) + LENGTH (int_stack_dtcm))
                0x204bc000                __RAM_SHAREABLE_START = __shareable_data_start__
                0x0000000e                __RAM_SHAREABLE_SIZE = 0xe
                0x004018b8                __ROM_SHAREABLE_START = __shareable_data_rom
                0x004018b8                __ROM_SHAREABLE_END = __shareable_data_rom_end
                0x20480000                __RAM_NO_CACHEABLE_START = __non_cacheable_data_start__
                0x00000012                __RAM_NO_CACHEABLE_SIZE = 0x12
                0x004018b4                __ROM_NO_CACHEABLE_START = __non_cacheable_data_rom
                0x004018b8                __ROM_NO_CACHEABLE_END = __non_cacheable_data_rom_end
                0x20400094                __RAM_CACHEABLE_START = __sram_data_begin__
                0x00000013                __RAM_CACHEABLE_SIZE = 0x13
                0x00401850                __ROM_CACHEABLE_START = __sram_data_rom
                0x004018b4                __ROM_CACHEABLE_END = __sram_data_rom_end
                0x00400000                __ROM_CODE_START = ORIGIN (int_pflash)
                0x10000000                __ROM_DATA_START = ORIGIN (int_dflash)
                0x20400000                __BSS_SRAM_START = __sram_bss_start
                0x20400094                __BSS_SRAM_END = __sram_bss_end
                0x00000094                __BSS_SRAM_SIZE = (__sram_bss_end - __sram_bss_start)
                0x20480010                __BSS_SRAM_NC_START = __non_cacheable_bss_start
                0x00000000                __BSS_SRAM_NC_SIZE = (__non_cacheable_bss_end - __non_cacheable_bss_start)
                0x20480010                __BSS_SRAM_NC_END = __non_cacheable_bss_end
                0x204bc000                __BSS_SRAM_SH_START = __shareable_bss_start
                0x00000000                __BSS_SRAM_SH_SIZE = (__shareable_bss_end - __shareable_bss_start)
                0x204bc000                __BSS_SRAM_SH_END = __shareable_bss_end
                0x20000000                __RAM_INTERRUPT_START = __interrupts_ram_start
                0x00400000                __INIT_INTERRUPT_START = __interrupts_init_start
                0x00400408                __INIT_INTERRUPT_END = __interrupts_init_end
                0x00000000                __RAM_ITCM_START = __itcm_start__
                0x004018b8                __ROM_ITCM_START = __tcm_code_rom_start
                0x004018b8                __ROM_ITCM_END = __tcm_code_rom_end
                0x20000408                __RAM_DTCM_DATA_START = __dtcm_data_start__
                0x004018b8                __ROM_DTCM_DATA_START = __tcm_data_rom
                0x004018b8                __ROM_DTCM_END = __tcm_data_rom_end
                0x004016e8                __INIT_TABLE = __init_table
                0x00401734                __ZERO_TABLE = __zero_table
                0x00000001                __RAM_INIT = 0x1
                0x00000001                __ITCM_INIT = 0x1
                0x00000001                __DTCM_INIT = 0x1
                0x0040169c                Fls_ACEraseRomStart = __acfls_code_rom_start
                0x0040169c                Fls_ACEraseRomEnd = __acfls_code_rom_end
                0x00000000                Fls_ACEraseSize = ((__acfls_code_rom_end - __acfls_code_rom_start) / 0x4)
                0x0040169c                Fls_ACWriteRomStart = __acfls_code_rom_start
                0x0040169c                Fls_ACWriteRomEnd = __acfls_code_rom_end
                0x00000000                Fls_ACWriteSize = ((__acfls_code_rom_end - __acfls_code_rom_start) / 0x4)
                0x2047ff00                _ERASE_FUNC_ADDRESS_ = __acfls_code_ram_start
                0x2047ff00                _WRITE_FUNC_ADDRESS_ = __acfls_code_ram_start
                0x0040169c                Mem_43_INFLS_ACEraseRomStart = __acmem_43_infls_code_rom_start
                0x0040169c                Mem_43_INFLS_ACEraseRomEnd = __acmem_43_infls_code_rom_end
                0x00000000                Mem_43_INFLS_ACEraseSize = (((__acmem_43_infls_code_rom_end - __acmem_43_infls_code_rom_start) + 0x3) / 0x4)
                0x0040169c                Mem_43_INFLS_ACWriteRomStart = __acmem_43_infls_code_rom_start
                0x0040169c                Mem_43_INFLS_ACWriteRomEnd = __acmem_43_infls_code_rom_end
                0x00000000                Mem_43_INFLS_ACWriteSize = (((__acmem_43_infls_code_rom_end - __acmem_43_infls_code_rom_start) + 0x3) / 0x4)
                0x2047ff00                _MEM_43_INFLS_ERASE_FUNC_ADDRESS_ = __acmem_43_infls_code_ram_start
                0x2047ff00                _MEM_43_INFLS_WRITE_FUNC_ADDRESS_ = __acmem_43_infls_code_ram_start
                0x00400000                __ENTRY_VTABLE = __INIT_INTERRUPT_START
                0x00400000                __CORE0_VTOR = __INIT_INTERRUPT_START
                0x00400000                __CORE1_VTOR = __INIT_INTERRUPT_START
                0x00400000                __CORE2_VTOR = __INIT_INTERRUPT_START
                0x00400000                __CORE3_VTOR = __INIT_INTERRUPT_START
                0x00000003                __INDEX_COPY_CORE2 = 0x3
                0x00000001                ASSERT ((__standby_ram_end__ <= __STANDBY_RAM_LIMIT_END), Memory for standby ram overflow)
OUTPUT(TestUART_S32K358_IDE.elf elf32-littlearm)
LOAD linker stubs

.ARM.attributes
                0x00000000       0x30
 .ARM.attributes
                0x00000000       0x20 ./Project_Settings/Startup_Code/Vector_Table.o
 .ARM.attributes
                0x00000020       0x34 ./Project_Settings/Startup_Code/exceptions.o
 .ARM.attributes
                0x00000054       0x34 ./Project_Settings/Startup_Code/nvic.o
 .ARM.attributes
                0x00000088       0x34 ./Project_Settings/Startup_Code/startup.o
 .ARM.attributes
                0x000000bc       0x1f ./Project_Settings/Startup_Code/startup_cm7.o
 .ARM.attributes
                0x000000db       0x34 ./Project_Settings/Startup_Code/system.o
 .ARM.attributes
                0x0000010f       0x34 ./src/main.o
 .ARM.attributes
                0x00000143       0x34 ./src/uart.o
 .ARM.attributes
                0x00000177       0x34 c:/nxp/s32ds.3.6.0/s32ds/build_tools/gcc_v10.2/gcc-10.2-arm32-eabi/bin/../lib/gcc/arm-none-eabi/10.2.0/../../../../arm-none-eabi/lib/thumb/v7e-m+fp/hard\libc_nano.a(lib_a-memset.o)
 .ARM.attributes
                0x000001ab       0x34 c:/nxp/s32ds.3.6.0/s32ds/build_tools/gcc_v10.2/gcc-10.2-arm32-eabi/bin/../lib/gcc/arm-none-eabi/10.2.0/../../../../arm-none-eabi/lib/thumb/v7e-m+fp/hard\libc_nano.a(lib_a-snprintf.o)
 .ARM.attributes
                0x000001df       0x32 c:/nxp/s32ds.3.6.0/s32ds/build_tools/gcc_v10.2/gcc-10.2-arm32-eabi/bin/../lib/gcc/arm-none-eabi/10.2.0/../../../../arm-none-eabi/lib/thumb/v7e-m+fp/hard\libc_nano.a(lib_a-impure.o)
 .ARM.attributes
                0x00000211       0x34 c:/nxp/s32ds.3.6.0/s32ds/build_tools/gcc_v10.2/gcc-10.2-arm32-eabi/bin/../lib/gcc/arm-none-eabi/10.2.0/../../../../arm-none-eabi/lib/thumb/v7e-m+fp/hard\libc_nano.a(lib_a-nano-svfprintf.o)
 .ARM.attributes
                0x00000245       0x34 c:/nxp/s32ds.3.6.0/s32ds/build_tools/gcc_v10.2/gcc-10.2-arm32-eabi/bin/../lib/gcc/arm-none-eabi/10.2.0/../../../../arm-none-eabi/lib/thumb/v7e-m+fp/hard\libc_nano.a(lib_a-nano-vfprintf_i.o)
 .ARM.attributes
                0x00000279       0x1c c:/nxp/s32ds.3.6.0/s32ds/build_tools/gcc_v10.2/gcc-10.2-arm32-eabi/bin/../lib/gcc/arm-none-eabi/10.2.0/../../../../arm-none-eabi/lib/thumb/v7e-m+fp/hard\libc_nano.a(lib_a-memchr.o)
 .ARM.attributes
                0x00000295       0x34 c:/nxp/s32ds.3.6.0/s32ds/build_tools/gcc_v10.2/gcc-10.2-arm32-eabi/bin/../lib/gcc/arm-none-eabi/10.2.0/../../../../arm-none-eabi/lib/thumb/v7e-m+fp/hard\libc_nano.a(lib_a-memcpy-stub.o)
 .ARM.attributes
                0x000002c9       0x34 c:/nxp/s32ds.3.6.0/s32ds/build_tools/gcc_v10.2/gcc-10.2-arm32-eabi/bin/../lib/gcc/arm-none-eabi/10.2.0/../../../../arm-none-eabi/lib/thumb/v7e-m+fp/hard\libc_nano.a(lib_a-memmove.o)
 .ARM.attributes
                0x000002fd       0x34 c:/nxp/s32ds.3.6.0/s32ds/build_tools/gcc_v10.2/gcc-10.2-arm32-eabi/bin/../lib/gcc/arm-none-eabi/10.2.0/../../../../arm-none-eabi/lib/thumb/v7e-m+fp/hard\libc_nano.a(lib_a-nano-freer.o)
 .ARM.attributes
                0x00000331       0x34 c:/nxp/s32ds.3.6.0/s32ds/build_tools/gcc_v10.2/gcc-10.2-arm32-eabi/bin/../lib/gcc/arm-none-eabi/10.2.0/../../../../arm-none-eabi/lib/thumb/v7e-m+fp/hard\libc_nano.a(lib_a-nano-mallocr.o)
 .ARM.attributes
                0x00000365       0x34 c:/nxp/s32ds.3.6.0/s32ds/build_tools/gcc_v10.2/gcc-10.2-arm32-eabi/bin/../lib/gcc/arm-none-eabi/10.2.0/../../../../arm-none-eabi/lib/thumb/v7e-m+fp/hard\libc_nano.a(lib_a-nano-reallocr.o)
 .ARM.attributes
                0x00000399       0x34 c:/nxp/s32ds.3.6.0/s32ds/build_tools/gcc_v10.2/gcc-10.2-arm32-eabi/bin/../lib/gcc/arm-none-eabi/10.2.0/../../../../arm-none-eabi/lib/thumb/v7e-m+fp/hard\libc_nano.a(lib_a-sbrkr.o)
 .ARM.attributes
                0x000003cd       0x34 c:/nxp/s32ds.3.6.0/s32ds/build_tools/gcc_v10.2/gcc-10.2-arm32-eabi/bin/../lib/gcc/arm-none-eabi/10.2.0/../../../../arm-none-eabi/lib/thumb/v7e-m+fp/hard\libc_nano.a(lib_a-mlock.o)
 .ARM.attributes
                0x00000401       0x34 c:/nxp/s32ds.3.6.0/s32ds/build_tools/gcc_v10.2/gcc-10.2-arm32-eabi/bin/../lib/gcc/arm-none-eabi/10.2.0/../../../../arm-none-eabi/lib/thumb/v7e-m+fp/hard\libc_nano.a(lib_a-nano-msizer.o)
 .ARM.attributes
                0x00000435       0x34 c:/nxp/s32ds.3.6.0/s32ds/build_tools/gcc_v10.2/gcc-10.2-arm32-eabi/bin/../lib/gcc/arm-none-eabi/10.2.0/../../../../arm-none-eabi/lib/thumb/v7e-m+fp/hard\libc_nano.a(lib_a-reent.o)
 .ARM.attributes
                0x00000469       0x34 c:/nxp/s32ds.3.6.0/s32ds/build_tools/gcc_v10.2/gcc-10.2-arm32-eabi/bin/../lib/gcc/arm-none-eabi/10.2.0/../../../../arm-none-eabi/lib/thumb/v7e-m+fp/hard\libnosys.a(sbrk.o)

.comment        0x00000000       0x88
 .comment       0x00000000       0x88 ./Project_Settings/Startup_Code/exceptions.o
                                 0x89 (size before relaxing)
 .comment       0x00000088       0x89 ./Project_Settings/Startup_Code/nvic.o
 .comment       0x00000088       0x89 ./Project_Settings/Startup_Code/startup.o
 .comment       0x00000088       0x89 ./Project_Settings/Startup_Code/system.o
 .comment       0x00000088       0x89 ./src/main.o
 .comment       0x00000088       0x89 ./src/uart.o
 .comment       0x00000088       0x89 c:/nxp/s32ds.3.6.0/s32ds/build_tools/gcc_v10.2/gcc-10.2-arm32-eabi/bin/../lib/gcc/arm-none-eabi/10.2.0/../../../../arm-none-eabi/lib/thumb/v7e-m+fp/hard\libc_nano.a(lib_a-memset.o)
 .comment       0x00000088       0x89 c:/nxp/s32ds.3.6.0/s32ds/build_tools/gcc_v10.2/gcc-10.2-arm32-eabi/bin/../lib/gcc/arm-none-eabi/10.2.0/../../../../arm-none-eabi/lib/thumb/v7e-m+fp/hard\libc_nano.a(lib_a-snprintf.o)
 .comment       0x00000088       0x89 c:/nxp/s32ds.3.6.0/s32ds/build_tools/gcc_v10.2/gcc-10.2-arm32-eabi/bin/../lib/gcc/arm-none-eabi/10.2.0/../../../../arm-none-eabi/lib/thumb/v7e-m+fp/hard\libc_nano.a(lib_a-impure.o)
 .comment       0x00000088       0x89 c:/nxp/s32ds.3.6.0/s32ds/build_tools/gcc_v10.2/gcc-10.2-arm32-eabi/bin/../lib/gcc/arm-none-eabi/10.2.0/../../../../arm-none-eabi/lib/thumb/v7e-m+fp/hard\libc_nano.a(lib_a-nano-svfprintf.o)
 .comment       0x00000088       0x89 c:/nxp/s32ds.3.6.0/s32ds/build_tools/gcc_v10.2/gcc-10.2-arm32-eabi/bin/../lib/gcc/arm-none-eabi/10.2.0/../../../../arm-none-eabi/lib/thumb/v7e-m+fp/hard\libc_nano.a(lib_a-nano-vfprintf_i.o)
 .comment       0x00000088       0x89 c:/nxp/s32ds.3.6.0/s32ds/build_tools/gcc_v10.2/gcc-10.2-arm32-eabi/bin/../lib/gcc/arm-none-eabi/10.2.0/../../../../arm-none-eabi/lib/thumb/v7e-m+fp/hard\libc_nano.a(lib_a-memcpy-stub.o)
 .comment       0x00000088       0x89 c:/nxp/s32ds.3.6.0/s32ds/build_tools/gcc_v10.2/gcc-10.2-arm32-eabi/bin/../lib/gcc/arm-none-eabi/10.2.0/../../../../arm-none-eabi/lib/thumb/v7e-m+fp/hard\libc_nano.a(lib_a-memmove.o)
 .comment       0x00000088       0x89 c:/nxp/s32ds.3.6.0/s32ds/build_tools/gcc_v10.2/gcc-10.2-arm32-eabi/bin/../lib/gcc/arm-none-eabi/10.2.0/../../../../arm-none-eabi/lib/thumb/v7e-m+fp/hard\libc_nano.a(lib_a-nano-freer.o)
 .comment       0x00000088       0x89 c:/nxp/s32ds.3.6.0/s32ds/build_tools/gcc_v10.2/gcc-10.2-arm32-eabi/bin/../lib/gcc/arm-none-eabi/10.2.0/../../../../arm-none-eabi/lib/thumb/v7e-m+fp/hard\libc_nano.a(lib_a-nano-mallocr.o)
 .comment       0x00000088       0x89 c:/nxp/s32ds.3.6.0/s32ds/build_tools/gcc_v10.2/gcc-10.2-arm32-eabi/bin/../lib/gcc/arm-none-eabi/10.2.0/../../../../arm-none-eabi/lib/thumb/v7e-m+fp/hard\libc_nano.a(lib_a-nano-reallocr.o)
 .comment       0x00000088       0x89 c:/nxp/s32ds.3.6.0/s32ds/build_tools/gcc_v10.2/gcc-10.2-arm32-eabi/bin/../lib/gcc/arm-none-eabi/10.2.0/../../../../arm-none-eabi/lib/thumb/v7e-m+fp/hard\libc_nano.a(lib_a-sbrkr.o)
 .comment       0x00000088       0x89 c:/nxp/s32ds.3.6.0/s32ds/build_tools/gcc_v10.2/gcc-10.2-arm32-eabi/bin/../lib/gcc/arm-none-eabi/10.2.0/../../../../arm-none-eabi/lib/thumb/v7e-m+fp/hard\libc_nano.a(lib_a-mlock.o)
 .comment       0x00000088       0x89 c:/nxp/s32ds.3.6.0/s32ds/build_tools/gcc_v10.2/gcc-10.2-arm32-eabi/bin/../lib/gcc/arm-none-eabi/10.2.0/../../../../arm-none-eabi/lib/thumb/v7e-m+fp/hard\libc_nano.a(lib_a-nano-msizer.o)
 .comment       0x00000088       0x89 c:/nxp/s32ds.3.6.0/s32ds/build_tools/gcc_v10.2/gcc-10.2-arm32-eabi/bin/../lib/gcc/arm-none-eabi/10.2.0/../../../../arm-none-eabi/lib/thumb/v7e-m+fp/hard\libc_nano.a(lib_a-reent.o)
 .comment       0x00000088       0x89 c:/nxp/s32ds.3.6.0/s32ds/build_tools/gcc_v10.2/gcc-10.2-arm32-eabi/bin/../lib/gcc/arm-none-eabi/10.2.0/../../../../arm-none-eabi/lib/thumb/v7e-m+fp/hard\libnosys.a(sbrk.o)

.debug_info     0x00000000     0x1b6f
 .debug_info    0x00000000      0x132 ./Project_Settings/Startup_Code/exceptions.o
 .debug_info    0x00000132      0x765 ./Project_Settings/Startup_Code/nvic.o
 .debug_info    0x00000897      0x333 ./Project_Settings/Startup_Code/startup.o
 .debug_info    0x00000bca       0x22 ./Project_Settings/Startup_Code/startup_cm7.o
 .debug_info    0x00000bec      0xd54 ./Project_Settings/Startup_Code/system.o
 .debug_info    0x00001940       0xc6 ./src/main.o
 .debug_info    0x00001a06      0x169 ./src/uart.o

.debug_abbrev   0x00000000      0x627
 .debug_abbrev  0x00000000       0x47 ./Project_Settings/Startup_Code/exceptions.o
 .debug_abbrev  0x00000047      0x111 ./Project_Settings/Startup_Code/nvic.o
 .debug_abbrev  0x00000158      0x11d ./Project_Settings/Startup_Code/startup.o
 .debug_abbrev  0x00000275       0x12 ./Project_Settings/Startup_Code/startup_cm7.o
 .debug_abbrev  0x00000287      0x227 ./Project_Settings/Startup_Code/system.o
 .debug_abbrev  0x000004ae       0x80 ./src/main.o
 .debug_abbrev  0x0000052e       0xf9 ./src/uart.o

.debug_aranges  0x00000000      0x170
 .debug_aranges
                0x00000000       0x68 ./Project_Settings/Startup_Code/exceptions.o
 .debug_aranges
                0x00000068       0x38 ./Project_Settings/Startup_Code/nvic.o
 .debug_aranges
                0x000000a0       0x28 ./Project_Settings/Startup_Code/startup.o
 .debug_aranges
                0x000000c8       0x28 ./Project_Settings/Startup_Code/startup_cm7.o
 .debug_aranges
                0x000000f0       0x40 ./Project_Settings/Startup_Code/system.o
 .debug_aranges
                0x00000130       0x20 ./src/main.o
 .debug_aranges
                0x00000150       0x20 ./src/uart.o

.debug_ranges   0x00000000      0x130
 .debug_ranges  0x00000000       0x58 ./Project_Settings/Startup_Code/exceptions.o
 .debug_ranges  0x00000058       0x28 ./Project_Settings/Startup_Code/nvic.o
 .debug_ranges  0x00000080       0x18 ./Project_Settings/Startup_Code/startup.o
 .debug_ranges  0x00000098       0x20 ./Project_Settings/Startup_Code/startup_cm7.o
 .debug_ranges  0x000000b8       0x68 ./Project_Settings/Startup_Code/system.o
 .debug_ranges  0x00000120       0x10 ./src/main.o

.debug_macro    0x00000000    0x52e2d
 .debug_macro   0x00000000      0x151 ./Project_Settings/Startup_Code/exceptions.o
 .debug_macro   0x00000151      0xa90 ./Project_Settings/Startup_Code/exceptions.o
 .debug_macro   0x00000be1       0x88 ./Project_Settings/Startup_Code/exceptions.o
 .debug_macro   0x00000c69      0x97b ./Project_Settings/Startup_Code/exceptions.o
 .debug_macro   0x000015e4       0x3a ./Project_Settings/Startup_Code/exceptions.o
 .debug_macro   0x0000161e       0xcc ./Project_Settings/Startup_Code/exceptions.o
 .debug_macro   0x000016ea       0x6e ./Project_Settings/Startup_Code/exceptions.o
 .debug_macro   0x00001758       0x4c ./Project_Settings/Startup_Code/exceptions.o
 .debug_macro   0x000017a4       0x94 ./Project_Settings/Startup_Code/exceptions.o
 .debug_macro   0x00001838       0xc8 ./Project_Settings/Startup_Code/exceptions.o
 .debug_macro   0x00001900      0x11e ./Project_Settings/Startup_Code/exceptions.o
 .debug_macro   0x00001a1e       0x52 ./Project_Settings/Startup_Code/exceptions.o
 .debug_macro   0x00001a70       0x16 ./Project_Settings/Startup_Code/exceptions.o
 .debug_macro   0x00001a86       0x22 ./Project_Settings/Startup_Code/exceptions.o
 .debug_macro   0x00001aa8       0x56 ./Project_Settings/Startup_Code/exceptions.o
 .debug_macro   0x00001afe       0x51 ./Project_Settings/Startup_Code/exceptions.o
 .debug_macro   0x00001b4f      0x103 ./Project_Settings/Startup_Code/exceptions.o
 .debug_macro   0x00001c52       0x6a ./Project_Settings/Startup_Code/exceptions.o
 .debug_macro   0x00001cbc      0x1df ./Project_Settings/Startup_Code/exceptions.o
 .debug_macro   0x00001e9b       0x7c ./Project_Settings/Startup_Code/exceptions.o
 .debug_macro   0x00001f17      0x130 ./Project_Settings/Startup_Code/exceptions.o
 .debug_macro   0x00002047       0x6a ./Project_Settings/Startup_Code/exceptions.o
 .debug_macro   0x000020b1       0x5f ./Project_Settings/Startup_Code/exceptions.o
 .debug_macro   0x00002110       0x57 ./Project_Settings/Startup_Code/exceptions.o
 .debug_macro   0x00002167       0x50 ./Project_Settings/Startup_Code/exceptions.o
 .debug_macro   0x000021b7       0x50 ./Project_Settings/Startup_Code/exceptions.o
 .debug_macro   0x00002207      0x41c ./Project_Settings/Startup_Code/nvic.o
 .debug_macro   0x00002623     0x5227 ./Project_Settings/Startup_Code/nvic.o
 .debug_macro   0x0000784a     0x10cd ./Project_Settings/Startup_Code/nvic.o
 .debug_macro   0x00008917     0x10a6 ./Project_Settings/Startup_Code/nvic.o
 .debug_macro   0x000099bd      0x180 ./Project_Settings/Startup_Code/nvic.o
 .debug_macro   0x00009b3d       0xf8 ./Project_Settings/Startup_Code/nvic.o
 .debug_macro   0x00009c35      0x370 ./Project_Settings/Startup_Code/nvic.o
 .debug_macro   0x00009fa5      0x159 ./Project_Settings/Startup_Code/nvic.o
 .debug_macro   0x0000a0fe      0xc36 ./Project_Settings/Startup_Code/nvic.o
 .debug_macro   0x0000ad34     0x2ad5 ./Project_Settings/Startup_Code/nvic.o
 .debug_macro   0x0000d809      0x2ea ./Project_Settings/Startup_Code/nvic.o
 .debug_macro   0x0000daf3       0x8e ./Project_Settings/Startup_Code/nvic.o
 .debug_macro   0x0000db81     0xcead ./Project_Settings/Startup_Code/nvic.o
 .debug_macro   0x0001aa2e      0xe9d ./Project_Settings/Startup_Code/nvic.o
 .debug_macro   0x0001b8cb      0xbc7 ./Project_Settings/Startup_Code/nvic.o
 .debug_macro   0x0001c492      0xd77 ./Project_Settings/Startup_Code/nvic.o
 .debug_macro   0x0001d209      0xb4d ./Project_Settings/Startup_Code/nvic.o
 .debug_macro   0x0001dd56       0x5d ./Project_Settings/Startup_Code/nvic.o
 .debug_macro   0x0001ddb3      0xab9 ./Project_Settings/Startup_Code/nvic.o
 .debug_macro   0x0001e86c     0x154d ./Project_Settings/Startup_Code/nvic.o
 .debug_macro   0x0001fdb9      0x867 ./Project_Settings/Startup_Code/nvic.o
 .debug_macro   0x00020620       0xe8 ./Project_Settings/Startup_Code/nvic.o
 .debug_macro   0x00020708     0xef45 ./Project_Settings/Startup_Code/nvic.o
 .debug_macro   0x0002f64d       0xd6 ./Project_Settings/Startup_Code/nvic.o
 .debug_macro   0x0002f723      0x106 ./Project_Settings/Startup_Code/nvic.o
 .debug_macro   0x0002f829      0x507 ./Project_Settings/Startup_Code/nvic.o
 .debug_macro   0x0002fd30      0x779 ./Project_Settings/Startup_Code/nvic.o
 .debug_macro   0x000304a9      0xe03 ./Project_Settings/Startup_Code/nvic.o
 .debug_macro   0x000312ac      0x93f ./Project_Settings/Startup_Code/nvic.o
 .debug_macro   0x00031beb     0x1125 ./Project_Settings/Startup_Code/nvic.o
 .debug_macro   0x00032d10      0x2e6 ./Project_Settings/Startup_Code/nvic.o
 .debug_macro   0x00032ff6     0x12fd ./Project_Settings/Startup_Code/nvic.o
 .debug_macro   0x000342f3     0x23d5 ./Project_Settings/Startup_Code/nvic.o
 .debug_macro   0x000366c8      0x584 ./Project_Settings/Startup_Code/nvic.o
 .debug_macro   0x00036c4c      0x450 ./Project_Settings/Startup_Code/nvic.o
 .debug_macro   0x0003709c     0x1517 ./Project_Settings/Startup_Code/nvic.o
 .debug_macro   0x000385b3     0x15d2 ./Project_Settings/Startup_Code/nvic.o
 .debug_macro   0x00039b85      0x5b5 ./Project_Settings/Startup_Code/nvic.o
 .debug_macro   0x0003a13a      0x226 ./Project_Settings/Startup_Code/nvic.o
 .debug_macro   0x0003a360      0x216 ./Project_Settings/Startup_Code/nvic.o
 .debug_macro   0x0003a576      0x512 ./Project_Settings/Startup_Code/nvic.o
 .debug_macro   0x0003aa88       0x78 ./Project_Settings/Startup_Code/nvic.o
 .debug_macro   0x0003ab00     0x1c7d ./Project_Settings/Startup_Code/nvic.o
 .debug_macro   0x0003c77d       0x48 ./Project_Settings/Startup_Code/nvic.o
 .debug_macro   0x0003c7c5      0x23c ./Project_Settings/Startup_Code/nvic.o
 .debug_macro   0x0003ca01      0xb27 ./Project_Settings/Startup_Code/nvic.o
 .debug_macro   0x0003d528      0x311 ./Project_Settings/Startup_Code/nvic.o
 .debug_macro   0x0003d839       0x95 ./Project_Settings/Startup_Code/nvic.o
 .debug_macro   0x0003d8ce       0xd6 ./Project_Settings/Startup_Code/nvic.o
 .debug_macro   0x0003d9a4       0x5e ./Project_Settings/Startup_Code/nvic.o
 .debug_macro   0x0003da02     0x914d ./Project_Settings/Startup_Code/nvic.o
 .debug_macro   0x00046b4f      0xf89 ./Project_Settings/Startup_Code/nvic.o
 .debug_macro   0x00047ad8      0x10b ./Project_Settings/Startup_Code/nvic.o
 .debug_macro   0x00047be3      0x2e0 ./Project_Settings/Startup_Code/nvic.o
 .debug_macro   0x00047ec3       0xcc ./Project_Settings/Startup_Code/nvic.o
 .debug_macro   0x00047f8f       0xb3 ./Project_Settings/Startup_Code/nvic.o
 .debug_macro   0x00048042      0x1d0 ./Project_Settings/Startup_Code/nvic.o
 .debug_macro   0x00048212      0x56e ./Project_Settings/Startup_Code/nvic.o
 .debug_macro   0x00048780     0x1485 ./Project_Settings/Startup_Code/nvic.o
 .debug_macro   0x00049c05     0x3d73 ./Project_Settings/Startup_Code/nvic.o
 .debug_macro   0x0004d978      0x418 ./Project_Settings/Startup_Code/nvic.o
 .debug_macro   0x0004dd90      0x4ac ./Project_Settings/Startup_Code/nvic.o
 .debug_macro   0x0004e23c      0xf43 ./Project_Settings/Startup_Code/nvic.o
 .debug_macro   0x0004f17f     0x1b53 ./Project_Settings/Startup_Code/nvic.o
 .debug_macro   0x00050cd2      0xcd9 ./Project_Settings/Startup_Code/nvic.o
 .debug_macro   0x000519ab      0x392 ./Project_Settings/Startup_Code/nvic.o
 .debug_macro   0x00051d3d       0x2e ./Project_Settings/Startup_Code/nvic.o
 .debug_macro   0x00051d6b       0x6a ./Project_Settings/Startup_Code/startup.o
 .debug_macro   0x00051dd5      0x23e ./Project_Settings/Startup_Code/system.o
 .debug_macro   0x00052013       0x52 ./Project_Settings/Startup_Code/system.o
 .debug_macro   0x00052065       0x50 ./Project_Settings/Startup_Code/system.o
 .debug_macro   0x000520b5       0x50 ./Project_Settings/Startup_Code/system.o
 .debug_macro   0x00052105      0x15b ./src/main.o
 .debug_macro   0x00052260       0x58 ./src/main.o
 .debug_macro   0x000522b8       0x18 ./src/main.o
 .debug_macro   0x000522d0       0x35 ./src/main.o
 .debug_macro   0x00052305       0x34 ./src/main.o
 .debug_macro   0x00052339       0x16 ./src/main.o
 .debug_macro   0x0005234f       0x97 ./src/main.o
 .debug_macro   0x000523e6      0x356 ./src/main.o
 .debug_macro   0x0005273c       0xf6 ./src/main.o
 .debug_macro   0x00052832       0x10 ./src/main.o
 .debug_macro   0x00052842       0x16 ./src/main.o
 .debug_macro   0x00052858       0x43 ./src/main.o
 .debug_macro   0x0005289b       0x34 ./src/main.o
 .debug_macro   0x000528cf       0x10 ./src/main.o
 .debug_macro   0x000528df       0x52 ./src/main.o
 .debug_macro   0x00052931      0x182 ./src/main.o
 .debug_macro   0x00052ab3       0xbe ./src/main.o
 .debug_macro   0x00052b71       0x16 ./src/main.o
 .debug_macro   0x00052b87      0x129 ./src/main.o
 .debug_macro   0x00052cb0       0x22 ./src/main.o
 .debug_macro   0x00052cd2      0x15b ./src/uart.o

.debug_line     0x00000000     0x2591
 .debug_line    0x00000000      0x5e8 ./Project_Settings/Startup_Code/exceptions.o
 .debug_line    0x000005e8      0xa72 ./Project_Settings/Startup_Code/nvic.o
 .debug_line    0x0000105a      0x399 ./Project_Settings/Startup_Code/startup.o
 .debug_line    0x000013f3      0x15c ./Project_Settings/Startup_Code/startup_cm7.o
 .debug_line    0x0000154f      0x9af ./Project_Settings/Startup_Code/system.o
 .debug_line    0x00001efe      0x300 ./src/main.o
 .debug_line    0x000021fe      0x393 ./src/uart.o

.debug_str      0x00000000   0x2aae21
 .debug_str     0x00000000     0x7f76 ./Project_Settings/Startup_Code/exceptions.o
                               0x8117 (size before relaxing)
 .debug_str     0x00007f76   0x29f1ad ./Project_Settings/Startup_Code/nvic.o
                             0x2a721f (size before relaxing)
 .debug_str     0x002a7123      0x120 ./Project_Settings/Startup_Code/startup.o
                               0x508c (size before relaxing)
 .debug_str     0x002a7243       0x70 ./Project_Settings/Startup_Code/startup_cm7.o
 .debug_str     0x002a72b3      0x93e ./Project_Settings/Startup_Code/system.o
                              0x1aadc (size before relaxing)
 .debug_str     0x002a7bf1     0x320e ./src/main.o
                               0x6f00 (size before relaxing)
 .debug_str     0x002aadff       0x22 ./src/uart.o
                               0x6f23 (size before relaxing)

.debug_frame    0x00000000      0x240
 .debug_frame   0x00000000       0xb0 ./Project_Settings/Startup_Code/exceptions.o
 .debug_frame   0x000000b0       0x50 ./Project_Settings/Startup_Code/nvic.o
 .debug_frame   0x00000100       0x54 ./Project_Settings/Startup_Code/startup.o
 .debug_frame   0x00000154       0x70 ./Project_Settings/Startup_Code/system.o
 .debug_frame   0x000001c4       0x28 ./src/main.o
 .debug_frame   0x000001ec       0x54 ./src/uart.o

.debug_loc      0x00000000      0x7b9
 .debug_loc     0x00000000       0xb9 ./Project_Settings/Startup_Code/nvic.o
 .debug_loc     0x000000b9      0x3b7 ./Project_Settings/Startup_Code/startup.o
 .debug_loc     0x00000470      0x2cb ./Project_Settings/Startup_Code/system.o
 .debug_loc     0x0000073b       0x7e ./src/uart.o
